Archive member included to satisfy reference by file (symbol)

C:/MaximSDK/Libraries/PeriphDrivers/bin/MAX32665/softfp/libPeriphDriver_softfp.a(mxc_delay.o)
                              c:/Users/Vkarra/Documents/GitHub/MAX32666_UART_WakeUp/MAX32666_UART_Wakeup/UART_DeepSleep_WakeUp/build/startup_max32665.o (SysTick_Handler)
C:/MaximSDK/Libraries/PeriphDrivers/bin/MAX32665/softfp/libPeriphDriver_softfp.a(sys_me14.o)
                              c:/Users/Vkarra/Documents/GitHub/MAX32666_UART_WakeUp/MAX32666_UART_Wakeup/UART_DeepSleep_WakeUp/build/system_max32665.o (MXC_SYS_ClockEnable)
C:/MaximSDK/Libraries/PeriphDrivers/bin/MAX32665/softfp/libPeriphDriver_softfp.a(flc_me14.o)
                              C:/MaximSDK/Libraries/PeriphDrivers/bin/MAX32665/softfp/libPeriphDriver_softfp.a(sys_me14.o) (MXC_FLC_UnlockInfoBlock)
C:/MaximSDK/Libraries/PeriphDrivers/bin/MAX32665/softfp/libPeriphDriver_softfp.a(flc_reva.o)
                              C:/MaximSDK/Libraries/PeriphDrivers/bin/MAX32665/softfp/libPeriphDriver_softfp.a(flc_me14.o) (MXC_FLC_RevA_Busy)
C:/MaximSDK/Libraries/PeriphDrivers/bin/MAX32665/softfp/libPeriphDriver_softfp.a(gpio_me14.o)
                              c:/Users/Vkarra/Documents/GitHub/MAX32666_UART_WakeUp/MAX32666_UART_Wakeup/UART_DeepSleep_WakeUp/build/pb.o (MXC_GPIO_InGet)
C:/MaximSDK/Libraries/PeriphDrivers/bin/MAX32665/softfp/libPeriphDriver_softfp.a(gpio_reva.o)
                              C:/MaximSDK/Libraries/PeriphDrivers/bin/MAX32665/softfp/libPeriphDriver_softfp.a(gpio_me14.o) (MXC_GPIO_RevA_InGet)
C:/MaximSDK/Libraries/PeriphDrivers/bin/MAX32665/softfp/libPeriphDriver_softfp.a(tpu_me14.o)
                              C:/MaximSDK/Libraries/PeriphDrivers/bin/MAX32665/softfp/libPeriphDriver_softfp.a(sys_me14.o) (MXC_TPU_Cipher_Config)
C:/MaximSDK/Libraries/PeriphDrivers/bin/MAX32665/softfp/libPeriphDriver_softfp.a(tpu_reva.o)
                              C:/MaximSDK/Libraries/PeriphDrivers/bin/MAX32665/softfp/libPeriphDriver_softfp.a(tpu_me14.o) (MXC_TPU_RevA_Reset)
C:/MaximSDK/Libraries/PeriphDrivers/bin/MAX32665/softfp/libPeriphDriver_softfp.a(uart_me14.o)
                              c:/Users/Vkarra/Documents/GitHub/MAX32666_UART_WakeUp/MAX32666_UART_Wakeup/UART_DeepSleep_WakeUp/build/board.o (MXC_UART_Shutdown)
C:/MaximSDK/Libraries/PeriphDrivers/bin/MAX32665/softfp/libPeriphDriver_softfp.a(uart_reva.o)
                              C:/MaximSDK/Libraries/PeriphDrivers/bin/MAX32665/softfp/libPeriphDriver_softfp.a(uart_me14.o) (MXC_UART_RevA_Init)
C:/MaximSDK/Libraries/PeriphDrivers/bin/MAX32665/softfp/libPeriphDriver_softfp.a(nvic_table.o)
                              C:/MaximSDK/Libraries/PeriphDrivers/bin/MAX32665/softfp/libPeriphDriver_softfp.a(uart_reva.o) (MXC_NVIC_SetVector)
C:/MaximSDK/Libraries/PeriphDrivers/bin/MAX32665/softfp/libPeriphDriver_softfp.a(pins_me14.o)
                              C:/MaximSDK/Libraries/PeriphDrivers/bin/MAX32665/softfp/libPeriphDriver_softfp.a(uart_me14.o) (gpio_cfg_uart2b_flow)
C:/MaximSDK/Libraries/PeriphDrivers/bin/MAX32665/softfp/libPeriphDriver_softfp.a(dma_me14.o)
                              C:/MaximSDK/Libraries/PeriphDrivers/bin/MAX32665/softfp/libPeriphDriver_softfp.a(uart_reva.o) (MXC_DMA_Init)
C:/MaximSDK/Libraries/PeriphDrivers/bin/MAX32665/softfp/libPeriphDriver_softfp.a(dma_reva.o)
                              C:/MaximSDK/Libraries/PeriphDrivers/bin/MAX32665/softfp/libPeriphDriver_softfp.a(dma_me14.o) (MXC_DMA_RevA_Init)
C:/MaximSDK/Libraries/PeriphDrivers/bin/MAX32665/softfp/libPeriphDriver_softfp.a(flc_common.o)
                              C:/MaximSDK/Libraries/PeriphDrivers/bin/MAX32665/softfp/libPeriphDriver_softfp.a(flc_me14.o) (MXC_FLC_Com_VerifyData)
C:/MaximSDK/Libraries/PeriphDrivers/bin/MAX32665/softfp/libPeriphDriver_softfp.a(gpio_common.o)
                              C:/MaximSDK/Libraries/PeriphDrivers/bin/MAX32665/softfp/libPeriphDriver_softfp.a(gpio_me14.o) (MXC_GPIO_Common_Init)
C:/MaximSDK/Libraries/PeriphDrivers/bin/MAX32665/softfp/libPeriphDriver_softfp.a(uart_common.o)
                              C:/MaximSDK/Libraries/PeriphDrivers/bin/MAX32665/softfp/libPeriphDriver_softfp.a(uart_me14.o) (MXC_UART_Common_ReadCharacter)
C:/MaximSDK/Libraries/PeriphDrivers/bin/MAX32665/softfp/libPeriphDriver_softfp.a(mxc_lock.o)
                              C:/MaximSDK/Libraries/PeriphDrivers/bin/MAX32665/softfp/libPeriphDriver_softfp.a(dma_reva.o) (MXC_GetLock)
c:/maximsdk/tools/gnutools/10.3/bin/../lib/gcc/arm-none-eabi/10.3.1/../../../../arm-none-eabi/lib/thumb/v7e-m+fp/softfp\libc.a(lib_a-errno.o)
                              c:/Users/Vkarra/Documents/GitHub/MAX32666_UART_WakeUp/MAX32666_UART_Wakeup/UART_DeepSleep_WakeUp/build/stdio.o (__errno)
c:/maximsdk/tools/gnutools/10.3/bin/../lib/gcc/arm-none-eabi/10.3.1/../../../../arm-none-eabi/lib/thumb/v7e-m+fp/softfp\libc.a(lib_a-exit.o)
[...]
Memory Configuration

Name             Origin             Length             Attributes
SPIX             0x08000000         0x08000000         xr
FLASH            0x10000000         0x00100000         xr
PAL_NVM_DB       0x10100000         0x00000000         r
OTP              0x20000000         0x00000000         xrw
ARM_SHARED       0x20000000         0x00000000         xrw
SDMA_SHARED      0x20000000         0x00000000         xrw
SDMA_DATA        0x20000000         0x00000000         xrw
SDMA_CODE        0x20000000         0x00000000         xrw
SRAM             0x20000000         0x0008c000         xrw
SPID             0x80000000         0x20000000         rw
*default*        0x00000000         0xffffffff

Linker script and memory map

LOAD c:/maximsdk/tools/gnutools/10.3/bin/../lib/gcc/arm-none-eabi/10.3.1/thumb/v7e-m+fp/softfp/crti.o
LOAD c:/maximsdk/tools/gnutools/10.3/bin/../lib/gcc/arm-none-eabi/10.3.1/thumb/v7e-m+fp/softfp/crtbegin.o
LOAD c:/maximsdk/tools/gnutools/10.3/bin/../lib/gcc/arm-none-eabi/10.3.1/../../../../arm-none-eabi/lib/thumb/v7e-m+fp/softfp/crt0.o
LOAD c:/Users/Vkarra/Documents/GitHub/MAX32666_UART_WakeUp/MAX32666_UART_Wakeup/UART_DeepSleep_WakeUp/build/main.o
LOAD c:/Users/Vkarra/Documents/GitHub/MAX32666_UART_WakeUp/MAX32666_UART_Wakeup/UART_DeepSleep_WakeUp/build/board.o
LOAD c:/Users/Vkarra/Documents/GitHub/MAX32666_UART_WakeUp/MAX32666_UART_Wakeup/UART_DeepSleep_WakeUp/build/stdio.o
LOAD c:/Users/Vkarra/Documents/GitHub/MAX32666_UART_WakeUp/MAX32666_UART_Wakeup/UART_DeepSleep_WakeUp/build/led.o
LOAD c:/Users/Vkarra/Documents/GitHub/MAX32666_UART_WakeUp/MAX32666_UART_Wakeup/UART_DeepSleep_WakeUp/build/pb.o
LOAD c:/Users/Vkarra/Documents/GitHub/MAX32666_UART_WakeUp/MAX32666_UART_Wakeup/UART_DeepSleep_WakeUp/build/startup_max32665.o
LOAD c:/Users/Vkarra/Documents/GitHub/MAX32666_UART_WakeUp/MAX32666_UART_Wakeup/UART_DeepSleep_WakeUp/build/backup_max32665.o
LOAD c:/Users/Vkarra/Documents/GitHub/MAX32666_UART_WakeUp/MAX32666_UART_Wakeup/UART_DeepSleep_WakeUp/build/heap.o
LOAD c:/Users/Vkarra/Documents/GitHub/MAX32666_UART_WakeUp/MAX32666_UART_Wakeup/UART_DeepSleep_WakeUp/build/system_max32665.o
START GROUP
LOAD C:/MaximSDK/Libraries/PeriphDrivers/bin/MAX32665/softfp/libPeriphDriver_softfp.a
LOAD c:/maximsdk/tools/gnutools/10.3/bin/../lib/gcc/arm-none-eabi/10.3.1/../../../../arm-none-eabi/lib/thumb/v7e-m+fp/softfp\libc.a
LOAD c:/maximsdk/tools/gnutools/10.3/bin/../lib/gcc/arm-none-eabi/10.3.1/../../../../arm-none-eabi/lib/thumb/v7e-m+fp/softfp\libm.a
LOAD c:/maximsdk/tools/gnutools/10.3/bin/../lib/gcc/arm-none-eabi/10.3.1/../../../../arm-none-eabi/lib/thumb/v7e-m+fp/softfp\libnosys.a
END GROUP
START GROUP
LOAD c:/maximsdk/tools/gnutools/10.3/bin/../lib/gcc/arm-none-eabi/10.3.1/thumb/v7e-m+fp/softfp\libgcc.a
LOAD c:/maximsdk/tools/gnutools/10.3/bin/../lib/gcc/arm-none-eabi/10.3.1/../../../../arm-none-eabi/lib/thumb/v7e-m+fp/softfp\libc.a
END GROUP
LOAD c:/maximsdk/tools/gnutools/10.3/bin/../lib/gcc/arm-none-eabi/10.3.1/thumb/v7e-m+fp/softfp/crtend.o
LOAD c:/maximsdk/tools/gnutools/10.3/bin/../lib/gcc/arm-none-eabi/10.3.1/thumb/v7e-m+fp/softfp/crtn.o
                0x20000000                SRAM_ORIGIN = 0x20000000
                0x00000000                SDMA_CODE_LEN = DEFINED (SDMA_CODE_SIZE)?SDMA_CODE_SIZE:0x0
                0x00000000                SDMA_DATA_LEN = DEFINED (SDMA_DATA_SIZE)?SDMA_DATA_SIZE:0x0
                0x00000000                SDMA_LEN = (SDMA_CODE_LEN + SDMA_DATA_LEN)
                0x00000000                OTP_LEN = DEFINED (SDMA_CODE_SIZE)?0x40:0x0
                0x00000000                SHARED_LEN = DEFINED (SDMA_CODE_SIZE)?0x400:0x0
                0x00000000                SHARED_LEN_HALF = (SHARED_LEN / 0x2)
                0x20000000                OTP_ADDR = SRAM_ORIGIN
                0x20000000                SHARED_ADDR = (OTP_ADDR + OTP_LEN)
                0x20000000                SDMA_DATA_ADDR = (SHARED_ADDR + SHARED_LEN)
                0x20000000                SDMA_CODE_ADDR = (SDMA_DATA_ADDR + SDMA_DATA_LEN)
                0x20000000                SRAM_ADDR = (SDMA_CODE_ADDR + SDMA_CODE_LEN)
                0x0008c000                SRAM_LEN = (((SRAM_SIZE - OTP_LEN) - SHARED_LEN) - SDMA_LEN)
                0x00100000                FLASH_MEM_SIZE = (0x100000 - _PAL_NVM_SIZE)
                0x10100000                PAL_NVM_ORIGIN = ((0x100000 - _PAL_NVM_SIZE) + 0x10000000)

.text           0x10000000     0x8a7c
                0x10000000                _text = .
 *(.isr_vector)
 .isr_vector    0x10000000      0x1bc c:/Users/Vkarra/Documents/GitHub/MAX32666_UART_WakeUp/MAX32666_UART_Wakeup/UART_DeepSleep_WakeUp/build/startup_max32665.o
                0x10000000                __isr_vector
 *(.text*)
 .text          0x100001bc       0x40 c:/maximsdk/tools/gnutools/10.3/bin/../lib/gcc/arm-none-eabi/10.3.1/thumb/v7e-m+fp/softfp/crtbegin.o
 .text.read_echo_UART
                0x100001fc       0x18 c:/Users/Vkarra/Documents/GitHub/MAX32666_UART_WakeUp/MAX32666_UART_Wakeup/UART_DeepSleep_WakeUp/build/main.o
                0x100001fc                read_echo_UART
 .text.main     0x10000214       0x70 c:/Users/Vkarra/Documents/GitHub/MAX32666_UART_WakeUp/MAX32666_UART_Wakeup/UART_DeepSleep_WakeUp/build/main.o
                0x10000214                main
 .text.mxc_assert
                0x10000284       0x10 c:/Users/Vkarra/Documents/GitHub/MAX32666_UART_WakeUp/MAX32666_UART_Wakeup/UART_DeepSleep_WakeUp/build/board.o
                0x10000284                mxc_assert
 .text.GPIO1_IRQHandler
                0x10000294        0xa c:/Users/Vkarra/Documents/GitHub/MAX32666_UART_WakeUp/MAX32666_UART_Wakeup/UART_DeepSleep_WakeUp/build/board.o
                0x10000294                GPIO1_IRQHandler
 *fill*         0x1000029e        0x2 
 .text.Console_Init
                0x100002a0       0x18 c:/Users/Vkarra/Documents/GitHub/MAX32666_UART_WakeUp/MAX32666_UART_Wakeup/UART_DeepSleep_WakeUp/build/board.o
                0x100002a0                Console_Init
 .text.Board_Init
                0x100002b8       0x34 c:/Users/Vkarra/Documents/GitHub/MAX32666_UART_WakeUp/MAX32666_UART_Wakeup/UART_DeepSleep_WakeUp/build/board.o
                0x100002b8                Board_Init
 .text.NMI_Handler
                0x100002ec        0x4 c:/Users/Vkarra/Documents/GitHub/MAX32666_UART_WakeUp/MAX32666_UART_Wakeup/UART_DeepSleep_WakeUp/build/board.o
                0x100002ec                NMI_Handler
 .text._close   0x100002f0        0x6 c:/Users/Vkarra/Documents/GitHub/MAX32666_UART_WakeUp/MAX32666_UART_Wakeup/UART_DeepSleep_WakeUp/build/stdio.o
                0x100002f0                _close
 .text._isatty  0x100002f6        0x6 c:/Users/Vkarra/Documents/GitHub/MAX32666_UART_WakeUp/MAX32666_UART_Wakeup/UART_DeepSleep_WakeUp/build/stdio.o
                0x100002f6                _isatty
 .text._lseek   0x100002fc        0x6 c:/Users/Vkarra/Documents/GitHub/MAX32666_UART_WakeUp/MAX32666_UART_Wakeup/UART_DeepSleep_WakeUp/build/stdio.o
                0x100002fc                _lseek
 .text._fstat   0x10000302        0x6 c:/Users/Vkarra/Documents/GitHub/MAX32666_UART_WakeUp/MAX32666_UART_Wakeup/UART_DeepSleep_WakeUp/build/stdio.o
                0x10000302                _fstat
 .text._read    0x10000308       0x50 c:/Users/Vkarra/Documents/GitHub/MAX32666_UART_WakeUp/MAX32666_UART_Wakeup/UART_DeepSleep_WakeUp/build/stdio.o
                0x10000308                _read
 .text._write   0x10000358       0x44 c:/Users/Vkarra/Documents/GitHub/MAX32666_UART_WakeUp/MAX32666_UART_Wakeup/UART_DeepSleep_WakeUp/build/stdio.o
                0x10000358                _write
 .text.LED_Off  0x1000039c       0x44 c:/Users/Vkarra/Documents/GitHub/MAX32666_UART_WakeUp/MAX32666_UART_Wakeup/UART_DeepSleep_WakeUp/build/led.o
                0x1000039c                LED_Off
 .text.LED_Init
                0x100003e0       0x3c c:/Users/Vkarra/Documents/GitHub/MAX32666_UART_WakeUp/MAX32666_UART_Wakeup/UART_DeepSleep_WakeUp/build/led.o
                0x100003e0                LED_Init
 .text.PB_Init  0x1000041c       0x38 c:/Users/Vkarra/Documents/GitHub/MAX32666_UART_WakeUp/MAX32666_UART_Wakeup/UART_DeepSleep_WakeUp/build/pb.o
                0x1000041c                PB_Init
 .text          0x10000454      0x134 c:/Users/Vkarra/Documents/GitHub/MAX32666_UART_WakeUp/MAX32666_UART_Wakeup/UART_DeepSleep_WakeUp/build/startup_max32665.o
                0x10000454                Reset_Handler
                0x10000492                HardFault_Handler
                0x10000494                MemManage_Handler
                0x10000496                BusFault_Handler
                0x10000498                UsageFault_Handler
                0x1000049a                SVC_Handler
                0x1000049c                PendSV_Handler
                0x1000049e                Default_Handler
                0x100004a0                PF_IRQHandler
                0x100004a2                WDT0_IRQHandler
                0x100004a4                USB_IRQHandler
                0x100004a6                RTC_IRQHandler
                0x100004a8                TRNG_IRQHandler
                0x100004aa                TMR0_IRQHandler
                0x100004ac                TMR1_IRQHandler
                0x100004ae                TMR2_IRQHandler
                0x100004b0                TMR3_IRQHandler
                0x100004b2                TMR4_IRQHandler
                0x100004b4                TMR5_IRQHandler
                0x100004b6                RSV11_IRQHandler
                0x100004b8                RSV12_IRQHandler
                0x100004ba                I2C0_IRQHandler
                0x100004bc                UART0_IRQHandler
                0x100004be                UART1_IRQHandler
                0x100004c0                SPI1_IRQHandler
                0x100004c2                SPI2_IRQHandler
                0x100004c4                RSV18_IRQHandler
                0x100004c6                RSV19_IRQHandler
                0x100004c8                ADC_IRQHandler
                0x100004ca                RSV21_IRQHandler
                0x100004cc                RSV22_IRQHandler
                0x100004ce                FLC0_IRQHandler
                0x100004d0                GPIO0_IRQHandler
                0x100004d4                RSV26_IRQHandler
                0x100004d6                TPU_IRQHandler
                0x100004d8                DMA0_IRQHandler
                0x100004da                DMA1_IRQHandler
                0x100004dc                DMA2_IRQHandler
                0x100004de                DMA3_IRQHandler
                0x100004e0                RSV32_IRQHandler
                0x100004e2                RSV33_IRQHandler
                0x100004e4                UART2_IRQHandler
                0x100004e6                RSV35_IRQHandler
                0x100004e8                I2C1_IRQHandler
                0x100004ea                RSV37_IRQHandler
                0x100004ec                SPIXFC_IRQHandler
                0x100004ee                BTLE_TX_DONE_IRQHandler
                0x100004f0                BTLE_RX_RCVD_IRQHandler
                0x100004f2                BTLE_RX_ENG_DET_IRQHandler
                0x100004f4                BTLE_SFD_DET_IRQHandler
                0x100004f6                BTLE_SFD_TO_IRQHandler
                0x100004f8                BTLE_GP_EVENT_IRQHandler
                0x100004fa                BTLE_CFO_IRQHandler
                0x100004fc                BTLE_SIG_DET_IRQHandler
                0x100004fe                BTLE_AGC_EVENT_IRQHandler
                0x10000500                BTLE_RFFE_SPIM_IRQHandler
                0x10000502                BTLE_TX_AES_IRQHandler
                0x10000504                BTLE_RX_AES_IRQHandler
                0x10000506                BTLE_INV_APB_ADDR_IRQHandler
                0x10000508                BTLE_IQ_DATA_VALID_IRQHandler
                0x1000050a                WUT_IRQHandler
                0x1000050c                GPIOWAKE_IRQHandler
                0x1000050e                RSV55_IRQHandler
                0x10000510                SPI0_IRQHandler
                0x10000512                WDT1_IRQHandler
                0x10000514                RSV58_IRQHandler
                0x10000516                PT_IRQHandler
                0x10000518                SDMA0_IRQHandler
                0x1000051a                RSV61_IRQHandler
                0x1000051c                I2C2_IRQHandler
                0x1000051e                RSV63_IRQHandler
                0x10000520                RSV64_IRQHandler
                0x10000522                RSV65_IRQHandler
                0x10000524                SDHC_IRQHandler
                0x10000526                OWM_IRQHandler
                0x10000528                DMA4_IRQHandler
                0x1000052a                DMA5_IRQHandler
                0x1000052c                DMA6_IRQHandler
                0x1000052e                DMA7_IRQHandler
                0x10000530                DMA8_IRQHandler
                0x10000532                DMA9_IRQHandler
                0x10000534                DMA10_IRQHandler
                0x10000536                DMA11_IRQHandler
                0x10000538                DMA12_IRQHandler
                0x1000053a                DMA13_IRQHandler
                0x1000053c                DMA14_IRQHandler
                0x1000053e                DMA15_IRQHandler
                0x10000540                USBDMA_IRQHandler
                0x10000542                WDT2_IRQHandler
                0x10000544                ECC_IRQHandler
                0x10000546                DVS_IRQHandler
                0x10000548                SIMO_IRQHandler
                0x1000054a                SCA_IRQHandler
                0x1000054c                AUDIO_IRQHandler
                0x1000054e                FLC1_IRQHandler
                0x10000550                RSV88_IRQHandler
                0x10000552                RSV89_IRQHandler
                0x10000554                RSV90_IRQHandler
                0x10000556                RSV91_IRQHandler
                0x10000558                RSV92_IRQHandler
                0x1000055a                HTMR0_IRQHandler
                0x1000055c                HTMR1_IRQHandler
 .text._sbrk    0x10000588       0x40 c:/Users/Vkarra/Documents/GitHub/MAX32666_UART_WakeUp/MAX32666_UART_Wakeup/UART_DeepSleep_WakeUp/build/heap.o
                0x10000588                _sbrk
 .text._getpid  0x100005c8        0x6 c:/Users/Vkarra/Documents/GitHub/MAX32666_UART_WakeUp/MAX32666_UART_Wakeup/UART_DeepSleep_WakeUp/build/system_max32665.o
                0x100005c8                _getpid
 .text._kill    0x100005ce        0x6 c:/Users/Vkarra/Documents/GitHub/MAX32666_UART_WakeUp/MAX32666_UART_Wakeup/UART_DeepSleep_WakeUp/build/system_max32665.o
                0x100005ce                _kill
 .text.SystemCoreClockUpdate
                0x100005d4       0x6c c:/Users/Vkarra/Documents/GitHub/MAX32666_UART_WakeUp/MAX32666_UART_Wakeup/UART_DeepSleep_WakeUp/build/system_max32665.o
                0x100005d4                SystemCoreClockUpdate
 .text.PreInit  0x10000640       0x60 c:/Users/Vkarra/Documents/GitHub/MAX32666_UART_WakeUp/MAX32666_UART_Wakeup/UART_DeepSleep_WakeUp/build/system_max32665.o
                0x10000640                PreInit
 .text.PalSysInit
                0x100006a0        0x2 c:/Users/Vkarra/Documents/GitHub/MAX32666_UART_WakeUp/MAX32666_UART_Wakeup/UART_DeepSleep_WakeUp/build/system_max32665.o
                0x100006a0                PalSysInit
 *fill*         0x100006a2        0x2 
 .text.SystemInit
                0x100006a4      0x110 c:/Users/Vkarra/Documents/GitHub/MAX32666_UART_WakeUp/MAX32666_UART_Wakeup/UART_DeepSleep_WakeUp/build/system_max32665.o
                0x100006a4                SystemInit
 .text.MXC_DelayInit
                0x100007b4       0x84 C:/MaximSDK/Libraries/PeriphDrivers/bin/MAX32665/softfp/libPeriphDriver_softfp.a(mxc_delay.o)
 .text.MXC_DelayAsync
                0x10000838       0x44 C:/MaximSDK/Libraries/PeriphDrivers/bin/MAX32665/softfp/libPeriphDriver_softfp.a(mxc_delay.o)
                0x10000838                MXC_DelayAsync
 .text.MXC_DelayAbort
                0x1000087c       0x34 C:/MaximSDK/Libraries/PeriphDrivers/bin/MAX32665/softfp/libPeriphDriver_softfp.a(mxc_delay.o)
                0x1000087c                MXC_DelayAbort
 .text.MXC_DelayHandler
                0x100008b0       0x40 C:/MaximSDK/Libraries/PeriphDrivers/bin/MAX32665/softfp/libPeriphDriver_softfp.a(mxc_delay.o)
                0x100008b0                MXC_DelayHandler
 .text.SysTick_Handler
                0x100008f0        0x8 C:/MaximSDK/Libraries/PeriphDrivers/bin/MAX32665/softfp/libPeriphDriver_softfp.a(mxc_delay.o)
                0x100008f0                SysTick_Handler
 .text.MXC_DelayCheck
                0x100008f8       0x64 C:/MaximSDK/Libraries/PeriphDrivers/bin/MAX32665/softfp/libPeriphDriver_softfp.a(mxc_delay.o)
                0x100008f8                MXC_DelayCheck
 .text.MXC_SYS_ClockDisable
                0x1000095c       0x2c C:/MaximSDK/Libraries/PeriphDrivers/bin/MAX32665/softfp/libPeriphDriver_softfp.a(sys_me14.o)
                0x1000095c                MXC_SYS_ClockDisable
 .text.MXC_SYS_ClockEnable
                0x10000988       0x30 C:/MaximSDK/Libraries/PeriphDrivers/bin/MAX32665/softfp/libPeriphDriver_softfp.a(sys_me14.o)
                0x10000988                MXC_SYS_ClockEnable
 .text.MXC_SYS_Clock_Timeout
                0x100009b8       0x30 C:/MaximSDK/Libraries/PeriphDrivers/bin/MAX32665/softfp/libPeriphDriver_softfp.a(sys_me14.o)
                0x100009b8                MXC_SYS_Clock_Timeout
 .text.MXC_SYS_Clock_Select
                0x100009e8      0x18c C:/MaximSDK/Libraries/PeriphDrivers/bin/MAX32665/softfp/libPeriphDriver_softfp.a(sys_me14.o)
                0x100009e8                MXC_SYS_Clock_Select
 .text.MXC_SYS_Reset_Periph
                0x10000b74       0x38 C:/MaximSDK/Libraries/PeriphDrivers/bin/MAX32665/softfp/libPeriphDriver_softfp.a(sys_me14.o)
                0x10000b74                MXC_SYS_Reset_Periph
 .text.MXC_GPIO_OutSet
                0x10000bac        0x8 C:/MaximSDK/Libraries/PeriphDrivers/bin/MAX32665/softfp/libPeriphDriver_softfp.a(gpio_me14.o)
                0x10000bac                MXC_GPIO_OutSet
 .text.MXC_GPIO_Handler
                0x10000bb4        0x8 C:/MaximSDK/Libraries/PeriphDrivers/bin/MAX32665/softfp/libPeriphDriver_softfp.a(gpio_me14.o)
                0x10000bb4                MXC_GPIO_Handler
 .text.MXC_GPIO_ClearFlags
                0x10000bbc        0x8 C:/MaximSDK/Libraries/PeriphDrivers/bin/MAX32665/softfp/libPeriphDriver_softfp.a(gpio_me14.o)
                0x10000bbc                MXC_GPIO_ClearFlags
 .text.MXC_GPIO_GetFlags
                0x10000bc4        0x8 C:/MaximSDK/Libraries/PeriphDrivers/bin/MAX32665/softfp/libPeriphDriver_softfp.a(gpio_me14.o)
                0x10000bc4                MXC_GPIO_GetFlags
 .text.MXC_GPIO_SetVSSEL
                0x10000bcc        0x8 C:/MaximSDK/Libraries/PeriphDrivers/bin/MAX32665/softfp/libPeriphDriver_softfp.a(gpio_me14.o)
                0x10000bcc                MXC_GPIO_SetVSSEL
 .text.MXC_GPIO_Config
                0x10000bd4       0xd2 C:/MaximSDK/Libraries/PeriphDrivers/bin/MAX32665/softfp/libPeriphDriver_softfp.a(gpio_me14.o)
                0x10000bd4                MXC_GPIO_Config
 .text.MXC_GPIO_RevA_OutSet
                0x10000ca6        0x4 C:/MaximSDK/Libraries/PeriphDrivers/bin/MAX32665/softfp/libPeriphDriver_softfp.a(gpio_reva.o)
                0x10000ca6                MXC_GPIO_RevA_OutSet
 .text.MXC_GPIO_RevA_ClearFlags
                0x10000caa        0x4 C:/MaximSDK/Libraries/PeriphDrivers/bin/MAX32665/softfp/libPeriphDriver_softfp.a(gpio_reva.o)
                0x10000caa                MXC_GPIO_RevA_ClearFlags
 .text.MXC_GPIO_RevA_GetFlags
                0x10000cae        0x4 C:/MaximSDK/Libraries/PeriphDrivers/bin/MAX32665/softfp/libPeriphDriver_softfp.a(gpio_reva.o)
                0x10000cae                MXC_GPIO_RevA_GetFlags
 .text.MXC_GPIO_RevA_SetVSSEL
                0x10000cb2       0x2a C:/MaximSDK/Libraries/PeriphDrivers/bin/MAX32665/softfp/libPeriphDriver_softfp.a(gpio_reva.o)
                0x10000cb2                MXC_GPIO_RevA_SetVSSEL
 .text.MXC_GPIO_RevA_SetAF
                0x10000cdc       0x74 C:/MaximSDK/Libraries/PeriphDrivers/bin/MAX32665/softfp/libPeriphDriver_softfp.a(gpio_reva.o)
                0x10000cdc                MXC_GPIO_RevA_SetAF
 .text.MXC_UART_Shutdown
                0x10000d50       0x50 C:/MaximSDK/Libraries/PeriphDrivers/bin/MAX32665/softfp/libPeriphDriver_softfp.a(uart_me14.o)
                0x10000d50                MXC_UART_Shutdown
 .text.MXC_UART_Init
                0x10000da0       0x98 C:/MaximSDK/Libraries/PeriphDrivers/bin/MAX32665/softfp/libPeriphDriver_softfp.a(uart_me14.o)
                0x10000da0                MXC_UART_Init
 .text.MXC_UART_SetFrequency
                0x10000e38        0x8 C:/MaximSDK/Libraries/PeriphDrivers/bin/MAX32665/softfp/libPeriphDriver_softfp.a(uart_me14.o)
                0x10000e38                MXC_UART_SetFrequency
 .text.MXC_UART_GetFrequency
                0x10000e40        0x8 C:/MaximSDK/Libraries/PeriphDrivers/bin/MAX32665/softfp/libPeriphDriver_softfp.a(uart_me14.o)
                0x10000e40                MXC_UART_GetFrequency
 .text.MXC_UART_SetDataSize
                0x10000e48        0x8 C:/MaximSDK/Libraries/PeriphDrivers/bin/MAX32665/softfp/libPeriphDriver_softfp.a(uart_me14.o)
                0x10000e48                MXC_UART_SetDataSize
 .text.MXC_UART_SetStopBits
                0x10000e50        0x8 C:/MaximSDK/Libraries/PeriphDrivers/bin/MAX32665/softfp/libPeriphDriver_softfp.a(uart_me14.o)
                0x10000e50                MXC_UART_SetStopBits
 .text.MXC_UART_SetParity
                0x10000e58        0x8 C:/MaximSDK/Libraries/PeriphDrivers/bin/MAX32665/softfp/libPeriphDriver_softfp.a(uart_me14.o)
                0x10000e58                MXC_UART_SetParity
 .text.MXC_UART_ReadCharacterRaw
                0x10000e60        0x8 C:/MaximSDK/Libraries/PeriphDrivers/bin/MAX32665/softfp/libPeriphDriver_softfp.a(uart_me14.o)
                0x10000e60                MXC_UART_ReadCharacterRaw
 .text.MXC_UART_WriteCharacterRaw
                0x10000e68        0x8 C:/MaximSDK/Libraries/PeriphDrivers/bin/MAX32665/softfp/libPeriphDriver_softfp.a(uart_me14.o)
                0x10000e68                MXC_UART_WriteCharacterRaw
 .text.MXC_UART_ReadCharacter
                0x10000e70        0x8 C:/MaximSDK/Libraries/PeriphDrivers/bin/MAX32665/softfp/libPeriphDriver_softfp.a(uart_me14.o)
                0x10000e70                MXC_UART_ReadCharacter
 .text.MXC_UART_WriteCharacter
                0x10000e78        0x8 C:/MaximSDK/Libraries/PeriphDrivers/bin/MAX32665/softfp/libPeriphDriver_softfp.a(uart_me14.o)
                0x10000e78                MXC_UART_WriteCharacter
 .text.MXC_UART_GetRXFIFOAvailable
                0x10000e80        0x8 C:/MaximSDK/Libraries/PeriphDrivers/bin/MAX32665/softfp/libPeriphDriver_softfp.a(uart_me14.o)
                0x10000e80                MXC_UART_GetRXFIFOAvailable
 .text.MXC_UART_GetTXFIFOAvailable
                0x10000e88        0x8 C:/MaximSDK/Libraries/PeriphDrivers/bin/MAX32665/softfp/libPeriphDriver_softfp.a(uart_me14.o)
                0x10000e88                MXC_UART_GetTXFIFOAvailable
 .text.MXC_UART_SetRXThreshold
                0x10000e90        0x8 C:/MaximSDK/Libraries/PeriphDrivers/bin/MAX32665/softfp/libPeriphDriver_softfp.a(uart_me14.o)
                0x10000e90                MXC_UART_SetRXThreshold
 .text.MXC_UART_SetTXThreshold
                0x10000e98        0x8 C:/MaximSDK/Libraries/PeriphDrivers/bin/MAX32665/softfp/libPeriphDriver_softfp.a(uart_me14.o)
                0x10000e98                MXC_UART_SetTXThreshold
 .text.MXC_UART_RevA_Init
                0x10000ea0       0xd4 C:/MaximSDK/Libraries/PeriphDrivers/bin/MAX32665/softfp/libPeriphDriver_softfp.a(uart_reva.o)
                0x10000ea0                MXC_UART_RevA_Init
 .text.MXC_UART_RevA_SetFrequency
                0x10000f74      0x108 C:/MaximSDK/Libraries/PeriphDrivers/bin/MAX32665/softfp/libPeriphDriver_softfp.a(uart_reva.o)
                0x10000f74                MXC_UART_RevA_SetFrequency
 .text.MXC_UART_RevA_GetFrequency
                0x1000107c       0xb4 C:/MaximSDK/Libraries/PeriphDrivers/bin/MAX32665/softfp/libPeriphDriver_softfp.a(uart_reva.o)
                0x1000107c                MXC_UART_RevA_GetFrequency
 .text.MXC_UART_RevA_SetDataSize
                0x10001130       0x20 C:/MaximSDK/Libraries/PeriphDrivers/bin/MAX32665/softfp/libPeriphDriver_softfp.a(uart_reva.o)
                0x10001130                MXC_UART_RevA_SetDataSize
 .text.MXC_UART_RevA_SetStopBits
                0x10001150       0x24 C:/MaximSDK/Libraries/PeriphDrivers/bin/MAX32665/softfp/libPeriphDriver_softfp.a(uart_reva.o)
                0x10001150                MXC_UART_RevA_SetStopBits
 .text.MXC_UART_RevA_SetParity
                0x10001174      0x11a C:/MaximSDK/Libraries/PeriphDrivers/bin/MAX32665/softfp/libPeriphDriver_softfp.a(uart_reva.o)
                0x10001174                MXC_UART_RevA_SetParity
 .text.MXC_UART_RevA_ReadCharacterRaw
                0x1000128e       0x12 C:/MaximSDK/Libraries/PeriphDrivers/bin/MAX32665/softfp/libPeriphDriver_softfp.a(uart_reva.o)
                0x1000128e                MXC_UART_RevA_ReadCharacterRaw
 .text.MXC_UART_RevA_WriteCharacterRaw
                0x100012a0       0x14 C:/MaximSDK/Libraries/PeriphDrivers/bin/MAX32665/softfp/libPeriphDriver_softfp.a(uart_reva.o)
                0x100012a0                MXC_UART_RevA_WriteCharacterRaw
 .text.MXC_UART_RevA_GetRXFIFOAvailable
                0x100012b4        0x8 C:/MaximSDK/Libraries/PeriphDrivers/bin/MAX32665/softfp/libPeriphDriver_softfp.a(uart_reva.o)
                0x100012b4                MXC_UART_RevA_GetRXFIFOAvailable
 .text.MXC_UART_RevA_GetTXFIFOAvailable
                0x100012bc        0xc C:/MaximSDK/Libraries/PeriphDrivers/bin/MAX32665/softfp/libPeriphDriver_softfp.a(uart_reva.o)
                0x100012bc                MXC_UART_RevA_GetTXFIFOAvailable
 .text.MXC_UART_RevA_SetRXThreshold
                0x100012c8       0x1e C:/MaximSDK/Libraries/PeriphDrivers/bin/MAX32665/softfp/libPeriphDriver_softfp.a(uart_reva.o)
                0x100012c8                MXC_UART_RevA_SetRXThreshold
 .text.MXC_UART_RevA_SetTXThreshold
                0x100012e6       0x20 C:/MaximSDK/Libraries/PeriphDrivers/bin/MAX32665/softfp/libPeriphDriver_softfp.a(uart_reva.o)
                0x100012e6                MXC_UART_RevA_SetTXThreshold
 *fill*         0x10001306        0x2 
 .text.MXC_GPIO_Common_Handler
                0x10001308       0x78 C:/MaximSDK/Libraries/PeriphDrivers/bin/MAX32665/softfp/libPeriphDriver_softfp.a(gpio_common.o)
                0x10001308                MXC_GPIO_Common_Handler
 .text.MXC_UART_Common_ReadCharacter
                0x10001380       0x16 C:/MaximSDK/Libraries/PeriphDrivers/bin/MAX32665/softfp/libPeriphDriver_softfp.a(uart_common.o)
                0x10001380                MXC_UART_Common_ReadCharacter
 .text.MXC_UART_Common_WriteCharacter
                0x10001396       0x1a C:/MaximSDK/Libraries/PeriphDrivers/bin/MAX32665/softfp/libPeriphDriver_softfp.a(uart_common.o)
                0x10001396                MXC_UART_Common_WriteCharacter
 .text.__errno  0x100013b0        0xc c:/maximsdk/tools/gnutools/10.3/bin/../lib/gcc/arm-none-eabi/10.3.1/../../../../arm-none-eabi/lib/thumb/v7e-m+fp/softfp\libc.a(lib_a-errno.o)
                0x100013b0                __errno
 .text.__libc_init_array
                0x100013bc       0x48 c:/maximsdk/tools/gnutools/10.3/bin/../lib/gcc/arm-none-eabi/10.3.1/../../../../arm-none-eabi/lib/thumb/v7e-m+fp/softfp\libc.a(lib_a-init.o)
                0x100013bc                __libc_init_array
 .text          0x10001404      0x134 c:/maximsdk/tools/gnutools/10.3/bin/../lib/gcc/arm-none-eabi/10.3.1/../../../../arm-none-eabi/lib/thumb/v7e-m+fp/softfp\libc.a(lib_a-memcpy.o)
                0x10001404                memcpy
 .text.memset   0x10001538       0xa4 c:/maximsdk/tools/gnutools/10.3/bin/../lib/gcc/arm-none-eabi/10.3.1/../../../../arm-none-eabi/lib/thumb/v7e-m+fp/softfp\libc.a(lib_a-memset.o)
                0x10001538                memset
 .text.printf   0x100015dc       0x28 c:/maximsdk/tools/gnutools/10.3/bin/../lib/gcc/arm-none-eabi/10.3.1/../../../../arm-none-eabi/lib/thumb/v7e-m+fp/softfp\libc.a(lib_a-printf.o)
                0x100015dc                printf
 .text._puts_r  0x10001604       0x9c c:/maximsdk/tools/gnutools/10.3/bin/../lib/gcc/arm-none-eabi/10.3.1/../../../../arm-none-eabi/lib/thumb/v7e-m+fp/softfp\libc.a(lib_a-puts.o)
                0x10001604                _puts_r
 .text.puts     0x100016a0       0x10 c:/maximsdk/tools/gnutools/10.3/bin/../lib/gcc/arm-none-eabi/10.3.1/../../../../arm-none-eabi/lib/thumb/v7e-m+fp/softfp\libc.a(lib_a-puts.o)
                0x100016a0                puts
 *fill*         0x100016b0       0x10 
 .text          0x100016c0       0xdc c:/maximsdk/tools/gnutools/10.3/bin/../lib/gcc/arm-none-eabi/10.3.1/../../../../arm-none-eabi/lib/thumb/v7e-m+fp/softfp\libc.a(lib_a-strlen.o)
                0x100016c0                strlen
 *fill*         0x1000179c        0x4 
 .text._vfprintf_r
                0x100017a0     0x1b8c c:/maximsdk/tools/gnutools/10.3/bin/../lib/gcc/arm-none-eabi/10.3.1/../../../../arm-none-eabi/lib/thumb/v7e-m+fp/softfp\libc.a(lib_a-vfprintf.o)
                0x100017a0                _vfprintf_r
 .text.__sbprintf
                0x1000332c       0x80 c:/maximsdk/tools/gnutools/10.3/bin/../lib/gcc/arm-none-eabi/10.3.1/../../../../arm-none-eabi/lib/thumb/v7e-m+fp/softfp\libc.a(lib_a-vfprintf.o)
 .text.__swsetup_r
                0x100033ac       0xd4 c:/maximsdk/tools/gnutools/10.3/bin/../lib/gcc/arm-none-eabi/10.3.1/../../../../arm-none-eabi/lib/thumb/v7e-m+fp/softfp\libc.a(lib_a-wsetup.o)
                0x100033ac                __swsetup_r
 .text.startup.register_fini
                0x10003480       0x14 c:/maximsdk/tools/gnutools/10.3/bin/../lib/gcc/arm-none-eabi/10.3.1/../../../../arm-none-eabi/lib/thumb/v7e-m+fp/softfp\libc.a(lib_a-__call_atexit.o)
 .text.atexit   0x10003494        0xc c:/maximsdk/tools/gnutools/10.3/bin/../lib/gcc/arm-none-eabi/10.3.1/../../../../arm-none-eabi/lib/thumb/v7e-m+fp/softfp\libc.a(lib_a-atexit.o)
                0x10003494                atexit
 .text.quorem   0x100034a0      0x128 c:/maximsdk/tools/gnutools/10.3/bin/../lib/gcc/arm-none-eabi/10.3.1/../../../../arm-none-eabi/lib/thumb/v7e-m+fp/softfp\libc.a(lib_a-dtoa.o)
 .text._dtoa_r  0x100035c8      0xf34 c:/maximsdk/tools/gnutools/10.3/bin/../lib/gcc/arm-none-eabi/10.3.1/../../../../arm-none-eabi/lib/thumb/v7e-m+fp/softfp\libc.a(lib_a-dtoa.o)
                0x100035c8                _dtoa_r
 .text.__sflush_r
                0x100044fc      0x130 c:/maximsdk/tools/gnutools/10.3/bin/../lib/gcc/arm-none-eabi/10.3.1/../../../../arm-none-eabi/lib/thumb/v7e-m+fp/softfp\libc.a(lib_a-fflush.o)
                0x100044fc                __sflush_r
 .text._fflush_r
                0x1000462c       0x5c c:/maximsdk/tools/gnutools/10.3/bin/../lib/gcc/arm-none-eabi/10.3.1/../../../../arm-none-eabi/lib/thumb/v7e-m+fp/softfp\libc.a(lib_a-fflush.o)
                0x1000462c                _fflush_r
 .text._cleanup_r
                0x10004688        0xc c:/maximsdk/tools/gnutools/10.3/bin/../lib/gcc/arm-none-eabi/10.3.1/../../../../arm-none-eabi/lib/thumb/v7e-m+fp/softfp\libc.a(lib_a-findfp.o)
                0x10004688                _cleanup_r
 .text.__sinit  0x10004694      0x10c c:/maximsdk/tools/gnutools/10.3/bin/../lib/gcc/arm-none-eabi/10.3.1/../../../../arm-none-eabi/lib/thumb/v7e-m+fp/softfp\libc.a(lib_a-findfp.o)
                0x10004694                __sinit
 .text.__sfp_lock_acquire
                0x100047a0        0xc c:/maximsdk/tools/gnutools/10.3/bin/../lib/gcc/arm-none-eabi/10.3.1/../../../../arm-none-eabi/lib/thumb/v7e-m+fp/softfp\libc.a(lib_a-findfp.o)
                0x100047a0                __sfp_lock_acquire
 .text.__sfp_lock_release
                0x100047ac        0xc c:/maximsdk/tools/gnutools/10.3/bin/../lib/gcc/arm-none-eabi/10.3.1/../../../../arm-none-eabi/lib/thumb/v7e-m+fp/softfp\libc.a(lib_a-findfp.o)
                0x100047ac                __sfp_lock_release
 .text.__libc_fini_array
                0x100047b8       0x2c c:/maximsdk/tools/gnutools/10.3/bin/../lib/gcc/arm-none-eabi/10.3.1/../../../../arm-none-eabi/lib/thumb/v7e-m+fp/softfp\libc.a(lib_a-fini.o)
                0x100047b8                __libc_fini_array
 .text._malloc_trim_r
                0x100047e4       0xa0 c:/maximsdk/tools/gnutools/10.3/bin/../lib/gcc/arm-none-eabi/10.3.1/../../../../arm-none-eabi/lib/thumb/v7e-m+fp/softfp\libc.a(lib_a-freer.o)
                0x100047e4                _malloc_trim_r
 .text._free_r  0x10004884      0x20c c:/maximsdk/tools/gnutools/10.3/bin/../lib/gcc/arm-none-eabi/10.3.1/../../../../arm-none-eabi/lib/thumb/v7e-m+fp/softfp\libc.a(lib_a-freer.o)
                0x10004884                _free_r
 .text.__sfvwrite_r
                0x10004a90      0x2f0 c:/maximsdk/tools/gnutools/10.3/bin/../lib/gcc/arm-none-eabi/10.3.1/../../../../arm-none-eabi/lib/thumb/v7e-m+fp/softfp\libc.a(lib_a-fvwrite.o)
                0x10004a90                __sfvwrite_r
 .text._fwalk_reent
                0x10004d80       0x48 c:/maximsdk/tools/gnutools/10.3/bin/../lib/gcc/arm-none-eabi/10.3.1/../../../../arm-none-eabi/lib/thumb/v7e-m+fp/softfp\libc.a(lib_a-fwalk.o)
                0x10004d80                _fwalk_reent
 .text._localeconv_r
                0x10004dc8        0x8 c:/maximsdk/tools/gnutools/10.3/bin/../lib/gcc/arm-none-eabi/10.3.1/../../../../arm-none-eabi/lib/thumb/v7e-m+fp/softfp\libc.a(lib_a-localeconv.o)
                0x10004dc8                _localeconv_r
 .text.__retarget_lock_init_recursive
                0x10004dd0        0x4 c:/maximsdk/tools/gnutools/10.3/bin/../lib/gcc/arm-none-eabi/10.3.1/../../../../arm-none-eabi/lib/thumb/v7e-m+fp/softfp\libc.a(lib_a-lock.o)
                0x10004dd0                __retarget_lock_init_recursive
 .text.__retarget_lock_close_recursive
                0x10004dd4        0x4 c:/maximsdk/tools/gnutools/10.3/bin/../lib/gcc/arm-none-eabi/10.3.1/../../../../arm-none-eabi/lib/thumb/v7e-m+fp/softfp\libc.a(lib_a-lock.o)
                0x10004dd4                __retarget_lock_close_recursive
 .text.__retarget_lock_acquire_recursive
                0x10004dd8        0x4 c:/maximsdk/tools/gnutools/10.3/bin/../lib/gcc/arm-none-eabi/10.3.1/../../../../arm-none-eabi/lib/thumb/v7e-m+fp/softfp\libc.a(lib_a-lock.o)
                0x10004dd8                __retarget_lock_acquire_recursive
 .text.__retarget_lock_release_recursive
                0x10004ddc        0x4 c:/maximsdk/tools/gnutools/10.3/bin/../lib/gcc/arm-none-eabi/10.3.1/../../../../arm-none-eabi/lib/thumb/v7e-m+fp/softfp\libc.a(lib_a-lock.o)
                0x10004ddc                __retarget_lock_release_recursive
 .text.__smakebuf_r
                0x10004de0       0xe0 c:/maximsdk/tools/gnutools/10.3/bin/../lib/gcc/arm-none-eabi/10.3.1/../../../../arm-none-eabi/lib/thumb/v7e-m+fp/softfp\libc.a(lib_a-makebuf.o)
                0x10004de0                __smakebuf_r
 .text._malloc_r
                0x10004ec0      0x560 c:/maximsdk/tools/gnutools/10.3/bin/../lib/gcc/arm-none-eabi/10.3.1/../../../../arm-none-eabi/lib/thumb/v7e-m+fp/softfp\libc.a(lib_a-mallocr.o)
                0x10004ec0                _malloc_r
 .text          0x10005420       0xa0 c:/maximsdk/tools/gnutools/10.3/bin/../lib/gcc/arm-none-eabi/10.3.1/../../../../arm-none-eabi/lib/thumb/v7e-m+fp/softfp\libc.a(lib_a-memchr.o)
                0x10005420                memchr
 .text.memmove  0x100054c0       0xf8 c:/maximsdk/tools/gnutools/10.3/bin/../lib/gcc/arm-none-eabi/10.3.1/../../../../arm-none-eabi/lib/thumb/v7e-m+fp/softfp\libc.a(lib_a-memmove.o)
                0x100054c0                memmove
 .text.__malloc_lock
                0x100055b8        0xc c:/maximsdk/tools/gnutools/10.3/bin/../lib/gcc/arm-none-eabi/10.3.1/../../../../arm-none-eabi/lib/thumb/v7e-m+fp/softfp\libc.a(lib_a-mlock.o)
                0x100055b8                __malloc_lock
 .text.__malloc_unlock
                0x100055c4        0xc c:/maximsdk/tools/gnutools/10.3/bin/../lib/gcc/arm-none-eabi/10.3.1/../../../../arm-none-eabi/lib/thumb/v7e-m+fp/softfp\libc.a(lib_a-mlock.o)
                0x100055c4                __malloc_unlock
 .text._Balloc  0x100055d0       0x4c c:/maximsdk/tools/gnutools/10.3/bin/../lib/gcc/arm-none-eabi/10.3.1/../../../../arm-none-eabi/lib/thumb/v7e-m+fp/softfp\libc.a(lib_a-mprec.o)
                0x100055d0                _Balloc
 .text._Bfree   0x1000561c       0x14 c:/maximsdk/tools/gnutools/10.3/bin/../lib/gcc/arm-none-eabi/10.3.1/../../../../arm-none-eabi/lib/thumb/v7e-m+fp/softfp\libc.a(lib_a-mprec.o)
                0x1000561c                _Bfree
 .text.__multadd
                0x10005630       0xa8 c:/maximsdk/tools/gnutools/10.3/bin/../lib/gcc/arm-none-eabi/10.3.1/../../../../arm-none-eabi/lib/thumb/v7e-m+fp/softfp\libc.a(lib_a-mprec.o)
                0x10005630                __multadd
 .text.__hi0bits
                0x100056d8       0x40 c:/maximsdk/tools/gnutools/10.3/bin/../lib/gcc/arm-none-eabi/10.3.1/../../../../arm-none-eabi/lib/thumb/v7e-m+fp/softfp\libc.a(lib_a-mprec.o)
                0x100056d8                __hi0bits
 .text.__lo0bits
                0x10005718       0x60 c:/maximsdk/tools/gnutools/10.3/bin/../lib/gcc/arm-none-eabi/10.3.1/../../../../arm-none-eabi/lib/thumb/v7e-m+fp/softfp\libc.a(lib_a-mprec.o)
                0x10005718                __lo0bits
 .text.__i2b    0x10005778       0x5c c:/maximsdk/tools/gnutools/10.3/bin/../lib/gcc/arm-none-eabi/10.3.1/../../../../arm-none-eabi/lib/thumb/v7e-m+fp/softfp\libc.a(lib_a-mprec.o)
                0x10005778                __i2b
 .text.__multiply
                0x100057d4      0x15c c:/maximsdk/tools/gnutools/10.3/bin/../lib/gcc/arm-none-eabi/10.3.1/../../../../arm-none-eabi/lib/thumb/v7e-m+fp/softfp\libc.a(lib_a-mprec.o)
                0x100057d4                __multiply
 .text.__pow5mult
                0x10005930       0xc0 c:/maximsdk/tools/gnutools/10.3/bin/../lib/gcc/arm-none-eabi/10.3.1/../../../../arm-none-eabi/lib/thumb/v7e-m+fp/softfp\libc.a(lib_a-mprec.o)
                0x10005930                __pow5mult
 .text.__lshift
                0x100059f0       0xf0 c:/maximsdk/tools/gnutools/10.3/bin/../lib/gcc/arm-none-eabi/10.3.1/../../../../arm-none-eabi/lib/thumb/v7e-m+fp/softfp\libc.a(lib_a-mprec.o)
                0x100059f0                __lshift
 .text.__mcmp   0x10005ae0       0x44 c:/maximsdk/tools/gnutools/10.3/bin/../lib/gcc/arm-none-eabi/10.3.1/../../../../arm-none-eabi/lib/thumb/v7e-m+fp/softfp\libc.a(lib_a-mprec.o)
                0x10005ae0                __mcmp
 .text.__mdiff  0x10005b24      0x14c c:/maximsdk/tools/gnutools/10.3/bin/../lib/gcc/arm-none-eabi/10.3.1/../../../../arm-none-eabi/lib/thumb/v7e-m+fp/softfp\libc.a(lib_a-mprec.o)
                0x10005b24                __mdiff
 .text.__d2b    0x10005c70       0xc4 c:/maximsdk/tools/gnutools/10.3/bin/../lib/gcc/arm-none-eabi/10.3.1/../../../../arm-none-eabi/lib/thumb/v7e-m+fp/softfp\libc.a(lib_a-mprec.o)
                0x10005c70                __d2b
 .text._realloc_r
                0x10005d34      0x3d8 c:/maximsdk/tools/gnutools/10.3/bin/../lib/gcc/arm-none-eabi/10.3.1/../../../../arm-none-eabi/lib/thumb/v7e-m+fp/softfp\libc.a(lib_a-reallocr.o)
                0x10005d34                _realloc_r
 .text.frexp    0x1000610c       0x70 c:/maximsdk/tools/gnutools/10.3/bin/../lib/gcc/arm-none-eabi/10.3.1/../../../../arm-none-eabi/lib/thumb/v7e-m+fp/softfp\libc.a(lib_a-s_frexp.o)
                0x1000610c                frexp
 .text._sbrk_r  0x1000617c       0x24 c:/maximsdk/tools/gnutools/10.3/bin/../lib/gcc/arm-none-eabi/10.3.1/../../../../arm-none-eabi/lib/thumb/v7e-m+fp/softfp\libc.a(lib_a-sbrkr.o)
                0x1000617c                _sbrk_r
 .text.__sread  0x100061a0       0x24 c:/maximsdk/tools/gnutools/10.3/bin/../lib/gcc/arm-none-eabi/10.3.1/../../../../arm-none-eabi/lib/thumb/v7e-m+fp/softfp\libc.a(lib_a-stdio.o)
                0x100061a0                __sread
 .text.__swrite
                0x100061c4       0x40 c:/maximsdk/tools/gnutools/10.3/bin/../lib/gcc/arm-none-eabi/10.3.1/../../../../arm-none-eabi/lib/thumb/v7e-m+fp/softfp\libc.a(lib_a-stdio.o)
                0x100061c4                __swrite
 .text.__sseek  0x10006204       0x20 c:/maximsdk/tools/gnutools/10.3/bin/../lib/gcc/arm-none-eabi/10.3.1/../../../../arm-none-eabi/lib/thumb/v7e-m+fp/softfp\libc.a(lib_a-stdio.o)
                0x10006204                __sseek
 .text.__sclose
                0x10006224        0x8 c:/maximsdk/tools/gnutools/10.3/bin/../lib/gcc/arm-none-eabi/10.3.1/../../../../arm-none-eabi/lib/thumb/v7e-m+fp/softfp\libc.a(lib_a-stdio.o)
                0x10006224                __sclose
 .text.strncpy  0x1000622c       0x64 c:/maximsdk/tools/gnutools/10.3/bin/../lib/gcc/arm-none-eabi/10.3.1/../../../../arm-none-eabi/lib/thumb/v7e-m+fp/softfp\libc.a(lib_a-strncpy.o)
                0x1000622c                strncpy
 .text.__sprint_r.part.0
                0x10006290       0x78 c:/maximsdk/tools/gnutools/10.3/bin/../lib/gcc/arm-none-eabi/10.3.1/../../../../arm-none-eabi/lib/thumb/v7e-m+fp/softfp\libc.a(lib_a-vfiprintf.o)
 .text.__sprint_r
                0x10006308       0x18 c:/maximsdk/tools/gnutools/10.3/bin/../lib/gcc/arm-none-eabi/10.3.1/../../../../arm-none-eabi/lib/thumb/v7e-m+fp/softfp\libc.a(lib_a-vfiprintf.o)
                0x10006308                __sprint_r
 .text._vfiprintf_r
                0x10006320      0xdfc c:/maximsdk/tools/gnutools/10.3/bin/../lib/gcc/arm-none-eabi/10.3.1/../../../../arm-none-eabi/lib/thumb/v7e-m+fp/softfp\libc.a(lib_a-vfiprintf.o)
                0x10006320                _vfiprintf_r
 .text.__sbprintf
                0x1000711c       0x80 c:/maximsdk/tools/gnutools/10.3/bin/../lib/gcc/arm-none-eabi/10.3.1/../../../../arm-none-eabi/lib/thumb/v7e-m+fp/softfp\libc.a(lib_a-vfiprintf.o)
 .text._write_r
                0x1000719c       0x2c c:/maximsdk/tools/gnutools/10.3/bin/../lib/gcc/arm-none-eabi/10.3.1/../../../../arm-none-eabi/lib/thumb/v7e-m+fp/softfp\libc.a(lib_a-writer.o)
                0x1000719c                _write_r
 .text.__register_exitproc
                0x100071c8       0x8c c:/maximsdk/tools/gnutools/10.3/bin/../lib/gcc/arm-none-eabi/10.3.1/../../../../arm-none-eabi/lib/thumb/v7e-m+fp/softfp\libc.a(lib_a-__atexit.o)
                0x100071c8                __register_exitproc
 .text.__assert_func
                0x10007254       0x40 c:/maximsdk/tools/gnutools/10.3/bin/../lib/gcc/arm-none-eabi/10.3.1/../../../../arm-none-eabi/lib/thumb/v7e-m+fp/softfp\libc.a(lib_a-assert.o)
                0x10007254                __assert_func
 .text._calloc_r
                0x10007294       0x78 c:/maximsdk/tools/gnutools/10.3/bin/../lib/gcc/arm-none-eabi/10.3.1/../../../../arm-none-eabi/lib/thumb/v7e-m+fp/softfp\libc.a(lib_a-callocr.o)
                0x10007294                _calloc_r
 .text._close_r
                0x1000730c       0x24 c:/maximsdk/tools/gnutools/10.3/bin/../lib/gcc/arm-none-eabi/10.3.1/../../../../arm-none-eabi/lib/thumb/v7e-m+fp/softfp\libc.a(lib_a-closer.o)
                0x1000730c                _close_r
 .text._fclose_r
                0x10007330       0xcc c:/maximsdk/tools/gnutools/10.3/bin/../lib/gcc/arm-none-eabi/10.3.1/../../../../arm-none-eabi/lib/thumb/v7e-m+fp/softfp\libc.a(lib_a-fclose.o)
                0x10007330                _fclose_r
 .text.fiprintf
                0x100073fc       0x28 c:/maximsdk/tools/gnutools/10.3/bin/../lib/gcc/arm-none-eabi/10.3.1/../../../../arm-none-eabi/lib/thumb/v7e-m+fp/softfp\libc.a(lib_a-fiprintf.o)
                0x100073fc                fiprintf
 .text.__fputwc
                0x10007424       0xa8 c:/maximsdk/tools/gnutools/10.3/bin/../lib/gcc/arm-none-eabi/10.3.1/../../../../arm-none-eabi/lib/thumb/v7e-m+fp/softfp\libc.a(lib_a-fputwc.o)
                0x10007424                __fputwc
 .text._fputwc_r
                0x100074cc       0x68 c:/maximsdk/tools/gnutools/10.3/bin/../lib/gcc/arm-none-eabi/10.3.1/../../../../arm-none-eabi/lib/thumb/v7e-m+fp/softfp\libc.a(lib_a-fputwc.o)
                0x100074cc                _fputwc_r
 .text._fstat_r
                0x10007534       0x2c c:/maximsdk/tools/gnutools/10.3/bin/../lib/gcc/arm-none-eabi/10.3.1/../../../../arm-none-eabi/lib/thumb/v7e-m+fp/softfp\libc.a(lib_a-fstatr.o)
                0x10007534                _fstat_r
 .text._isatty_r
                0x10007560       0x24 c:/maximsdk/tools/gnutools/10.3/bin/../lib/gcc/arm-none-eabi/10.3.1/../../../../arm-none-eabi/lib/thumb/v7e-m+fp/softfp\libc.a(lib_a-isattyr.o)
                0x10007560                _isatty_r
 .text.__locale_mb_cur_max
                0x10007584        0xc c:/maximsdk/tools/gnutools/10.3/bin/../lib/gcc/arm-none-eabi/10.3.1/../../../../arm-none-eabi/lib/thumb/v7e-m+fp/softfp\libc.a(lib_a-locale.o)
                0x10007584                __locale_mb_cur_max
 .text._lseek_r
                0x10007590       0x2c c:/maximsdk/tools/gnutools/10.3/bin/../lib/gcc/arm-none-eabi/10.3.1/../../../../arm-none-eabi/lib/thumb/v7e-m+fp/softfp\libc.a(lib_a-lseekr.o)
                0x10007590                _lseek_r
 .text.__ascii_mbtowc
                0x100075bc       0x2c c:/maximsdk/tools/gnutools/10.3/bin/../lib/gcc/arm-none-eabi/10.3.1/../../../../arm-none-eabi/lib/thumb/v7e-m+fp/softfp\libc.a(lib_a-mbtowc_r.o)
                0x100075bc                __ascii_mbtowc
 .text._read_r  0x100075e8       0x2c c:/maximsdk/tools/gnutools/10.3/bin/../lib/gcc/arm-none-eabi/10.3.1/../../../../arm-none-eabi/lib/thumb/v7e-m+fp/softfp\libc.a(lib_a-readr.o)
                0x100075e8                _read_r
 .text.__swbuf_r
                0x10007614       0xb0 c:/maximsdk/tools/gnutools/10.3/bin/../lib/gcc/arm-none-eabi/10.3.1/../../../../arm-none-eabi/lib/thumb/v7e-m+fp/softfp\libc.a(lib_a-wbuf.o)
                0x10007614                __swbuf_r
 .text._wcrtomb_r
                0x100076c4       0x3c c:/maximsdk/tools/gnutools/10.3/bin/../lib/gcc/arm-none-eabi/10.3.1/../../../../arm-none-eabi/lib/thumb/v7e-m+fp/softfp\libc.a(lib_a-wcrtomb.o)
                0x100076c4                _wcrtomb_r
 .text.__ascii_wctomb
                0x10007700       0x1c c:/maximsdk/tools/gnutools/10.3/bin/../lib/gcc/arm-none-eabi/10.3.1/../../../../arm-none-eabi/lib/thumb/v7e-m+fp/softfp\libc.a(lib_a-wctomb_r.o)
                0x10007700                __ascii_wctomb
 .text.abort    0x1000771c       0x10 c:/maximsdk/tools/gnutools/10.3/bin/../lib/gcc/arm-none-eabi/10.3.1/../../../../arm-none-eabi/lib/thumb/v7e-m+fp/softfp\libc.a(lib_a-abort.o)
                0x1000771c                abort
 .text.raise    0x1000772c       0x5c c:/maximsdk/tools/gnutools/10.3/bin/../lib/gcc/arm-none-eabi/10.3.1/../../../../arm-none-eabi/lib/thumb/v7e-m+fp/softfp\libc.a(lib_a-signal.o)
                0x1000772c                raise
 .text._kill_r  0x10007788       0x2c c:/maximsdk/tools/gnutools/10.3/bin/../lib/gcc/arm-none-eabi/10.3.1/../../../../arm-none-eabi/lib/thumb/v7e-m+fp/softfp\libc.a(lib_a-signalr.o)
                0x10007788                _kill_r
 .text._getpid_r
                0x100077b4        0x4 c:/maximsdk/tools/gnutools/10.3/bin/../lib/gcc/arm-none-eabi/10.3.1/../../../../arm-none-eabi/lib/thumb/v7e-m+fp/softfp\libc.a(lib_a-signalr.o)
                0x100077b4                _getpid_r
 .text._exit    0x100077b8        0x4 c:/maximsdk/tools/gnutools/10.3/bin/../lib/gcc/arm-none-eabi/10.3.1/../../../../arm-none-eabi/lib/thumb/v7e-m+fp/softfp\libnosys.a(_exit.o)
                0x100077b8                _exit
 .text          0x100077bc      0x378 c:/maximsdk/tools/gnutools/10.3/bin/../lib/gcc/arm-none-eabi/10.3.1/thumb/v7e-m+fp/softfp\libgcc.a(_arm_addsubdf3.o)
                0x100077bc                __aeabi_drsub
                0x100077c4                __aeabi_dsub
                0x100077c4                __subdf3
                0x100077c8                __aeabi_dadd
                0x100077c8                __adddf3
                0x10007a40                __floatunsidf
                0x10007a40                __aeabi_ui2d
                0x10007a60                __floatsidf
                0x10007a60                __aeabi_i2d
                0x10007a84                __aeabi_f2d
                0x10007a84                __extendsfdf2
                0x10007ac8                __floatundidf
                0x10007ac8                __aeabi_ul2d
                0x10007ad8                __floatdidf
                0x10007ad8                __aeabi_l2d
 .text          0x10007b34      0x424 c:/maximsdk/tools/gnutools/10.3/bin/../lib/gcc/arm-none-eabi/10.3.1/thumb/v7e-m+fp/softfp\libgcc.a(_arm_muldivdf3.o)
                0x10007b34                __aeabi_dmul
                0x10007b34                __muldf3
                0x10007d88                __divdf3
                0x10007d88                __aeabi_ddiv
 .text          0x10007f58      0x110 c:/maximsdk/tools/gnutools/10.3/bin/../lib/gcc/arm-none-eabi/10.3.1/thumb/v7e-m+fp/softfp\libgcc.a(_arm_cmpdf2.o)
                0x10007f58                __gtdf2
                0x10007f58                __gedf2
                0x10007f60                __ltdf2
                0x10007f60                __ledf2
                0x10007f68                __nedf2
                0x10007f68                __eqdf2
                0x10007f68                __cmpdf2
                0x10007fe4                __aeabi_cdrcmple
                0x10007ff4                __aeabi_cdcmpeq
                0x10007ff4                __aeabi_cdcmple
                0x10008004                __aeabi_dcmpeq
                0x10008018                __aeabi_dcmplt
                0x1000802c                __aeabi_dcmple
                0x10008040                __aeabi_dcmpge
                0x10008054                __aeabi_dcmpgt
 .text          0x10008068       0x2c c:/maximsdk/tools/gnutools/10.3/bin/../lib/gcc/arm-none-eabi/10.3.1/thumb/v7e-m+fp/softfp\libgcc.a(_arm_unorddf2.o)
                0x10008068                __unorddf2
                0x10008068                __aeabi_dcmpun
 .text          0x10008094       0x50 c:/maximsdk/tools/gnutools/10.3/bin/../lib/gcc/arm-none-eabi/10.3.1/thumb/v7e-m+fp/softfp\libgcc.a(_arm_fixdfsi.o)
                0x10008094                __aeabi_d2iz
                0x10008094                __fixdfsi
 .text          0x100080e4       0x30 c:/maximsdk/tools/gnutools/10.3/bin/../lib/gcc/arm-none-eabi/10.3.1/thumb/v7e-m+fp/softfp\libgcc.a(_aeabi_uldivmod.o)
                0x100080e4                __aeabi_uldivmod
 .text          0x10008114      0x2d0 c:/maximsdk/tools/gnutools/10.3/bin/../lib/gcc/arm-none-eabi/10.3.1/thumb/v7e-m+fp/softfp\libgcc.a(_udivmoddi4.o)
                0x10008114                __udivmoddi4
 .text          0x100083e4        0x4 c:/maximsdk/tools/gnutools/10.3/bin/../lib/gcc/arm-none-eabi/10.3.1/thumb/v7e-m+fp/softfp\libgcc.a(_dvmd_tls.o)
                0x100083e4                __aeabi_idiv0
                0x100083e4                __aeabi_ldiv0
 *(.rodata*)
 .rodata.main.str1.4
                0x100083e8       0x79 c:/Users/Vkarra/Documents/GitHub/MAX32666_UART_WakeUp/MAX32666_UART_Wakeup/UART_DeepSleep_WakeUp/build/main.o
 *fill*         0x10008461        0x3 
 .rodata.mxc_assert.str1.4
                0x10008464       0x19 c:/Users/Vkarra/Documents/GitHub/MAX32666_UART_WakeUp/MAX32666_UART_Wakeup/UART_DeepSleep_WakeUp/build/board.o
 *fill*         0x1000847d        0x3 
 .rodata.Board_Init.str1.4
                0x10008480       0x41 c:/Users/Vkarra/Documents/GitHub/MAX32666_UART_WakeUp/MAX32666_UART_Wakeup/UART_DeepSleep_WakeUp/build/board.o
 *fill*         0x100084c1        0x3 
 .rodata.led_pin
                0x100084c4       0x24 c:/Users/Vkarra/Documents/GitHub/MAX32666_UART_WakeUp/MAX32666_UART_Wakeup/UART_DeepSleep_WakeUp/build/board.o
                0x100084c4                led_pin
 .rodata.num_leds
                0x100084e8        0x4 c:/Users/Vkarra/Documents/GitHub/MAX32666_UART_WakeUp/MAX32666_UART_Wakeup/UART_DeepSleep_WakeUp/build/board.o
                0x100084e8                num_leds
 .rodata.num_pbs
                0x100084ec        0x4 c:/Users/Vkarra/Documents/GitHub/MAX32666_UART_WakeUp/MAX32666_UART_Wakeup/UART_DeepSleep_WakeUp/build/board.o
                0x100084ec                num_pbs
 .rodata.pb_pin
                0x100084f0        0xc c:/Users/Vkarra/Documents/GitHub/MAX32666_UART_WakeUp/MAX32666_UART_Wakeup/UART_DeepSleep_WakeUp/build/board.o
                0x100084f0                pb_pin
 .rodata.LED_On.str1.4
                0x100084fc       0x3b c:/Users/Vkarra/Documents/GitHub/MAX32666_UART_WakeUp/MAX32666_UART_Wakeup/UART_DeepSleep_WakeUp/build/led.o
 *fill*         0x10008537        0x1 
 .rodata.MXC_UART_RevA_Init.str1.4
                0x10008538       0x77 C:/MaximSDK/Libraries/PeriphDrivers/bin/MAX32665/softfp/libPeriphDriver_softfp.a(uart_reva.o)
 *fill*         0x100085af        0x1 
 .rodata.gpio_cfg_uart0a
                0x100085b0        0xc C:/MaximSDK/Libraries/PeriphDrivers/bin/MAX32665/softfp/libPeriphDriver_softfp.a(pins_me14.o)
                0x100085b0                gpio_cfg_uart0a
 .rodata.gpio_cfg_uart0b
                0x100085bc        0xc C:/MaximSDK/Libraries/PeriphDrivers/bin/MAX32665/softfp/libPeriphDriver_softfp.a(pins_me14.o)
                0x100085bc                gpio_cfg_uart0b
 .rodata.gpio_cfg_uart1a
                0x100085c8        0xc C:/MaximSDK/Libraries/PeriphDrivers/bin/MAX32665/softfp/libPeriphDriver_softfp.a(pins_me14.o)
                0x100085c8                gpio_cfg_uart1a
 .rodata.gpio_cfg_uart1b
                0x100085d4        0xc C:/MaximSDK/Libraries/PeriphDrivers/bin/MAX32665/softfp/libPeriphDriver_softfp.a(pins_me14.o)
                0x100085d4                gpio_cfg_uart1b
 .rodata.gpio_cfg_uart2a
                0x100085e0        0xc C:/MaximSDK/Libraries/PeriphDrivers/bin/MAX32665/softfp/libPeriphDriver_softfp.a(pins_me14.o)
                0x100085e0                gpio_cfg_uart2a
 .rodata.gpio_cfg_uart2b
                0x100085ec        0xc C:/MaximSDK/Libraries/PeriphDrivers/bin/MAX32665/softfp/libPeriphDriver_softfp.a(pins_me14.o)
                0x100085ec                gpio_cfg_uart2b
 .rodata.MXC_GPIO_Common_Handler.str1.4
                0x100085f8       0x66 C:/MaximSDK/Libraries/PeriphDrivers/bin/MAX32665/softfp/libPeriphDriver_softfp.a(gpio_common.o)
 *fill*         0x1000865e        0x2 
 .rodata._global_impure_ptr
                0x10008660        0x4 c:/maximsdk/tools/gnutools/10.3/bin/../lib/gcc/arm-none-eabi/10.3.1/../../../../arm-none-eabi/lib/thumb/v7e-m+fp/softfp\libc.a(lib_a-impure.o)
                0x10008660                _global_impure_ptr
 .rodata._puts_r.str1.4
                0x10008664       0x66 c:/maximsdk/tools/gnutools/10.3/bin/../lib/gcc/arm-none-eabi/10.3.1/../../../../arm-none-eabi/lib/thumb/v7e-m+fp/softfp\libc.a(lib_a-puts.o)
                                  0x2 (size before relaxing)
 .rodata._vfprintf_r.str1.4
                0x10008664       0x42 c:/maximsdk/tools/gnutools/10.3/bin/../lib/gcc/arm-none-eabi/10.3.1/../../../../arm-none-eabi/lib/thumb/v7e-m+fp/softfp\libc.a(lib_a-vfprintf.o)
 *fill*         0x100086a6        0x2 
 .rodata.blanks.1
                0x100086a8       0x10 c:/maximsdk/tools/gnutools/10.3/bin/../lib/gcc/arm-none-eabi/10.3.1/../../../../arm-none-eabi/lib/thumb/v7e-m+fp/softfp\libc.a(lib_a-vfprintf.o)
 .rodata.zeroes.0
                0x100086b8       0x10 c:/maximsdk/tools/gnutools/10.3/bin/../lib/gcc/arm-none-eabi/10.3.1/../../../../arm-none-eabi/lib/thumb/v7e-m+fp/softfp\libc.a(lib_a-vfprintf.o)
 .rodata._dtoa_r.str1.4
                0x100086c8       0xa2 c:/maximsdk/tools/gnutools/10.3/bin/../lib/gcc/arm-none-eabi/10.3.1/../../../../arm-none-eabi/lib/thumb/v7e-m+fp/softfp\libc.a(lib_a-dtoa.o)
                                 0xa6 (size before relaxing)
 *fill*         0x1000876a        0x2 
 .rodata.__multadd.str1.4
                0x1000876c       0x7f c:/maximsdk/tools/gnutools/10.3/bin/../lib/gcc/arm-none-eabi/10.3.1/../../../../arm-none-eabi/lib/thumb/v7e-m+fp/softfp\libc.a(lib_a-mprec.o)
                                 0x93 (size before relaxing)
 *fill*         0x100087eb        0x5 
 .rodata.__mprec_bigtens
                0x100087f0       0x28 c:/maximsdk/tools/gnutools/10.3/bin/../lib/gcc/arm-none-eabi/10.3.1/../../../../arm-none-eabi/lib/thumb/v7e-m+fp/softfp\libc.a(lib_a-mprec.o)
                0x100087f0                __mprec_bigtens
 .rodata.__mprec_tens
                0x10008818       0xc8 c:/maximsdk/tools/gnutools/10.3/bin/../lib/gcc/arm-none-eabi/10.3.1/../../../../arm-none-eabi/lib/thumb/v7e-m+fp/softfp\libc.a(lib_a-mprec.o)
                0x10008818                __mprec_tens
 .rodata.p05.0  0x100088e0        0xc c:/maximsdk/tools/gnutools/10.3/bin/../lib/gcc/arm-none-eabi/10.3.1/../../../../arm-none-eabi/lib/thumb/v7e-m+fp/softfp\libc.a(lib_a-mprec.o)
 .rodata._vfiprintf_r.str1.4
                0x100088ec       0x2f c:/maximsdk/tools/gnutools/10.3/bin/../lib/gcc/arm-none-eabi/10.3.1/../../../../arm-none-eabi/lib/thumb/v7e-m+fp/softfp\libc.a(lib_a-vfiprintf.o)
 .rodata.blanks.1
                0x100088ec       0x10 c:/maximsdk/tools/gnutools/10.3/bin/../lib/gcc/arm-none-eabi/10.3.1/../../../../arm-none-eabi/lib/thumb/v7e-m+fp/softfp\libc.a(lib_a-vfiprintf.o)
 .rodata.zeroes.0
                0x100088fc       0x10 c:/maximsdk/tools/gnutools/10.3/bin/../lib/gcc/arm-none-eabi/10.3.1/../../../../arm-none-eabi/lib/thumb/v7e-m+fp/softfp\libc.a(lib_a-vfiprintf.o)
 .rodata.__assert_func.str1.4
                0x1000890c       0x3f c:/maximsdk/tools/gnutools/10.3/bin/../lib/gcc/arm-none-eabi/10.3.1/../../../../arm-none-eabi/lib/thumb/v7e-m+fp/softfp\libc.a(lib_a-assert.o)
                                 0x43 (size before relaxing)
 *fill*         0x1000894b        0x1 
 .rodata._setlocale_r.str1.4
                0x1000894c        0xa c:/maximsdk/tools/gnutools/10.3/bin/../lib/gcc/arm-none-eabi/10.3.1/../../../../arm-none-eabi/lib/thumb/v7e-m+fp/softfp\libc.a(lib_a-locale.o)
                                  0xd (size before relaxing)
 *fill*         0x10008956        0x2 
 .rodata.str1.4
                0x10008958        0x2 c:/maximsdk/tools/gnutools/10.3/bin/../lib/gcc/arm-none-eabi/10.3.1/../../../../arm-none-eabi/lib/thumb/v7e-m+fp/softfp\libc.a(lib_a-locale.o)
 *fill*         0x1000895a        0x2 
 .rodata._ctype_
                0x1000895c      0x101 c:/maximsdk/tools/gnutools/10.3/bin/../lib/gcc/arm-none-eabi/10.3.1/../../../../arm-none-eabi/lib/thumb/v7e-m+fp/softfp\libc.a(lib_a-ctype_.o)
                0x1000895c                _ctype_
 *(.init)
 *fill*         0x10008a5d        0x3 
 .init          0x10008a60        0x4 c:/maximsdk/tools/gnutools/10.3/bin/../lib/gcc/arm-none-eabi/10.3.1/thumb/v7e-m+fp/softfp/crti.o
                0x10008a60                _init
 .init          0x10008a64        0x8 c:/maximsdk/tools/gnutools/10.3/bin/../lib/gcc/arm-none-eabi/10.3.1/thumb/v7e-m+fp/softfp/crtn.o
 *(.fini)
 .fini          0x10008a6c        0x4 c:/maximsdk/tools/gnutools/10.3/bin/../lib/gcc/arm-none-eabi/10.3.1/thumb/v7e-m+fp/softfp/crti.o
                0x10008a6c                _fini
 .fini          0x10008a70        0x8 c:/maximsdk/tools/gnutools/10.3/bin/../lib/gcc/arm-none-eabi/10.3.1/thumb/v7e-m+fp/softfp/crtn.o
 *crtbegin.o(.ctors)
 *crtbegin?.o(.ctors)
 *(EXCLUDE_FILE(*crtend.o *crtend?.o) .ctors)
 *(SORT_BY_NAME(.ctors.*))
 *(.ctors)
 *crtbegin.o(.dtors)
 *crtbegin?.o(.dtors)
 *(EXCLUDE_FILE(*crtend.o *crtend?.o) .dtors)
 *(SORT_BY_NAME(.dtors.*))
 *(.dtors)
 *(.eh_frame*)
 .eh_frame      0x10008a78        0x0 c:/maximsdk/tools/gnutools/10.3/bin/../lib/gcc/arm-none-eabi/10.3.1/thumb/v7e-m+fp/softfp/crtbegin.o
 .eh_frame      0x10008a78        0x4 c:/maximsdk/tools/gnutools/10.3/bin/../lib/gcc/arm-none-eabi/10.3.1/thumb/v7e-m+fp/softfp/crtend.o
                0x10008a7c                _etext = .

.glue_7         0x10008a7c        0x0
 .glue_7        0x10008a7c        0x0 linker stubs

.glue_7t        0x10008a7c        0x0
 .glue_7t       0x10008a7c        0x0 linker stubs

.vfp11_veneer   0x10008a7c        0x0
 .vfp11_veneer  0x10008a7c        0x0 linker stubs

.v4_bx          0x10008a7c        0x0
 .v4_bx         0x10008a7c        0x0 linker stubs

.iplt           0x10008a7c        0x0
 .iplt          0x10008a7c        0x0 c:/maximsdk/tools/gnutools/10.3/bin/../lib/gcc/arm-none-eabi/10.3.1/thumb/v7e-m+fp/softfp/crtbegin.o

.ARM.extab
 *(.ARM.extab* .gnu.linkonce.armextab.*)

.xip_section    0x08000000        0x0 load address 0x10008a7c
 *(.xip_section*)
                0x10008a7c                __load_start_xip = LOADADDR (.xip_section)
                0x00000000                __load_length_xip = SIZEOF (.xip_section)

.ARM.exidx      0x10008a7c        0x8
                0x10008a7c                __exidx_start = .
 *(.ARM.exidx* .gnu.linkonce.armexidx.*)
 .ARM.exidx     0x10008a7c        0x8 c:/maximsdk/tools/gnutools/10.3/bin/../lib/gcc/arm-none-eabi/10.3.1/thumb/v7e-m+fp/softfp\libgcc.a(_udivmoddi4.o)
                0x10008a84                __exidx_end = .

.rel.dyn        0x10008a84        0x0
 .rel.iplt      0x10008a84        0x0 c:/maximsdk/tools/gnutools/10.3/bin/../lib/gcc/arm-none-eabi/10.3.1/thumb/v7e-m+fp/softfp/crtbegin.o

.data           0x20000000      0x9c4 load address 0x10008a84
                0x20000000                _data = ALIGN (., 0x4)
 *(vtable)
 *(.data*)
 .data.ConsoleUart
                0x20000000        0x4 c:/Users/Vkarra/Documents/GitHub/MAX32666_UART_WakeUp/MAX32666_UART_Wakeup/UART_DeepSleep_WakeUp/build/board.o
                0x20000000                ConsoleUart
 .data.SystemCoreClock
                0x20000004        0x4 c:/Users/Vkarra/Documents/GitHub/MAX32666_UART_WakeUp/MAX32666_UART_Wakeup/UART_DeepSleep_WakeUp/build/system_max32665.o
                0x20000004                SystemCoreClock
 .data.overflows
                0x20000008        0x4 C:/MaximSDK/Libraries/PeriphDrivers/bin/MAX32665/softfp/libPeriphDriver_softfp.a(mxc_delay.o)
 .data._impure_ptr
                0x2000000c        0x4 c:/maximsdk/tools/gnutools/10.3/bin/../lib/gcc/arm-none-eabi/10.3.1/../../../../arm-none-eabi/lib/thumb/v7e-m+fp/softfp\libc.a(lib_a-impure.o)
                0x2000000c                _impure_ptr
 .data.impure_data
                0x20000010      0x428 c:/maximsdk/tools/gnutools/10.3/bin/../lib/gcc/arm-none-eabi/10.3.1/../../../../arm-none-eabi/lib/thumb/v7e-m+fp/softfp\libc.a(lib_a-impure.o)
 .data.__atexit_recursive_mutex
                0x20000438        0x4 c:/maximsdk/tools/gnutools/10.3/bin/../lib/gcc/arm-none-eabi/10.3.1/../../../../arm-none-eabi/lib/thumb/v7e-m+fp/softfp\libc.a(lib_a-__call_atexit.o)
                0x20000438                __atexit_recursive_mutex
 .data.__malloc_av_
                0x2000043c      0x408 c:/maximsdk/tools/gnutools/10.3/bin/../lib/gcc/arm-none-eabi/10.3.1/../../../../arm-none-eabi/lib/thumb/v7e-m+fp/softfp\libc.a(lib_a-mallocr.o)
                0x2000043c                __malloc_av_
 .data.__malloc_sbrk_base
                0x20000844        0x4 c:/maximsdk/tools/gnutools/10.3/bin/../lib/gcc/arm-none-eabi/10.3.1/../../../../arm-none-eabi/lib/thumb/v7e-m+fp/softfp\libc.a(lib_a-mallocr.o)
                0x20000844                __malloc_sbrk_base
 .data.__malloc_trim_threshold
                0x20000848        0x4 c:/maximsdk/tools/gnutools/10.3/bin/../lib/gcc/arm-none-eabi/10.3.1/../../../../arm-none-eabi/lib/thumb/v7e-m+fp/softfp\libc.a(lib_a-mallocr.o)
                0x20000848                __malloc_trim_threshold
 .data.__global_locale
                0x2000084c      0x16c c:/maximsdk/tools/gnutools/10.3/bin/../lib/gcc/arm-none-eabi/10.3.1/../../../../arm-none-eabi/lib/thumb/v7e-m+fp/softfp\libc.a(lib_a-locale.o)
                0x2000084c                __global_locale
 *(.spix_config*)
 *(.flashprog*)
                0x200009b8                . = ALIGN (0x4)
                0x200009b8                PROVIDE (__preinit_array_start = .)
 *(.preinit_array)
                0x200009b8                PROVIDE (__preinit_array_end = .)
                0x200009b8                . = ALIGN (0x4)
                0x200009b8                PROVIDE (__init_array_start = .)
 *(SORT_BY_NAME(.init_array.*))
 .init_array.00000
                0x200009b8        0x4 c:/maximsdk/tools/gnutools/10.3/bin/../lib/gcc/arm-none-eabi/10.3.1/../../../../arm-none-eabi/lib/thumb/v7e-m+fp/softfp\libc.a(lib_a-__call_atexit.o)
 *(.init_array)
 .init_array    0x200009bc        0x4 c:/maximsdk/tools/gnutools/10.3/bin/../lib/gcc/arm-none-eabi/10.3.1/thumb/v7e-m+fp/softfp/crtbegin.o
                0x200009c0                PROVIDE (__init_array_end = .)
                0x200009c0                . = ALIGN (0x4)
                0x200009c0                PROVIDE (__fini_array_start = .)
 *(SORT_BY_NAME(.fini_array.*))
 *(.fini_array)
 .fini_array    0x200009c0        0x4 c:/maximsdk/tools/gnutools/10.3/bin/../lib/gcc/arm-none-eabi/10.3.1/thumb/v7e-m+fp/softfp/crtbegin.o
                0x200009c4                PROVIDE (__fini_array_end = .)
                0x200009c4                _edata = ALIGN (., 0x4)
                0x10008a84                __load_data = LOADADDR (.data)

.igot.plt       0x200009c4        0x0 load address 0x10009448
 .igot.plt      0x200009c4        0x0 c:/maximsdk/tools/gnutools/10.3/bin/../lib/gcc/arm-none-eabi/10.3.1/thumb/v7e-m+fp/softfp/crtbegin.o

.pal_nvm_db     0x10100000        0x0
                0x10100000                . = ALIGN (0x2000)
                0x10100000                __pal_nvm_db_start__ = .
                0x10100000                . = (. + _PAL_NVM_SIZE)
                0x10100000                __pal_nvm_db_end__ = .

.otp            0x20000000        0x0
                0x20000000                _otp = ALIGN (., 0x4)
 *(.otp*)
                0x20000000                _eotp = ALIGN (., 0x4)

.arm_shared     0x20000000        0x0
                0x20000000                _arm_shared = ALIGN (., 0x4)
 *(.arm_shared*)
                0x20000000                _earm_shared = ALIGN (., 0x4)

.sdma_shared    0x20000000        0x0
                0x20000000                _sdma_shared = ALIGN (., 0x4)
 *(.sdma_shared*)
                0x20000000                _esdma_shared = ALIGN (., 0x4)

.sdma_code      0x20000000        0x0 load address 0x10009448
                0x20000000                _sdma_code = ALIGN (., 0x4)
 *(.sdma_code*)
                0x20000000                _esdma_code = ALIGN (., 0x4)
                0x10009448                __load_sdma_code = LOADADDR (.sdma_code)

.sdma_data      0x20000000        0x0 load address 0x10009448
                0x20000000                _sdma_data = ALIGN (., 0x4)
 *(.sdma_data*)
                0x20000000                _esdma_data = ALIGN (., 0x4)
                0x10009448                __load_sdma_data = LOADADDR (.sdma_data)

.bss            0x200009c4      0x2b0
                0x200009c4                . = ALIGN (0x4)
                0x200009c4                _bss = .
 *(.bss*)
 .bss           0x200009c4       0x1c c:/maximsdk/tools/gnutools/10.3/bin/../lib/gcc/arm-none-eabi/10.3.1/thumb/v7e-m+fp/softfp/crtbegin.o
 .bss.heap_end  0x200009e0        0x4 c:/Users/Vkarra/Documents/GitHub/MAX32666_UART_WakeUp/MAX32666_UART_Wakeup/UART_DeepSleep_WakeUp/build/heap.o
 .bss.cbFunc    0x200009e4        0x4 C:/MaximSDK/Libraries/PeriphDrivers/bin/MAX32665/softfp/libPeriphDriver_softfp.a(mxc_delay.o)
 .bss.ctrl_save
                0x200009e8        0x4 C:/MaximSDK/Libraries/PeriphDrivers/bin/MAX32665/softfp/libPeriphDriver_softfp.a(mxc_delay.o)
 .bss.endtick   0x200009ec        0x4 C:/MaximSDK/Libraries/PeriphDrivers/bin/MAX32665/softfp/libPeriphDriver_softfp.a(mxc_delay.o)
 .bss.states    0x200009f0       0x3c C:/MaximSDK/Libraries/PeriphDrivers/bin/MAX32665/softfp/libPeriphDriver_softfp.a(uart_reva.o)
                0x200009f0                states
 .bss.callback  0x20000a2c      0x100 C:/MaximSDK/Libraries/PeriphDrivers/bin/MAX32665/softfp/libPeriphDriver_softfp.a(gpio_common.o)
 .bss.cbparam   0x20000b2c      0x100 C:/MaximSDK/Libraries/PeriphDrivers/bin/MAX32665/softfp/libPeriphDriver_softfp.a(gpio_common.o)
 .bss.__lock___atexit_recursive_mutex
                0x20000c2c        0x1 c:/maximsdk/tools/gnutools/10.3/bin/../lib/gcc/arm-none-eabi/10.3.1/../../../../arm-none-eabi/lib/thumb/v7e-m+fp/softfp\libc.a(lib_a-lock.o)
                0x20000c2c                __lock___atexit_recursive_mutex
 *fill*         0x20000c2d        0x3 
 .bss.__lock___malloc_recursive_mutex
                0x20000c30        0x1 c:/maximsdk/tools/gnutools/10.3/bin/../lib/gcc/arm-none-eabi/10.3.1/../../../../arm-none-eabi/lib/thumb/v7e-m+fp/softfp\libc.a(lib_a-lock.o)
                0x20000c30                __lock___malloc_recursive_mutex
 *fill*         0x20000c31        0x3 
 .bss.__lock___sfp_recursive_mutex
                0x20000c34        0x1 c:/maximsdk/tools/gnutools/10.3/bin/../lib/gcc/arm-none-eabi/10.3.1/../../../../arm-none-eabi/lib/thumb/v7e-m+fp/softfp\libc.a(lib_a-lock.o)
                0x20000c34                __lock___sfp_recursive_mutex
 *fill*         0x20000c35        0x3 
 .bss.__lock___sinit_recursive_mutex
                0x20000c38        0x1 c:/maximsdk/tools/gnutools/10.3/bin/../lib/gcc/arm-none-eabi/10.3.1/../../../../arm-none-eabi/lib/thumb/v7e-m+fp/softfp\libc.a(lib_a-lock.o)
                0x20000c38                __lock___sinit_recursive_mutex
 *fill*         0x20000c39        0x3 
 .bss.__malloc_current_mallinfo
                0x20000c3c       0x28 c:/maximsdk/tools/gnutools/10.3/bin/../lib/gcc/arm-none-eabi/10.3.1/../../../../arm-none-eabi/lib/thumb/v7e-m+fp/softfp\libc.a(lib_a-mallocr.o)
                0x20000c3c                __malloc_current_mallinfo
 .bss.__malloc_max_sbrked_mem
                0x20000c64        0x4 c:/maximsdk/tools/gnutools/10.3/bin/../lib/gcc/arm-none-eabi/10.3.1/../../../../arm-none-eabi/lib/thumb/v7e-m+fp/softfp\libc.a(lib_a-mallocr.o)
                0x20000c64                __malloc_max_sbrked_mem
 .bss.__malloc_max_total_mem
                0x20000c68        0x4 c:/maximsdk/tools/gnutools/10.3/bin/../lib/gcc/arm-none-eabi/10.3.1/../../../../arm-none-eabi/lib/thumb/v7e-m+fp/softfp\libc.a(lib_a-mallocr.o)
                0x20000c68                __malloc_max_total_mem
 .bss.__malloc_top_pad
                0x20000c6c        0x4 c:/maximsdk/tools/gnutools/10.3/bin/../lib/gcc/arm-none-eabi/10.3.1/../../../../arm-none-eabi/lib/thumb/v7e-m+fp/softfp\libc.a(lib_a-mallocr.o)
                0x20000c6c                __malloc_top_pad
 .bss.errno     0x20000c70        0x4 c:/maximsdk/tools/gnutools/10.3/bin/../lib/gcc/arm-none-eabi/10.3.1/../../../../arm-none-eabi/lib/thumb/v7e-m+fp/softfp\libc.a(lib_a-reent.o)
                0x20000c70                errno
 *(COMMON)
                0x20000c74                _ebss = ALIGN (., 0x4)
                0x2008c000                __StackTop_Core1 = (ORIGIN (SRAM) + LENGTH (SRAM))
                0x2008c000                __StackLimit_Core1 = DEFINED (Stack_Size_Core1)?(__StackTop_Core1 - Stack_Size_Core1):__StackTop_Core1
                0x2008c000                __StackTop = DEFINED (Stack_Size_Core1)?__StackLimit_Core1:(ORIGIN (SRAM) + LENGTH (SRAM))
                0x2008b000                __StackLimit = (__StackTop - Stack_Size)

.heap           0x20000c78      0xc00
                0x20000c78                . = ALIGN (0x4)
 *(.heap*)
 .heap          0x20000c78      0xc00 c:/Users/Vkarra/Documents/GitHub/MAX32666_UART_WakeUp/MAX32666_UART_Wakeup/UART_DeepSleep_WakeUp/build/startup_max32665.o
                0x20000c78                __HeapBase
                0x2008b000                __HeapLimit = ABSOLUTE (__StackLimit)
                0x2008c000                PROVIDE (__stack = __StackTop)
                0x00000001                ASSERT ((__StackLimit >= _ebss), region RAM overflowed with stack)
OUTPUT(c:/Users/Vkarra/Documents/GitHub/MAX32666_UART_WakeUp/MAX32666_UART_Wakeup/UART_DeepSleep_WakeUp/build/UART_DeepSleep_WakeUp.elf elf32-littlearm)
LOAD linker stubs

.ARM.attributes
                0x00000000       0x2e
 .ARM.attributes
                0x00000000       0x1e c:/maximsdk/tools/gnutools/10.3/bin/../lib/gcc/arm-none-eabi/10.3.1/thumb/v7e-m+fp/softfp/crti.o
 .ARM.attributes
                0x0000001e       0x32 c:/maximsdk/tools/gnutools/10.3/bin/../lib/gcc/arm-none-eabi/10.3.1/thumb/v7e-m+fp/softfp/crtbegin.o
 .ARM.attributes
                0x00000050       0x32 c:/Users/Vkarra/Documents/GitHub/MAX32666_UART_WakeUp/MAX32666_UART_Wakeup/UART_DeepSleep_WakeUp/build/main.o
 .ARM.attributes
                0x00000082       0x32 c:/Users/Vkarra/Documents/GitHub/MAX32666_UART_WakeUp/MAX32666_UART_Wakeup/UART_DeepSleep_WakeUp/build/board.o
 .ARM.attributes
                0x000000b4       0x32 c:/Users/Vkarra/Documents/GitHub/MAX32666_UART_WakeUp/MAX32666_UART_Wakeup/UART_DeepSleep_WakeUp/build/stdio.o
 .ARM.attributes
                0x000000e6       0x32 c:/Users/Vkarra/Documents/GitHub/MAX32666_UART_WakeUp/MAX32666_UART_Wakeup/UART_DeepSleep_WakeUp/build/led.o
 .ARM.attributes
                0x00000118       0x32 c:/Users/Vkarra/Documents/GitHub/MAX32666_UART_WakeUp/MAX32666_UART_Wakeup/UART_DeepSleep_WakeUp/build/pb.o
 .ARM.attributes
                0x0000014a       0x1b c:/Users/Vkarra/Documents/GitHub/MAX32666_UART_WakeUp/MAX32666_UART_Wakeup/UART_DeepSleep_WakeUp/build/startup_max32665.o
 .ARM.attributes
                0x00000165       0x32 c:/Users/Vkarra/Documents/GitHub/MAX32666_UART_WakeUp/MAX32666_UART_Wakeup/UART_DeepSleep_WakeUp/build/heap.o
 .ARM.attributes
                0x00000197       0x32 c:/Users/Vkarra/Documents/GitHub/MAX32666_UART_WakeUp/MAX32666_UART_Wakeup/UART_DeepSleep_WakeUp/build/system_max32665.o
 .ARM.attributes
                0x000001c9       0x30 C:/MaximSDK/Libraries/PeriphDrivers/bin/MAX32665/softfp/libPeriphDriver_softfp.a(mxc_delay.o)
 .ARM.attributes
                0x000001f9       0x30 C:/MaximSDK/Libraries/PeriphDrivers/bin/MAX32665/softfp/libPeriphDriver_softfp.a(sys_me14.o)
 .ARM.attributes
                0x00000229       0x30 C:/MaximSDK/Libraries/PeriphDrivers/bin/MAX32665/softfp/libPeriphDriver_softfp.a(gpio_me14.o)
 .ARM.attributes
                0x00000259       0x30 C:/MaximSDK/Libraries/PeriphDrivers/bin/MAX32665/softfp/libPeriphDriver_softfp.a(gpio_reva.o)
 .ARM.attributes
                0x00000289       0x30 C:/MaximSDK/Libraries/PeriphDrivers/bin/MAX32665/softfp/libPeriphDriver_softfp.a(uart_me14.o)
 .ARM.attributes
                0x000002b9       0x30 C:/MaximSDK/Libraries/PeriphDrivers/bin/MAX32665/softfp/libPeriphDriver_softfp.a(uart_reva.o)
 .ARM.attributes
                0x000002e9       0x30 C:/MaximSDK/Libraries/PeriphDrivers/bin/MAX32665/softfp/libPeriphDriver_softfp.a(pins_me14.o)
 .ARM.attributes
                0x00000319       0x30 C:/MaximSDK/Libraries/PeriphDrivers/bin/MAX32665/softfp/libPeriphDriver_softfp.a(gpio_common.o)
 .ARM.attributes
                0x00000349       0x30 C:/MaximSDK/Libraries/PeriphDrivers/bin/MAX32665/softfp/libPeriphDriver_softfp.a(uart_common.o)
 .ARM.attributes
                0x00000379       0x32 c:/maximsdk/tools/gnutools/10.3/bin/../lib/gcc/arm-none-eabi/10.3.1/../../../../arm-none-eabi/lib/thumb/v7e-m+fp/softfp\libc.a(lib_a-errno.o)
 .ARM.attributes
                0x000003ab       0x32 c:/maximsdk/tools/gnutools/10.3/bin/../lib/gcc/arm-none-eabi/10.3.1/../../../../arm-none-eabi/lib/thumb/v7e-m+fp/softfp\libc.a(lib_a-impure.o)
 .ARM.attributes
                0x000003dd       0x32 c:/maximsdk/tools/gnutools/10.3/bin/../lib/gcc/arm-none-eabi/10.3.1/../../../../arm-none-eabi/lib/thumb/v7e-m+fp/softfp\libc.a(lib_a-init.o)
 .ARM.attributes
                0x0000040f       0x1c c:/maximsdk/tools/gnutools/10.3/bin/../lib/gcc/arm-none-eabi/10.3.1/../../../../arm-none-eabi/lib/thumb/v7e-m+fp/softfp\libc.a(lib_a-memcpy.o)
 .ARM.attributes
                0x0000042b       0x32 c:/maximsdk/tools/gnutools/10.3/bin/../lib/gcc/arm-none-eabi/10.3.1/../../../../arm-none-eabi/lib/thumb/v7e-m+fp/softfp\libc.a(lib_a-memset.o)
 .ARM.attributes
                0x0000045d       0x32 c:/maximsdk/tools/gnutools/10.3/bin/../lib/gcc/arm-none-eabi/10.3.1/../../../../arm-none-eabi/lib/thumb/v7e-m+fp/softfp\libc.a(lib_a-printf.o)
 .ARM.attributes
                0x0000048f       0x32 c:/maximsdk/tools/gnutools/10.3/bin/../lib/gcc/arm-none-eabi/10.3.1/../../../../arm-none-eabi/lib/thumb/v7e-m+fp/softfp\libc.a(lib_a-puts.o)
 .ARM.attributes
                0x000004c1       0x1c c:/maximsdk/tools/gnutools/10.3/bin/../lib/gcc/arm-none-eabi/10.3.1/../../../../arm-none-eabi/lib/thumb/v7e-m+fp/softfp\libc.a(lib_a-strlen.o)
 .ARM.attributes
                0x000004dd       0x32 c:/maximsdk/tools/gnutools/10.3/bin/../lib/gcc/arm-none-eabi/10.3.1/../../../../arm-none-eabi/lib/thumb/v7e-m+fp/softfp\libc.a(lib_a-vfprintf.o)
 .ARM.attributes
                0x0000050f       0x32 c:/maximsdk/tools/gnutools/10.3/bin/../lib/gcc/arm-none-eabi/10.3.1/../../../../arm-none-eabi/lib/thumb/v7e-m+fp/softfp\libc.a(lib_a-wsetup.o)
 .ARM.attributes
                0x00000541       0x32 c:/maximsdk/tools/gnutools/10.3/bin/../lib/gcc/arm-none-eabi/10.3.1/../../../../arm-none-eabi/lib/thumb/v7e-m+fp/softfp\libc.a(lib_a-__call_atexit.o)
 .ARM.attributes
                0x00000573       0x32 c:/maximsdk/tools/gnutools/10.3/bin/../lib/gcc/arm-none-eabi/10.3.1/../../../../arm-none-eabi/lib/thumb/v7e-m+fp/softfp\libc.a(lib_a-atexit.o)
 .ARM.attributes
                0x000005a5       0x32 c:/maximsdk/tools/gnutools/10.3/bin/../lib/gcc/arm-none-eabi/10.3.1/../../../../arm-none-eabi/lib/thumb/v7e-m+fp/softfp\libc.a(lib_a-dtoa.o)
 .ARM.attributes
                0x000005d7       0x32 c:/maximsdk/tools/gnutools/10.3/bin/../lib/gcc/arm-none-eabi/10.3.1/../../../../arm-none-eabi/lib/thumb/v7e-m+fp/softfp\libc.a(lib_a-fflush.o)
 .ARM.attributes
                0x00000609       0x32 c:/maximsdk/tools/gnutools/10.3/bin/../lib/gcc/arm-none-eabi/10.3.1/../../../../arm-none-eabi/lib/thumb/v7e-m+fp/softfp\libc.a(lib_a-findfp.o)
 .ARM.attributes
                0x0000063b       0x32 c:/maximsdk/tools/gnutools/10.3/bin/../lib/gcc/arm-none-eabi/10.3.1/../../../../arm-none-eabi/lib/thumb/v7e-m+fp/softfp\libc.a(lib_a-fini.o)
 .ARM.attributes
                0x0000066d       0x32 c:/maximsdk/tools/gnutools/10.3/bin/../lib/gcc/arm-none-eabi/10.3.1/../../../../arm-none-eabi/lib/thumb/v7e-m+fp/softfp\libc.a(lib_a-freer.o)
 .ARM.attributes
                0x0000069f       0x32 c:/maximsdk/tools/gnutools/10.3/bin/../lib/gcc/arm-none-eabi/10.3.1/../../../../arm-none-eabi/lib/thumb/v7e-m+fp/softfp\libc.a(lib_a-fvwrite.o)
 .ARM.attributes
                0x000006d1       0x32 c:/maximsdk/tools/gnutools/10.3/bin/../lib/gcc/arm-none-eabi/10.3.1/../../../../arm-none-eabi/lib/thumb/v7e-m+fp/softfp\libc.a(lib_a-fwalk.o)
 .ARM.attributes
                0x00000703       0x32 c:/maximsdk/tools/gnutools/10.3/bin/../lib/gcc/arm-none-eabi/10.3.1/../../../../arm-none-eabi/lib/thumb/v7e-m+fp/softfp\libc.a(lib_a-localeconv.o)
 .ARM.attributes
                0x00000735       0x32 c:/maximsdk/tools/gnutools/10.3/bin/../lib/gcc/arm-none-eabi/10.3.1/../../../../arm-none-eabi/lib/thumb/v7e-m+fp/softfp\libc.a(lib_a-lock.o)
 .ARM.attributes
                0x00000767       0x32 c:/maximsdk/tools/gnutools/10.3/bin/../lib/gcc/arm-none-eabi/10.3.1/../../../../arm-none-eabi/lib/thumb/v7e-m+fp/softfp\libc.a(lib_a-makebuf.o)
 .ARM.attributes
                0x00000799       0x32 c:/maximsdk/tools/gnutools/10.3/bin/../lib/gcc/arm-none-eabi/10.3.1/../../../../arm-none-eabi/lib/thumb/v7e-m+fp/softfp\libc.a(lib_a-mallocr.o)
 .ARM.attributes
                0x000007cb       0x1c c:/maximsdk/tools/gnutools/10.3/bin/../lib/gcc/arm-none-eabi/10.3.1/../../../../arm-none-eabi/lib/thumb/v7e-m+fp/softfp\libc.a(lib_a-memchr.o)
 .ARM.attributes
                0x000007e7       0x32 c:/maximsdk/tools/gnutools/10.3/bin/../lib/gcc/arm-none-eabi/10.3.1/../../../../arm-none-eabi/lib/thumb/v7e-m+fp/softfp\libc.a(lib_a-memmove.o)
 .ARM.attributes
                0x00000819       0x32 c:/maximsdk/tools/gnutools/10.3/bin/../lib/gcc/arm-none-eabi/10.3.1/../../../../arm-none-eabi/lib/thumb/v7e-m+fp/softfp\libc.a(lib_a-mlock.o)
 .ARM.attributes
                0x0000084b       0x32 c:/maximsdk/tools/gnutools/10.3/bin/../lib/gcc/arm-none-eabi/10.3.1/../../../../arm-none-eabi/lib/thumb/v7e-m+fp/softfp\libc.a(lib_a-mprec.o)
 .ARM.attributes
                0x0000087d       0x32 c:/maximsdk/tools/gnutools/10.3/bin/../lib/gcc/arm-none-eabi/10.3.1/../../../../arm-none-eabi/lib/thumb/v7e-m+fp/softfp\libc.a(lib_a-reallocr.o)
 .ARM.attributes
                0x000008af       0x32 c:/maximsdk/tools/gnutools/10.3/bin/../lib/gcc/arm-none-eabi/10.3.1/../../../../arm-none-eabi/lib/thumb/v7e-m+fp/softfp\libc.a(lib_a-s_frexp.o)
 .ARM.attributes
                0x000008e1       0x32 c:/maximsdk/tools/gnutools/10.3/bin/../lib/gcc/arm-none-eabi/10.3.1/../../../../arm-none-eabi/lib/thumb/v7e-m+fp/softfp\libc.a(lib_a-sbrkr.o)
 .ARM.attributes
                0x00000913       0x32 c:/maximsdk/tools/gnutools/10.3/bin/../lib/gcc/arm-none-eabi/10.3.1/../../../../arm-none-eabi/lib/thumb/v7e-m+fp/softfp\libc.a(lib_a-stdio.o)
 .ARM.attributes
                0x00000945       0x32 c:/maximsdk/tools/gnutools/10.3/bin/../lib/gcc/arm-none-eabi/10.3.1/../../../../arm-none-eabi/lib/thumb/v7e-m+fp/softfp\libc.a(lib_a-strncpy.o)
 .ARM.attributes
                0x00000977       0x32 c:/maximsdk/tools/gnutools/10.3/bin/../lib/gcc/arm-none-eabi/10.3.1/../../../../arm-none-eabi/lib/thumb/v7e-m+fp/softfp\libc.a(lib_a-vfiprintf.o)
 .ARM.attributes
                0x000009a9       0x32 c:/maximsdk/tools/gnutools/10.3/bin/../lib/gcc/arm-none-eabi/10.3.1/../../../../arm-none-eabi/lib/thumb/v7e-m+fp/softfp\libc.a(lib_a-writer.o)
 .ARM.attributes
                0x000009db       0x32 c:/maximsdk/tools/gnutools/10.3/bin/../lib/gcc/arm-none-eabi/10.3.1/../../../../arm-none-eabi/lib/thumb/v7e-m+fp/softfp\libc.a(lib_a-__atexit.o)
 .ARM.attributes
                0x00000a0d       0x32 c:/maximsdk/tools/gnutools/10.3/bin/../lib/gcc/arm-none-eabi/10.3.1/../../../../arm-none-eabi/lib/thumb/v7e-m+fp/softfp\libc.a(lib_a-assert.o)
 .ARM.attributes
                0x00000a3f       0x32 c:/maximsdk/tools/gnutools/10.3/bin/../lib/gcc/arm-none-eabi/10.3.1/../../../../arm-none-eabi/lib/thumb/v7e-m+fp/softfp\libc.a(lib_a-callocr.o)
 .ARM.attributes
                0x00000a71       0x32 c:/maximsdk/tools/gnutools/10.3/bin/../lib/gcc/arm-none-eabi/10.3.1/../../../../arm-none-eabi/lib/thumb/v7e-m+fp/softfp\libc.a(lib_a-closer.o)
 .ARM.attributes
                0x00000aa3       0x32 c:/maximsdk/tools/gnutools/10.3/bin/../lib/gcc/arm-none-eabi/10.3.1/../../../../arm-none-eabi/lib/thumb/v7e-m+fp/softfp\libc.a(lib_a-fclose.o)
 .ARM.attributes
                0x00000ad5       0x32 c:/maximsdk/tools/gnutools/10.3/bin/../lib/gcc/arm-none-eabi/10.3.1/../../../../arm-none-eabi/lib/thumb/v7e-m+fp/softfp\libc.a(lib_a-fiprintf.o)
 .ARM.attributes
                0x00000b07       0x32 c:/maximsdk/tools/gnutools/10.3/bin/../lib/gcc/arm-none-eabi/10.3.1/../../../../arm-none-eabi/lib/thumb/v7e-m+fp/softfp\libc.a(lib_a-fputwc.o)
 .ARM.attributes
                0x00000b39       0x32 c:/maximsdk/tools/gnutools/10.3/bin/../lib/gcc/arm-none-eabi/10.3.1/../../../../arm-none-eabi/lib/thumb/v7e-m+fp/softfp\libc.a(lib_a-fstatr.o)
 .ARM.attributes
                0x00000b6b       0x32 c:/maximsdk/tools/gnutools/10.3/bin/../lib/gcc/arm-none-eabi/10.3.1/../../../../arm-none-eabi/lib/thumb/v7e-m+fp/softfp\libc.a(lib_a-isattyr.o)
 .ARM.attributes
                0x00000b9d       0x32 c:/maximsdk/tools/gnutools/10.3/bin/../lib/gcc/arm-none-eabi/10.3.1/../../../../arm-none-eabi/lib/thumb/v7e-m+fp/softfp\libc.a(lib_a-locale.o)
 .ARM.attributes
                0x00000bcf       0x32 c:/maximsdk/tools/gnutools/10.3/bin/../lib/gcc/arm-none-eabi/10.3.1/../../../../arm-none-eabi/lib/thumb/v7e-m+fp/softfp\libc.a(lib_a-lseekr.o)
 .ARM.attributes
                0x00000c01       0x32 c:/maximsdk/tools/gnutools/10.3/bin/../lib/gcc/arm-none-eabi/10.3.1/../../../../arm-none-eabi/lib/thumb/v7e-m+fp/softfp\libc.a(lib_a-mbtowc_r.o)
 .ARM.attributes
                0x00000c33       0x32 c:/maximsdk/tools/gnutools/10.3/bin/../lib/gcc/arm-none-eabi/10.3.1/../../../../arm-none-eabi/lib/thumb/v7e-m+fp/softfp\libc.a(lib_a-readr.o)
 .ARM.attributes
                0x00000c65       0x32 c:/maximsdk/tools/gnutools/10.3/bin/../lib/gcc/arm-none-eabi/10.3.1/../../../../arm-none-eabi/lib/thumb/v7e-m+fp/softfp\libc.a(lib_a-reent.o)
 .ARM.attributes
                0x00000c97       0x32 c:/maximsdk/tools/gnutools/10.3/bin/../lib/gcc/arm-none-eabi/10.3.1/../../../../arm-none-eabi/lib/thumb/v7e-m+fp/softfp\libc.a(lib_a-wbuf.o)
 .ARM.attributes
                0x00000cc9       0x32 c:/maximsdk/tools/gnutools/10.3/bin/../lib/gcc/arm-none-eabi/10.3.1/../../../../arm-none-eabi/lib/thumb/v7e-m+fp/softfp\libc.a(lib_a-wcrtomb.o)
 .ARM.attributes
                0x00000cfb       0x32 c:/maximsdk/tools/gnutools/10.3/bin/../lib/gcc/arm-none-eabi/10.3.1/../../../../arm-none-eabi/lib/thumb/v7e-m+fp/softfp\libc.a(lib_a-wctomb_r.o)
 .ARM.attributes
                0x00000d2d       0x32 c:/maximsdk/tools/gnutools/10.3/bin/../lib/gcc/arm-none-eabi/10.3.1/../../../../arm-none-eabi/lib/thumb/v7e-m+fp/softfp\libc.a(lib_a-abort.o)
 .ARM.attributes
                0x00000d5f       0x32 c:/maximsdk/tools/gnutools/10.3/bin/../lib/gcc/arm-none-eabi/10.3.1/../../../../arm-none-eabi/lib/thumb/v7e-m+fp/softfp\libc.a(lib_a-ctype_.o)
 .ARM.attributes
                0x00000d91       0x32 c:/maximsdk/tools/gnutools/10.3/bin/../lib/gcc/arm-none-eabi/10.3.1/../../../../arm-none-eabi/lib/thumb/v7e-m+fp/softfp\libc.a(lib_a-signal.o)
 .ARM.attributes
                0x00000dc3       0x32 c:/maximsdk/tools/gnutools/10.3/bin/../lib/gcc/arm-none-eabi/10.3.1/../../../../arm-none-eabi/lib/thumb/v7e-m+fp/softfp\libc.a(lib_a-signalr.o)
 .ARM.attributes
                0x00000df5       0x32 c:/maximsdk/tools/gnutools/10.3/bin/../lib/gcc/arm-none-eabi/10.3.1/../../../../arm-none-eabi/lib/thumb/v7e-m+fp/softfp\libnosys.a(_exit.o)
 .ARM.attributes
                0x00000e27       0x1e c:/maximsdk/tools/gnutools/10.3/bin/../lib/gcc/arm-none-eabi/10.3.1/thumb/v7e-m+fp/softfp\libgcc.a(_arm_addsubdf3.o)
 .ARM.attributes
                0x00000e45       0x1e c:/maximsdk/tools/gnutools/10.3/bin/../lib/gcc/arm-none-eabi/10.3.1/thumb/v7e-m+fp/softfp\libgcc.a(_arm_muldivdf3.o)
 .ARM.attributes
                0x00000e63       0x1e c:/maximsdk/tools/gnutools/10.3/bin/../lib/gcc/arm-none-eabi/10.3.1/thumb/v7e-m+fp/softfp\libgcc.a(_arm_cmpdf2.o)
 .ARM.attributes
                0x00000e81       0x1e c:/maximsdk/tools/gnutools/10.3/bin/../lib/gcc/arm-none-eabi/10.3.1/thumb/v7e-m+fp/softfp\libgcc.a(_arm_unorddf2.o)
 .ARM.attributes
                0x00000e9f       0x1e c:/maximsdk/tools/gnutools/10.3/bin/../lib/gcc/arm-none-eabi/10.3.1/thumb/v7e-m+fp/softfp\libgcc.a(_arm_fixdfsi.o)
 .ARM.attributes
                0x00000ebd       0x1e c:/maximsdk/tools/gnutools/10.3/bin/../lib/gcc/arm-none-eabi/10.3.1/thumb/v7e-m+fp/softfp\libgcc.a(_aeabi_uldivmod.o)
 .ARM.attributes
                0x00000edb       0x32 c:/maximsdk/tools/gnutools/10.3/bin/../lib/gcc/arm-none-eabi/10.3.1/thumb/v7e-m+fp/softfp\libgcc.a(_udivmoddi4.o)
 .ARM.attributes
                0x00000f0d       0x1e c:/maximsdk/tools/gnutools/10.3/bin/../lib/gcc/arm-none-eabi/10.3.1/thumb/v7e-m+fp/softfp\libgcc.a(_dvmd_tls.o)
 .ARM.attributes
                0x00000f2b       0x32 c:/maximsdk/tools/gnutools/10.3/bin/../lib/gcc/arm-none-eabi/10.3.1/thumb/v7e-m+fp/softfp/crtend.o
 .ARM.attributes
                0x00000f5d       0x1e c:/maximsdk/tools/gnutools/10.3/bin/../lib/gcc/arm-none-eabi/10.3.1/thumb/v7e-m+fp/softfp/crtn.o

.comment        0x00000000       0x49
 .comment       0x00000000       0x49 c:/Users/Vkarra/Documents/GitHub/MAX32666_UART_WakeUp/MAX32666_UART_Wakeup/UART_DeepSleep_WakeUp/build/main.o
                                 0x4a (size before relaxing)
 .comment       0x00000049       0x4a c:/Users/Vkarra/Documents/GitHub/MAX32666_UART_WakeUp/MAX32666_UART_Wakeup/UART_DeepSleep_WakeUp/build/board.o
 .comment       0x00000049       0x4a c:/Users/Vkarra/Documents/GitHub/MAX32666_UART_WakeUp/MAX32666_UART_Wakeup/UART_DeepSleep_WakeUp/build/stdio.o
 .comment       0x00000049       0x4a c:/Users/Vkarra/Documents/GitHub/MAX32666_UART_WakeUp/MAX32666_UART_Wakeup/UART_DeepSleep_WakeUp/build/led.o
 .comment       0x00000049       0x4a c:/Users/Vkarra/Documents/GitHub/MAX32666_UART_WakeUp/MAX32666_UART_Wakeup/UART_DeepSleep_WakeUp/build/pb.o
 .comment       0x00000049       0x4a c:/Users/Vkarra/Documents/GitHub/MAX32666_UART_WakeUp/MAX32666_UART_Wakeup/UART_DeepSleep_WakeUp/build/heap.o
 .comment       0x00000049       0x4a c:/Users/Vkarra/Documents/GitHub/MAX32666_UART_WakeUp/MAX32666_UART_Wakeup/UART_DeepSleep_WakeUp/build/system_max32665.o
 .comment       0x00000049       0x4a C:/MaximSDK/Libraries/PeriphDrivers/bin/MAX32665/softfp/libPeriphDriver_softfp.a(mxc_delay.o)
 .comment       0x00000049       0x4a C:/MaximSDK/Libraries/PeriphDrivers/bin/MAX32665/softfp/libPeriphDriver_softfp.a(sys_me14.o)
 .comment       0x00000049       0x4a C:/MaximSDK/Libraries/PeriphDrivers/bin/MAX32665/softfp/libPeriphDriver_softfp.a(gpio_me14.o)
 .comment       0x00000049       0x4a C:/MaximSDK/Libraries/PeriphDrivers/bin/MAX32665/softfp/libPeriphDriver_softfp.a(gpio_reva.o)
 .comment       0x00000049       0x4a C:/MaximSDK/Libraries/PeriphDrivers/bin/MAX32665/softfp/libPeriphDriver_softfp.a(uart_me14.o)
 .comment       0x00000049       0x4a C:/MaximSDK/Libraries/PeriphDrivers/bin/MAX32665/softfp/libPeriphDriver_softfp.a(uart_reva.o)
 .comment       0x00000049       0x4a C:/MaximSDK/Libraries/PeriphDrivers/bin/MAX32665/softfp/libPeriphDriver_softfp.a(pins_me14.o)
 .comment       0x00000049       0x4a C:/MaximSDK/Libraries/PeriphDrivers/bin/MAX32665/softfp/libPeriphDriver_softfp.a(gpio_common.o)
 .comment       0x00000049       0x4a C:/MaximSDK/Libraries/PeriphDrivers/bin/MAX32665/softfp/libPeriphDriver_softfp.a(uart_common.o)

.stack          0x00000000     0x1000
 .stack         0x00000000     0x1000 c:/Users/Vkarra/Documents/GitHub/MAX32666_UART_WakeUp/MAX32666_UART_Wakeup/UART_DeepSleep_WakeUp/build/startup_max32665.o

.debug_info     0x00000000     0xbe40
 .debug_info    0x00000000      0x380 c:/Users/Vkarra/Documents/GitHub/MAX32666_UART_WakeUp/MAX32666_UART_Wakeup/UART_DeepSleep_WakeUp/build/main.o
 .debug_info    0x00000380      0x7d8 c:/Users/Vkarra/Documents/GitHub/MAX32666_UART_WakeUp/MAX32666_UART_Wakeup/UART_DeepSleep_WakeUp/build/board.o
 .debug_info    0x00000b58      0x635 c:/Users/Vkarra/Documents/GitHub/MAX32666_UART_WakeUp/MAX32666_UART_Wakeup/UART_DeepSleep_WakeUp/build/stdio.o
 .debug_info    0x0000118d      0x5c6 c:/Users/Vkarra/Documents/GitHub/MAX32666_UART_WakeUp/MAX32666_UART_Wakeup/UART_DeepSleep_WakeUp/build/led.o
 .debug_info    0x00001753      0xcf1 c:/Users/Vkarra/Documents/GitHub/MAX32666_UART_WakeUp/MAX32666_UART_Wakeup/UART_DeepSleep_WakeUp/build/pb.o
 .debug_info    0x00002444      0x112 c:/Users/Vkarra/Documents/GitHub/MAX32666_UART_WakeUp/MAX32666_UART_Wakeup/UART_DeepSleep_WakeUp/build/heap.o
 .debug_info    0x00002556      0xc73 c:/Users/Vkarra/Documents/GitHub/MAX32666_UART_WakeUp/MAX32666_UART_Wakeup/UART_DeepSleep_WakeUp/build/system_max32665.o
 .debug_info    0x000031c9      0x37f C:/MaximSDK/Libraries/PeriphDrivers/bin/MAX32665/softfp/libPeriphDriver_softfp.a(mxc_delay.o)
 .debug_info    0x00003548      0xaf0 C:/MaximSDK/Libraries/PeriphDrivers/bin/MAX32665/softfp/libPeriphDriver_softfp.a(sys_me14.o)
 .debug_info    0x00004038     0x11ea C:/MaximSDK/Libraries/PeriphDrivers/bin/MAX32665/softfp/libPeriphDriver_softfp.a(gpio_me14.o)
 .debug_info    0x00005222      0xa8e C:/MaximSDK/Libraries/PeriphDrivers/bin/MAX32665/softfp/libPeriphDriver_softfp.a(gpio_reva.o)
 .debug_info    0x00005cb0     0x243e C:/MaximSDK/Libraries/PeriphDrivers/bin/MAX32665/softfp/libPeriphDriver_softfp.a(uart_me14.o)
 .debug_info    0x000080ee     0x2741 C:/MaximSDK/Libraries/PeriphDrivers/bin/MAX32665/softfp/libPeriphDriver_softfp.a(uart_reva.o)
 .debug_info    0x0000a82f      0xd59 C:/MaximSDK/Libraries/PeriphDrivers/bin/MAX32665/softfp/libPeriphDriver_softfp.a(pins_me14.o)
 .debug_info    0x0000b588      0x637 C:/MaximSDK/Libraries/PeriphDrivers/bin/MAX32665/softfp/libPeriphDriver_softfp.a(gpio_common.o)
 .debug_info    0x0000bbbf      0x281 C:/MaximSDK/Libraries/PeriphDrivers/bin/MAX32665/softfp/libPeriphDriver_softfp.a(uart_common.o)

.debug_abbrev   0x00000000     0x1d79
 .debug_abbrev  0x00000000      0x1a2 c:/Users/Vkarra/Documents/GitHub/MAX32666_UART_WakeUp/MAX32666_UART_Wakeup/UART_DeepSleep_WakeUp/build/main.o
 .debug_abbrev  0x000001a2      0x1df c:/Users/Vkarra/Documents/GitHub/MAX32666_UART_WakeUp/MAX32666_UART_Wakeup/UART_DeepSleep_WakeUp/build/board.o
 .debug_abbrev  0x00000381      0x17e c:/Users/Vkarra/Documents/GitHub/MAX32666_UART_WakeUp/MAX32666_UART_Wakeup/UART_DeepSleep_WakeUp/build/stdio.o
 .debug_abbrev  0x000004ff      0x195 c:/Users/Vkarra/Documents/GitHub/MAX32666_UART_WakeUp/MAX32666_UART_Wakeup/UART_DeepSleep_WakeUp/build/led.o
 .debug_abbrev  0x00000694      0x269 c:/Users/Vkarra/Documents/GitHub/MAX32666_UART_WakeUp/MAX32666_UART_Wakeup/UART_DeepSleep_WakeUp/build/pb.o
 .debug_abbrev  0x000008fd       0xcd c:/Users/Vkarra/Documents/GitHub/MAX32666_UART_WakeUp/MAX32666_UART_Wakeup/UART_DeepSleep_WakeUp/build/heap.o
 .debug_abbrev  0x000009ca      0x25b c:/Users/Vkarra/Documents/GitHub/MAX32666_UART_WakeUp/MAX32666_UART_Wakeup/UART_DeepSleep_WakeUp/build/system_max32665.o