Archive member included to satisfy reference by file (symbol)

C:/MaximSDK/Libraries/PeriphDrivers/bin/MAX32665/softfp/libPeriphDriver_softfp.a(mxc_delay.o)
                              c:/Users/Vkarra/Documents/GitHub/MAX32666_UART_WakeUp/MAX32666_UART_Wakeup/UART_DeepSleep_WakeUp/build/startup_max32665.o (SysTick_Handler)
C:/MaximSDK/Libraries/PeriphDrivers/bin/MAX32665/softfp/libPeriphDriver_softfp.a(sys_me14.o)
                              c:/Users/Vkarra/Documents/GitHub/MAX32666_UART_WakeUp/MAX32666_UART_Wakeup/UART_DeepSleep_WakeUp/build/system_max32665.o (MXC_SYS_ClockEnable)
C:/MaximSDK/Libraries/PeriphDrivers/bin/MAX32665/softfp/libPeriphDriver_softfp.a(flc_me14.o)
                              C:/MaximSDK/Libraries/PeriphDrivers/bin/MAX32665/softfp/libPeriphDriver_softfp.a(sys_me14.o) (MXC_FLC_UnlockInfoBlock)
C:/MaximSDK/Libraries/PeriphDrivers/bin/MAX32665/softfp/libPeriphDriver_softfp.a(flc_reva.o)
                              C:/MaximSDK/Libraries/PeriphDrivers/bin/MAX32665/softfp/libPeriphDriver_softfp.a(flc_me14.o) (MXC_FLC_RevA_Busy)
C:/MaximSDK/Libraries/PeriphDrivers/bin/MAX32665/softfp/libPeriphDriver_softfp.a(gpio_me14.o)
                              c:/Users/Vkarra/Documents/GitHub/MAX32666_UART_WakeUp/MAX32666_UART_Wakeup/UART_DeepSleep_WakeUp/build/pb.o (MXC_GPIO_InGet)
C:/MaximSDK/Libraries/PeriphDrivers/bin/MAX32665/softfp/libPeriphDriver_softfp.a(gpio_reva.o)
                              C:/MaximSDK/Libraries/PeriphDrivers/bin/MAX32665/softfp/libPeriphDriver_softfp.a(gpio_me14.o) (MXC_GPIO_RevA_InGet)
C:/MaximSDK/Libraries/PeriphDrivers/bin/MAX32665/softfp/libPeriphDriver_softfp.a(lp_me14.o)
                              c:/Users/Vkarra/Documents/GitHub/MAX32666_UART_WakeUp/MAX32666_UART_Wakeup/UART_DeepSleep_WakeUp/build/main.o (MXC_LP_EnableGPIOWakeup)
C:/MaximSDK/Libraries/PeriphDrivers/bin/MAX32665/softfp/libPeriphDriver_softfp.a(simo_me14.o)
                              C:/MaximSDK/Libraries/PeriphDrivers/bin/MAX32665/softfp/libPeriphDriver_softfp.a(lp_me14.o) (MXC_SIMO_SetVregO_B)
C:/MaximSDK/Libraries/PeriphDrivers/bin/MAX32665/softfp/libPeriphDriver_softfp.a(simo_reva.o)
                              C:/MaximSDK/Libraries/PeriphDrivers/bin/MAX32665/softfp/libPeriphDriver_softfp.a(simo_me14.o) (MXC_SIMO_RevA_SetVregO_A)
C:/MaximSDK/Libraries/PeriphDrivers/bin/MAX32665/softfp/libPeriphDriver_softfp.a(tpu_me14.o)
                              C:/MaximSDK/Libraries/PeriphDrivers/bin/MAX32665/softfp/libPeriphDriver_softfp.a(sys_me14.o) (MXC_TPU_Cipher_Config)
C:/MaximSDK/Libraries/PeriphDrivers/bin/MAX32665/softfp/libPeriphDriver_softfp.a(tpu_reva.o)
                              C:/MaximSDK/Libraries/PeriphDrivers/bin/MAX32665/softfp/libPeriphDriver_softfp.a(tpu_me14.o) (MXC_TPU_RevA_Reset)
C:/MaximSDK/Libraries/PeriphDrivers/bin/MAX32665/softfp/libPeriphDriver_softfp.a(uart_me14.o)
                              c:/Users/Vkarra/Documents/GitHub/MAX32666_UART_WakeUp/MAX32666_UART_Wakeup/UART_DeepSleep_WakeUp/build/board.o (MXC_UART_Shutdown)
C:/MaximSDK/Libraries/PeriphDrivers/bin/MAX32665/softfp/libPeriphDriver_softfp.a(uart_reva.o)
                              C:/MaximSDK/Libraries/PeriphDrivers/bin/MAX32665/softfp/libPeriphDriver_softfp.a(uart_me14.o) (MXC_UART_RevA_Init)
C:/MaximSDK/Libraries/PeriphDrivers/bin/MAX32665/softfp/libPeriphDriver_softfp.a(nvic_table.o)
                              C:/MaximSDK/Libraries/PeriphDrivers/bin/MAX32665/softfp/libPeriphDriver_softfp.a(uart_reva.o) (MXC_NVIC_SetVector)
C:/MaximSDK/Libraries/PeriphDrivers/bin/MAX32665/softfp/libPeriphDriver_softfp.a(pins_me14.o)
                              C:/MaximSDK/Libraries/PeriphDrivers/bin/MAX32665/softfp/libPeriphDriver_softfp.a(uart_me14.o) (gpio_cfg_uart2b_flow)
C:/MaximSDK/Libraries/PeriphDrivers/bin/MAX32665/softfp/libPeriphDriver_softfp.a(dma_me14.o)
                              C:/MaximSDK/Libraries/PeriphDrivers/bin/MAX32665/softfp/libPeriphDriver_softfp.a(uart_reva.o) (MXC_DMA_Init)
C:/MaximSDK/Libraries/PeriphDrivers/bin/MAX32665/softfp/libPeriphDriver_softfp.a(dma_reva.o)
                              C:/MaximSDK/Libraries/PeriphDrivers/bin/MAX32665/softfp/libPeriphDriver_softfp.a(dma_me14.o) (MXC_DMA_RevA_Init)
C:/MaximSDK/Libraries/PeriphDrivers/bin/MAX32665/softfp/libPeriphDriver_softfp.a(flc_common.o)
                              C:/MaximSDK/Libraries/PeriphDrivers/bin/MAX32665/softfp/libPeriphDriver_softfp.a(flc_me14.o) (MXC_FLC_Com_VerifyData)
C:/MaximSDK/Libraries/PeriphDrivers/bin/MAX32665/softfp/libPeriphDriver_softfp.a(gpio_common.o)
                              C:/MaximSDK/Libraries/PeriphDrivers/bin/MAX32665/softfp/libPeriphDriver_softfp.a(gpio_me14.o) (MXC_GPIO_Common_Init)
C:/MaximSDK/Libraries/PeriphDrivers/bin/MAX32665/softfp/libPeriphDriver_softfp.a(icc_me14.o)
                              C:/MaximSDK/Libraries/PeriphDrivers/bin/MAX32665/softfp/libPeriphDriver_softfp.a(lp_me14.o) (MXC_ICC_Disable)
[...]
Memory Configuration

Name             Origin             Length             Attributes
SPIX             0x08000000         0x08000000         xr
FLASH            0x10000000         0x00100000         xr
PAL_NVM_DB       0x10100000         0x00000000         r
OTP              0x20000000         0x00000000         xrw
ARM_SHARED       0x20000000         0x00000000         xrw
SDMA_SHARED      0x20000000         0x00000000         xrw
SDMA_DATA        0x20000000         0x00000000         xrw
SDMA_CODE        0x20000000         0x00000000         xrw
SRAM             0x20000000         0x0008c000         xrw
SPID             0x80000000         0x20000000         rw
*default*        0x00000000         0xffffffff

Linker script and memory map

LOAD c:/maximsdk/tools/gnutools/10.3/bin/../lib/gcc/arm-none-eabi/10.3.1/thumb/v7e-m+fp/softfp/crti.o
LOAD c:/maximsdk/tools/gnutools/10.3/bin/../lib/gcc/arm-none-eabi/10.3.1/thumb/v7e-m+fp/softfp/crtbegin.o
LOAD c:/maximsdk/tools/gnutools/10.3/bin/../lib/gcc/arm-none-eabi/10.3.1/../../../../arm-none-eabi/lib/thumb/v7e-m+fp/softfp/crt0.o
LOAD c:/Users/Vkarra/Documents/GitHub/MAX32666_UART_WakeUp/MAX32666_UART_Wakeup/UART_DeepSleep_WakeUp/build/main.o
LOAD c:/Users/Vkarra/Documents/GitHub/MAX32666_UART_WakeUp/MAX32666_UART_Wakeup/UART_DeepSleep_WakeUp/build/board.o
LOAD c:/Users/Vkarra/Documents/GitHub/MAX32666_UART_WakeUp/MAX32666_UART_Wakeup/UART_DeepSleep_WakeUp/build/stdio.o
LOAD c:/Users/Vkarra/Documents/GitHub/MAX32666_UART_WakeUp/MAX32666_UART_Wakeup/UART_DeepSleep_WakeUp/build/led.o
LOAD c:/Users/Vkarra/Documents/GitHub/MAX32666_UART_WakeUp/MAX32666_UART_Wakeup/UART_DeepSleep_WakeUp/build/pb.o
LOAD c:/Users/Vkarra/Documents/GitHub/MAX32666_UART_WakeUp/MAX32666_UART_Wakeup/UART_DeepSleep_WakeUp/build/startup_max32665.o
LOAD c:/Users/Vkarra/Documents/GitHub/MAX32666_UART_WakeUp/MAX32666_UART_Wakeup/UART_DeepSleep_WakeUp/build/backup_max32665.o
LOAD c:/Users/Vkarra/Documents/GitHub/MAX32666_UART_WakeUp/MAX32666_UART_Wakeup/UART_DeepSleep_WakeUp/build/heap.o
LOAD c:/Users/Vkarra/Documents/GitHub/MAX32666_UART_WakeUp/MAX32666_UART_Wakeup/UART_DeepSleep_WakeUp/build/system_max32665.o
START GROUP
LOAD C:/MaximSDK/Libraries/PeriphDrivers/bin/MAX32665/softfp/libPeriphDriver_softfp.a
LOAD c:/maximsdk/tools/gnutools/10.3/bin/../lib/gcc/arm-none-eabi/10.3.1/../../../../arm-none-eabi/lib/thumb/v7e-m+fp/softfp\libc.a
LOAD c:/maximsdk/tools/gnutools/10.3/bin/../lib/gcc/arm-none-eabi/10.3.1/../../../../arm-none-eabi/lib/thumb/v7e-m+fp/softfp\libm.a
LOAD c:/maximsdk/tools/gnutools/10.3/bin/../lib/gcc/arm-none-eabi/10.3.1/../../../../arm-none-eabi/lib/thumb/v7e-m+fp/softfp\libnosys.a
END GROUP
START GROUP
LOAD c:/maximsdk/tools/gnutools/10.3/bin/../lib/gcc/arm-none-eabi/10.3.1/thumb/v7e-m+fp/softfp\libgcc.a
LOAD c:/maximsdk/tools/gnutools/10.3/bin/../lib/gcc/arm-none-eabi/10.3.1/../../../../arm-none-eabi/lib/thumb/v7e-m+fp/softfp\libc.a
END GROUP
LOAD c:/maximsdk/tools/gnutools/10.3/bin/../lib/gcc/arm-none-eabi/10.3.1/thumb/v7e-m+fp/softfp/crtend.o
LOAD c:/maximsdk/tools/gnutools/10.3/bin/../lib/gcc/arm-none-eabi/10.3.1/thumb/v7e-m+fp/softfp/crtn.o
                0x20000000                SRAM_ORIGIN = 0x20000000
                0x00000000                SDMA_CODE_LEN = DEFINED (SDMA_CODE_SIZE)?SDMA_CODE_SIZE:0x0
                0x00000000                SDMA_DATA_LEN = DEFINED (SDMA_DATA_SIZE)?SDMA_DATA_SIZE:0x0
                0x00000000                SDMA_LEN = (SDMA_CODE_LEN + SDMA_DATA_LEN)
                0x00000000                OTP_LEN = DEFINED (SDMA_CODE_SIZE)?0x40:0x0
                0x00000000                SHARED_LEN = DEFINED (SDMA_CODE_SIZE)?0x400:0x0
                0x00000000                SHARED_LEN_HALF = (SHARED_LEN / 0x2)
                0x20000000                OTP_ADDR = SRAM_ORIGIN
                0x20000000                SHARED_ADDR = (OTP_ADDR + OTP_LEN)
                0x20000000                SDMA_DATA_ADDR = (SHARED_ADDR + SHARED_LEN)
                0x20000000                SDMA_CODE_ADDR = (SDMA_DATA_ADDR + SDMA_DATA_LEN)
                0x20000000                SRAM_ADDR = (SDMA_CODE_ADDR + SDMA_CODE_LEN)
                0x0008c000                SRAM_LEN = (((SRAM_SIZE - OTP_LEN) - SHARED_LEN) - SDMA_LEN)
                0x00100000                FLASH_MEM_SIZE = (0x100000 - _PAL_NVM_SIZE)
                0x10100000                PAL_NVM_ORIGIN = ((0x100000 - _PAL_NVM_SIZE) + 0x10000000)

.text           0x10000000     0x9524
                0x10000000                _text = .
 *(.isr_vector)
 .isr_vector    0x10000000      0x1bc c:/Users/Vkarra/Documents/GitHub/MAX32666_UART_WakeUp/MAX32666_UART_Wakeup/UART_DeepSleep_WakeUp/build/startup_max32665.o
                0x10000000                __isr_vector
 *(.text*)
 .text          0x100001bc       0x40 c:/maximsdk/tools/gnutools/10.3/bin/../lib/gcc/arm-none-eabi/10.3.1/thumb/v7e-m+fp/softfp/crtbegin.o
 .text.buttonHandler
                0x100001fc        0xc c:/Users/Vkarra/Documents/GitHub/MAX32666_UART_WakeUp/MAX32666_UART_Wakeup/UART_DeepSleep_WakeUp/build/main.o
                0x100001fc                buttonHandler
 .text.uartIntHandler
                0x10000208        0x2 c:/Users/Vkarra/Documents/GitHub/MAX32666_UART_WakeUp/MAX32666_UART_Wakeup/UART_DeepSleep_WakeUp/build/main.o
 .text.GPIO0_IRQHandler
                0x1000020a        0xa c:/Users/Vkarra/Documents/GitHub/MAX32666_UART_WakeUp/MAX32666_UART_Wakeup/UART_DeepSleep_WakeUp/build/main.o
                0x1000020a                GPIO0_IRQHandler
 .text.setTrigger
                0x10000214       0x38 c:/Users/Vkarra/Documents/GitHub/MAX32666_UART_WakeUp/MAX32666_UART_Wakeup/UART_DeepSleep_WakeUp/build/main.o
                0x10000214                setTrigger
 .text.read_echo_UART
                0x1000024c       0x1c c:/Users/Vkarra/Documents/GitHub/MAX32666_UART_WakeUp/MAX32666_UART_Wakeup/UART_DeepSleep_WakeUp/build/main.o
                0x1000024c                read_echo_UART
 .text.main     0x10000268      0x1ac c:/Users/Vkarra/Documents/GitHub/MAX32666_UART_WakeUp/MAX32666_UART_Wakeup/UART_DeepSleep_WakeUp/build/main.o
                0x10000268                main
 .text.mxc_assert
                0x10000414       0x10 c:/Users/Vkarra/Documents/GitHub/MAX32666_UART_WakeUp/MAX32666_UART_Wakeup/UART_DeepSleep_WakeUp/build/board.o
                0x10000414                mxc_assert
 .text.GPIO1_IRQHandler
                0x10000424        0xa c:/Users/Vkarra/Documents/GitHub/MAX32666_UART_WakeUp/MAX32666_UART_Wakeup/UART_DeepSleep_WakeUp/build/board.o
                0x10000424                GPIO1_IRQHandler
 *fill*         0x1000042e        0x2 
 .text.Console_Init
                0x10000430       0x18 c:/Users/Vkarra/Documents/GitHub/MAX32666_UART_WakeUp/MAX32666_UART_Wakeup/UART_DeepSleep_WakeUp/build/board.o
                0x10000430                Console_Init
 .text.Board_Init
                0x10000448       0x34 c:/Users/Vkarra/Documents/GitHub/MAX32666_UART_WakeUp/MAX32666_UART_Wakeup/UART_DeepSleep_WakeUp/build/board.o
                0x10000448                Board_Init
 .text.NMI_Handler
                0x1000047c        0x4 c:/Users/Vkarra/Documents/GitHub/MAX32666_UART_WakeUp/MAX32666_UART_Wakeup/UART_DeepSleep_WakeUp/build/board.o
                0x1000047c                NMI_Handler
 .text._close   0x10000480        0x6 c:/Users/Vkarra/Documents/GitHub/MAX32666_UART_WakeUp/MAX32666_UART_Wakeup/UART_DeepSleep_WakeUp/build/stdio.o
                0x10000480                _close
 .text._isatty  0x10000486        0x6 c:/Users/Vkarra/Documents/GitHub/MAX32666_UART_WakeUp/MAX32666_UART_Wakeup/UART_DeepSleep_WakeUp/build/stdio.o
                0x10000486                _isatty
 .text._lseek   0x1000048c        0x6 c:/Users/Vkarra/Documents/GitHub/MAX32666_UART_WakeUp/MAX32666_UART_Wakeup/UART_DeepSleep_WakeUp/build/stdio.o
                0x1000048c                _lseek
 .text._fstat   0x10000492        0x6 c:/Users/Vkarra/Documents/GitHub/MAX32666_UART_WakeUp/MAX32666_UART_Wakeup/UART_DeepSleep_WakeUp/build/stdio.o
                0x10000492                _fstat
 .text._read    0x10000498       0x50 c:/Users/Vkarra/Documents/GitHub/MAX32666_UART_WakeUp/MAX32666_UART_Wakeup/UART_DeepSleep_WakeUp/build/stdio.o
                0x10000498                _read
 .text._write   0x100004e8       0x44 c:/Users/Vkarra/Documents/GitHub/MAX32666_UART_WakeUp/MAX32666_UART_Wakeup/UART_DeepSleep_WakeUp/build/stdio.o
                0x100004e8                _write
 .text.LED_Off  0x1000052c       0x44 c:/Users/Vkarra/Documents/GitHub/MAX32666_UART_WakeUp/MAX32666_UART_Wakeup/UART_DeepSleep_WakeUp/build/led.o
                0x1000052c                LED_Off
 .text.LED_Init
                0x10000570       0x3c c:/Users/Vkarra/Documents/GitHub/MAX32666_UART_WakeUp/MAX32666_UART_Wakeup/UART_DeepSleep_WakeUp/build/led.o
                0x10000570                LED_Init
 .text.PB_Init  0x100005ac       0x38 c:/Users/Vkarra/Documents/GitHub/MAX32666_UART_WakeUp/MAX32666_UART_Wakeup/UART_DeepSleep_WakeUp/build/pb.o
                0x100005ac                PB_Init
 .text.PB_RegisterCallback
                0x100005e4       0xac c:/Users/Vkarra/Documents/GitHub/MAX32666_UART_WakeUp/MAX32666_UART_Wakeup/UART_DeepSleep_WakeUp/build/pb.o
                0x100005e4                PB_RegisterCallback
 .text          0x10000690      0x134 c:/Users/Vkarra/Documents/GitHub/MAX32666_UART_WakeUp/MAX32666_UART_Wakeup/UART_DeepSleep_WakeUp/build/startup_max32665.o
                0x10000690                Reset_Handler
                0x100006ce                HardFault_Handler
                0x100006d0                MemManage_Handler
                0x100006d2                BusFault_Handler
                0x100006d4                UsageFault_Handler
                0x100006d6                SVC_Handler
                0x100006d8                PendSV_Handler
                0x100006da                Default_Handler
                0x100006dc                PF_IRQHandler
                0x100006de                WDT0_IRQHandler
                0x100006e0                USB_IRQHandler
                0x100006e2                RTC_IRQHandler
                0x100006e4                TRNG_IRQHandler
                0x100006e6                TMR0_IRQHandler
                0x100006e8                TMR1_IRQHandler
                0x100006ea                TMR2_IRQHandler
                0x100006ec                TMR3_IRQHandler
                0x100006ee                TMR4_IRQHandler
                0x100006f0                TMR5_IRQHandler
                0x100006f2                RSV11_IRQHandler
                0x100006f4                RSV12_IRQHandler
                0x100006f6                I2C0_IRQHandler
                0x100006f8                UART0_IRQHandler
                0x100006fa                UART1_IRQHandler
                0x100006fc                SPI1_IRQHandler
                0x100006fe                SPI2_IRQHandler
                0x10000700                RSV18_IRQHandler
                0x10000702                RSV19_IRQHandler
                0x10000704                ADC_IRQHandler
                0x10000706                RSV21_IRQHandler
                0x10000708                RSV22_IRQHandler
                0x1000070a                FLC0_IRQHandler
                0x10000710                RSV26_IRQHandler
                0x10000712                TPU_IRQHandler
                0x10000714                DMA0_IRQHandler
                0x10000716                DMA1_IRQHandler
                0x10000718                DMA2_IRQHandler
                0x1000071a                DMA3_IRQHandler
                0x1000071c                RSV32_IRQHandler
                0x1000071e                RSV33_IRQHandler
                0x10000720                UART2_IRQHandler
                0x10000722                RSV35_IRQHandler
                0x10000724                I2C1_IRQHandler
                0x10000726                RSV37_IRQHandler
                0x10000728                SPIXFC_IRQHandler
                0x1000072a                BTLE_TX_DONE_IRQHandler
                0x1000072c                BTLE_RX_RCVD_IRQHandler
                0x1000072e                BTLE_RX_ENG_DET_IRQHandler
                0x10000730                BTLE_SFD_DET_IRQHandler
                0x10000732                BTLE_SFD_TO_IRQHandler
                0x10000734                BTLE_GP_EVENT_IRQHandler
                0x10000736                BTLE_CFO_IRQHandler
                0x10000738                BTLE_SIG_DET_IRQHandler
                0x1000073a                BTLE_AGC_EVENT_IRQHandler
                0x1000073c                BTLE_RFFE_SPIM_IRQHandler
                0x1000073e                BTLE_TX_AES_IRQHandler
                0x10000740                BTLE_RX_AES_IRQHandler
                0x10000742                BTLE_INV_APB_ADDR_IRQHandler
                0x10000744                BTLE_IQ_DATA_VALID_IRQHandler
                0x10000746                WUT_IRQHandler
                0x10000748                GPIOWAKE_IRQHandler
                0x1000074a                RSV55_IRQHandler
                0x1000074c                SPI0_IRQHandler
                0x1000074e                WDT1_IRQHandler
                0x10000750                RSV58_IRQHandler
                0x10000752                PT_IRQHandler
                0x10000754                SDMA0_IRQHandler
                0x10000756                RSV61_IRQHandler
                0x10000758                I2C2_IRQHandler
                0x1000075a                RSV63_IRQHandler
                0x1000075c                RSV64_IRQHandler
                0x1000075e                RSV65_IRQHandler
                0x10000760                SDHC_IRQHandler
                0x10000762                OWM_IRQHandler
                0x10000764                DMA4_IRQHandler
                0x10000766                DMA5_IRQHandler
                0x10000768                DMA6_IRQHandler
                0x1000076a                DMA7_IRQHandler
                0x1000076c                DMA8_IRQHandler
                0x1000076e                DMA9_IRQHandler
                0x10000770                DMA10_IRQHandler
                0x10000772                DMA11_IRQHandler
                0x10000774                DMA12_IRQHandler
                0x10000776                DMA13_IRQHandler
                0x10000778                DMA14_IRQHandler
                0x1000077a                DMA15_IRQHandler
                0x1000077c                USBDMA_IRQHandler
                0x1000077e                WDT2_IRQHandler
                0x10000780                ECC_IRQHandler
                0x10000782                DVS_IRQHandler
                0x10000784                SIMO_IRQHandler
                0x10000786                SCA_IRQHandler
                0x10000788                AUDIO_IRQHandler
                0x1000078a                FLC1_IRQHandler
                0x1000078c                RSV88_IRQHandler
                0x1000078e                RSV89_IRQHandler
                0x10000790                RSV90_IRQHandler
                0x10000792                RSV91_IRQHandler
                0x10000794                RSV92_IRQHandler
                0x10000796                HTMR0_IRQHandler
                0x10000798                HTMR1_IRQHandler
 .text._sbrk    0x100007c4       0x40 c:/Users/Vkarra/Documents/GitHub/MAX32666_UART_WakeUp/MAX32666_UART_Wakeup/UART_DeepSleep_WakeUp/build/heap.o
                0x100007c4                _sbrk
 .text._getpid  0x10000804        0x6 c:/Users/Vkarra/Documents/GitHub/MAX32666_UART_WakeUp/MAX32666_UART_Wakeup/UART_DeepSleep_WakeUp/build/system_max32665.o
                0x10000804                _getpid
 .text._kill    0x1000080a        0x6 c:/Users/Vkarra/Documents/GitHub/MAX32666_UART_WakeUp/MAX32666_UART_Wakeup/UART_DeepSleep_WakeUp/build/system_max32665.o
                0x1000080a                _kill
 .text.SystemCoreClockUpdate
                0x10000810       0x6c c:/Users/Vkarra/Documents/GitHub/MAX32666_UART_WakeUp/MAX32666_UART_Wakeup/UART_DeepSleep_WakeUp/build/system_max32665.o
                0x10000810                SystemCoreClockUpdate
 .text.PreInit  0x1000087c       0x60 c:/Users/Vkarra/Documents/GitHub/MAX32666_UART_WakeUp/MAX32666_UART_Wakeup/UART_DeepSleep_WakeUp/build/system_max32665.o
                0x1000087c                PreInit
 .text.PalSysInit
                0x100008dc        0x2 c:/Users/Vkarra/Documents/GitHub/MAX32666_UART_WakeUp/MAX32666_UART_Wakeup/UART_DeepSleep_WakeUp/build/system_max32665.o
                0x100008dc                PalSysInit
 *fill*         0x100008de        0x2 
 .text.SystemInit
                0x100008e0      0x110 c:/Users/Vkarra/Documents/GitHub/MAX32666_UART_WakeUp/MAX32666_UART_Wakeup/UART_DeepSleep_WakeUp/build/system_max32665.o
                0x100008e0                SystemInit
 .text.MXC_DelayInit
                0x100009f0       0x84 C:/MaximSDK/Libraries/PeriphDrivers/bin/MAX32665/softfp/libPeriphDriver_softfp.a(mxc_delay.o)
 .text.MXC_DelayAsync
                0x10000a74       0x44 C:/MaximSDK/Libraries/PeriphDrivers/bin/MAX32665/softfp/libPeriphDriver_softfp.a(mxc_delay.o)
                0x10000a74                MXC_DelayAsync
 .text.MXC_DelayAbort
                0x10000ab8       0x34 C:/MaximSDK/Libraries/PeriphDrivers/bin/MAX32665/softfp/libPeriphDriver_softfp.a(mxc_delay.o)
                0x10000ab8                MXC_DelayAbort
 .text.MXC_DelayHandler
                0x10000aec       0x40 C:/MaximSDK/Libraries/PeriphDrivers/bin/MAX32665/softfp/libPeriphDriver_softfp.a(mxc_delay.o)
                0x10000aec                MXC_DelayHandler
 .text.SysTick_Handler
                0x10000b2c        0x8 C:/MaximSDK/Libraries/PeriphDrivers/bin/MAX32665/softfp/libPeriphDriver_softfp.a(mxc_delay.o)
                0x10000b2c                SysTick_Handler
 .text.MXC_DelayCheck
                0x10000b34       0x64 C:/MaximSDK/Libraries/PeriphDrivers/bin/MAX32665/softfp/libPeriphDriver_softfp.a(mxc_delay.o)
                0x10000b34                MXC_DelayCheck
 .text.MXC_SYS_ClockDisable
                0x10000b98       0x2c C:/MaximSDK/Libraries/PeriphDrivers/bin/MAX32665/softfp/libPeriphDriver_softfp.a(sys_me14.o)
                0x10000b98                MXC_SYS_ClockDisable
 .text.MXC_SYS_ClockEnable
                0x10000bc4       0x30 C:/MaximSDK/Libraries/PeriphDrivers/bin/MAX32665/softfp/libPeriphDriver_softfp.a(sys_me14.o)
                0x10000bc4                MXC_SYS_ClockEnable
 .text.MXC_SYS_Clock_Timeout
                0x10000bf4       0x30 C:/MaximSDK/Libraries/PeriphDrivers/bin/MAX32665/softfp/libPeriphDriver_softfp.a(sys_me14.o)
                0x10000bf4                MXC_SYS_Clock_Timeout
 .text.MXC_SYS_Clock_Select
                0x10000c24      0x18c C:/MaximSDK/Libraries/PeriphDrivers/bin/MAX32665/softfp/libPeriphDriver_softfp.a(sys_me14.o)
                0x10000c24                MXC_SYS_Clock_Select
 .text.MXC_SYS_Reset_Periph
                0x10000db0       0x38 C:/MaximSDK/Libraries/PeriphDrivers/bin/MAX32665/softfp/libPeriphDriver_softfp.a(sys_me14.o)
                0x10000db0                MXC_SYS_Reset_Periph
 .text.MXC_GPIO_OutSet
                0x10000de8        0x8 C:/MaximSDK/Libraries/PeriphDrivers/bin/MAX32665/softfp/libPeriphDriver_softfp.a(gpio_me14.o)
                0x10000de8                MXC_GPIO_OutSet
 .text.MXC_GPIO_IntConfig
                0x10000df0        0x8 C:/MaximSDK/Libraries/PeriphDrivers/bin/MAX32665/softfp/libPeriphDriver_softfp.a(gpio_me14.o)
                0x10000df0                MXC_GPIO_IntConfig
 .text.MXC_GPIO_EnableInt
                0x10000df8        0x8 C:/MaximSDK/Libraries/PeriphDrivers/bin/MAX32665/softfp/libPeriphDriver_softfp.a(gpio_me14.o)
                0x10000df8                MXC_GPIO_EnableInt
 .text.MXC_GPIO_DisableInt
                0x10000e00        0x8 C:/MaximSDK/Libraries/PeriphDrivers/bin/MAX32665/softfp/libPeriphDriver_softfp.a(gpio_me14.o)
                0x10000e00                MXC_GPIO_DisableInt
 .text.MXC_GPIO_RegisterCallback
                0x10000e08        0x8 C:/MaximSDK/Libraries/PeriphDrivers/bin/MAX32665/softfp/libPeriphDriver_softfp.a(gpio_me14.o)
                0x10000e08                MXC_GPIO_RegisterCallback
 .text.MXC_GPIO_Handler
                0x10000e10        0x8 C:/MaximSDK/Libraries/PeriphDrivers/bin/MAX32665/softfp/libPeriphDriver_softfp.a(gpio_me14.o)
                0x10000e10                MXC_GPIO_Handler
 .text.MXC_GPIO_ClearFlags
                0x10000e18        0x8 C:/MaximSDK/Libraries/PeriphDrivers/bin/MAX32665/softfp/libPeriphDriver_softfp.a(gpio_me14.o)
                0x10000e18                MXC_GPIO_ClearFlags
 .text.MXC_GPIO_GetFlags
                0x10000e20        0x8 C:/MaximSDK/Libraries/PeriphDrivers/bin/MAX32665/softfp/libPeriphDriver_softfp.a(gpio_me14.o)
                0x10000e20                MXC_GPIO_GetFlags
 .text.MXC_GPIO_SetVSSEL
                0x10000e28        0x8 C:/MaximSDK/Libraries/PeriphDrivers/bin/MAX32665/softfp/libPeriphDriver_softfp.a(gpio_me14.o)
                0x10000e28                MXC_GPIO_SetVSSEL
 .text.MXC_GPIO_Config
                0x10000e30       0xd2 C:/MaximSDK/Libraries/PeriphDrivers/bin/MAX32665/softfp/libPeriphDriver_softfp.a(gpio_me14.o)
                0x10000e30                MXC_GPIO_Config
 .text.MXC_GPIO_RevA_OutSet
                0x10000f02        0x4 C:/MaximSDK/Libraries/PeriphDrivers/bin/MAX32665/softfp/libPeriphDriver_softfp.a(gpio_reva.o)
                0x10000f02                MXC_GPIO_RevA_OutSet
 .text.MXC_GPIO_RevA_IntConfig
                0x10000f06       0xaa C:/MaximSDK/Libraries/PeriphDrivers/bin/MAX32665/softfp/libPeriphDriver_softfp.a(gpio_reva.o)
                0x10000f06                MXC_GPIO_RevA_IntConfig
 .text.MXC_GPIO_RevA_EnableInt
                0x10000fb0        0x4 C:/MaximSDK/Libraries/PeriphDrivers/bin/MAX32665/softfp/libPeriphDriver_softfp.a(gpio_reva.o)
                0x10000fb0                MXC_GPIO_RevA_EnableInt
 .text.MXC_GPIO_RevA_DisableInt
                0x10000fb4        0x4 C:/MaximSDK/Libraries/PeriphDrivers/bin/MAX32665/softfp/libPeriphDriver_softfp.a(gpio_reva.o)
                0x10000fb4                MXC_GPIO_RevA_DisableInt
 .text.MXC_GPIO_RevA_ClearFlags
                0x10000fb8        0x4 C:/MaximSDK/Libraries/PeriphDrivers/bin/MAX32665/softfp/libPeriphDriver_softfp.a(gpio_reva.o)
                0x10000fb8                MXC_GPIO_RevA_ClearFlags
 .text.MXC_GPIO_RevA_GetFlags
                0x10000fbc        0x4 C:/MaximSDK/Libraries/PeriphDrivers/bin/MAX32665/softfp/libPeriphDriver_softfp.a(gpio_reva.o)
                0x10000fbc                MXC_GPIO_RevA_GetFlags
 .text.MXC_GPIO_RevA_SetVSSEL
                0x10000fc0       0x2a C:/MaximSDK/Libraries/PeriphDrivers/bin/MAX32665/softfp/libPeriphDriver_softfp.a(gpio_reva.o)
                0x10000fc0                MXC_GPIO_RevA_SetVSSEL
 .text.MXC_GPIO_RevA_SetAF
                0x10000fea       0x74 C:/MaximSDK/Libraries/PeriphDrivers/bin/MAX32665/softfp/libPeriphDriver_softfp.a(gpio_reva.o)
                0x10000fea                MXC_GPIO_RevA_SetAF
 *fill*         0x1000105e        0x2 
 .text.save_preDeepSleep_state
                0x10001060       0x7c C:/MaximSDK/Libraries/PeriphDrivers/bin/MAX32665/softfp/libPeriphDriver_softfp.a(lp_me14.o)
 .text.switchToHIRCD4
                0x100010dc       0x40 C:/MaximSDK/Libraries/PeriphDrivers/bin/MAX32665/softfp/libPeriphDriver_softfp.a(lp_me14.o)
 .text.restore_preDeepSleep_state
                0x1000111c       0x90 C:/MaximSDK/Libraries/PeriphDrivers/bin/MAX32665/softfp/libPeriphDriver_softfp.a(lp_me14.o)
 .text.MXC_LP_ClearWakeStatus
                0x100011ac       0x14 C:/MaximSDK/Libraries/PeriphDrivers/bin/MAX32665/softfp/libPeriphDriver_softfp.a(lp_me14.o)
                0x100011ac                MXC_LP_ClearWakeStatus
 .text.MXC_LP_EnableGPIOWakeup
                0x100011c0       0x40 C:/MaximSDK/Libraries/PeriphDrivers/bin/MAX32665/softfp/libPeriphDriver_softfp.a(lp_me14.o)
                0x100011c0                MXC_LP_EnableGPIOWakeup
 .text.MXC_LP_SysRam2LightSleepEnable
                0x10001200        0xe C:/MaximSDK/Libraries/PeriphDrivers/bin/MAX32665/softfp/libPeriphDriver_softfp.a(lp_me14.o)
                0x10001200                MXC_LP_SysRam2LightSleepEnable
 .text.MXC_LP_SysRam3LightSleepEnable
                0x1000120e        0xe C:/MaximSDK/Libraries/PeriphDrivers/bin/MAX32665/softfp/libPeriphDriver_softfp.a(lp_me14.o)
                0x1000120e                MXC_LP_SysRam3LightSleepEnable
 .text.MXC_LP_SysRam4LightSleepEnable
                0x1000121c        0xe C:/MaximSDK/Libraries/PeriphDrivers/bin/MAX32665/softfp/libPeriphDriver_softfp.a(lp_me14.o)
                0x1000121c                MXC_LP_SysRam4LightSleepEnable
 *fill*         0x1000122a        0x2 
 .text.MXC_LP_SysRam0PowerUp
                0x1000122c       0x10 C:/MaximSDK/Libraries/PeriphDrivers/bin/MAX32665/softfp/libPeriphDriver_softfp.a(lp_me14.o)
                0x1000122c                MXC_LP_SysRam0PowerUp
 .text.MXC_LP_SysRam1PowerUp
                0x1000123c       0x10 C:/MaximSDK/Libraries/PeriphDrivers/bin/MAX32665/softfp/libPeriphDriver_softfp.a(lp_me14.o)
                0x1000123c                MXC_LP_SysRam1PowerUp
 .text.MXC_LP_SysRam2Shutdown
                0x1000124c       0x10 C:/MaximSDK/Libraries/PeriphDrivers/bin/MAX32665/softfp/libPeriphDriver_softfp.a(lp_me14.o)
                0x1000124c                MXC_LP_SysRam2Shutdown
 .text.MXC_LP_SysRam3Shutdown
                0x1000125c       0x10 C:/MaximSDK/Libraries/PeriphDrivers/bin/MAX32665/softfp/libPeriphDriver_softfp.a(lp_me14.o)
                0x1000125c                MXC_LP_SysRam3Shutdown
 .text.MXC_LP_SysRam4Shutdown
                0x1000126c       0x10 C:/MaximSDK/Libraries/PeriphDrivers/bin/MAX32665/softfp/libPeriphDriver_softfp.a(lp_me14.o)
                0x1000126c                MXC_LP_SysRam4Shutdown
 .text.MXC_LP_ICache0Shutdown
                0x1000127c       0x10 C:/MaximSDK/Libraries/PeriphDrivers/bin/MAX32665/softfp/libPeriphDriver_softfp.a(lp_me14.o)
                0x1000127c                MXC_LP_ICache0Shutdown
 .text.MXC_LP_ICacheXIPShutdown
                0x1000128c       0x10 C:/MaximSDK/Libraries/PeriphDrivers/bin/MAX32665/softfp/libPeriphDriver_softfp.a(lp_me14.o)
                0x1000128c                MXC_LP_ICacheXIPShutdown
 .text.MXC_LP_CryptoShutdown
                0x1000129c       0x10 C:/MaximSDK/Libraries/PeriphDrivers/bin/MAX32665/softfp/libPeriphDriver_softfp.a(lp_me14.o)
                0x1000129c                MXC_LP_CryptoShutdown
 .text.MXC_LP_USBFIFOShutdown
                0x100012ac       0x10 C:/MaximSDK/Libraries/PeriphDrivers/bin/MAX32665/softfp/libPeriphDriver_softfp.a(lp_me14.o)
                0x100012ac                MXC_LP_USBFIFOShutdown
 .text.MXC_LP_ROM0Shutdown
                0x100012bc       0x10 C:/MaximSDK/Libraries/PeriphDrivers/bin/MAX32665/softfp/libPeriphDriver_softfp.a(lp_me14.o)
                0x100012bc                MXC_LP_ROM0Shutdown
 .text.MXC_LP_ICache1Shutdown
                0x100012cc       0x10 C:/MaximSDK/Libraries/PeriphDrivers/bin/MAX32665/softfp/libPeriphDriver_softfp.a(lp_me14.o)
                0x100012cc                MXC_LP_ICache1Shutdown
 .text.MXC_LP_USBSWLPDisable
                0x100012dc       0x10 C:/MaximSDK/Libraries/PeriphDrivers/bin/MAX32665/softfp/libPeriphDriver_softfp.a(lp_me14.o)
                0x100012dc                MXC_LP_USBSWLPDisable
 .text.MXC_LP_FastWakeupDisable
                0x100012ec       0x10 C:/MaximSDK/Libraries/PeriphDrivers/bin/MAX32665/softfp/libPeriphDriver_softfp.a(lp_me14.o)
                0x100012ec                MXC_LP_FastWakeupDisable
 .text.MXC_LP_SRCCLightSleepEnable
                0x100012fc        0xe C:/MaximSDK/Libraries/PeriphDrivers/bin/MAX32665/softfp/libPeriphDriver_softfp.a(lp_me14.o)
                0x100012fc                MXC_LP_SRCCLightSleepEnable
 .text.MXC_LP_CryptoLightSleepEnable
                0x1000130a        0xe C:/MaximSDK/Libraries/PeriphDrivers/bin/MAX32665/softfp/libPeriphDriver_softfp.a(lp_me14.o)
                0x1000130a                MXC_LP_CryptoLightSleepEnable
 .text.MXC_LP_USBFIFOLightSleepEnable
                0x10001318        0xe C:/MaximSDK/Libraries/PeriphDrivers/bin/MAX32665/softfp/libPeriphDriver_softfp.a(lp_me14.o)
                0x10001318                MXC_LP_USBFIFOLightSleepEnable
 .text.MXC_LP_ROM0LightSleepEnable
                0x10001326        0xe C:/MaximSDK/Libraries/PeriphDrivers/bin/MAX32665/softfp/libPeriphDriver_softfp.a(lp_me14.o)
                0x10001326                MXC_LP_ROM0LightSleepEnable
 .text.MXC_LP_SysRam0LightSleepDisable
                0x10001334        0xe C:/MaximSDK/Libraries/PeriphDrivers/bin/MAX32665/softfp/libPeriphDriver_softfp.a(lp_me14.o)
                0x10001334                MXC_LP_SysRam0LightSleepDisable
 .text.MXC_LP_SysRam1LightSleepDisable
                0x10001342        0xe C:/MaximSDK/Libraries/PeriphDrivers/bin/MAX32665/softfp/libPeriphDriver_softfp.a(lp_me14.o)
                0x10001342                MXC_LP_SysRam1LightSleepDisable
 .text.MXC_LP_SRCCShutdown
                0x10001350       0x10 C:/MaximSDK/Libraries/PeriphDrivers/bin/MAX32665/softfp/libPeriphDriver_softfp.a(lp_me14.o)
                0x10001350                MXC_LP_SRCCShutdown
 .text.MXC_LP_ICache1LightSleepEnable
                0x10001360        0xe C:/MaximSDK/Libraries/PeriphDrivers/bin/MAX32665/softfp/libPeriphDriver_softfp.a(lp_me14.o)
                0x10001360                MXC_LP_ICache1LightSleepEnable
 .text.MXC_LP_ICacheXIPLightSleepEnable
                0x1000136e        0xe C:/MaximSDK/Libraries/PeriphDrivers/bin/MAX32665/softfp/libPeriphDriver_softfp.a(lp_me14.o)
                0x1000136e                MXC_LP_ICacheXIPLightSleepEnable
 .text.MXC_LP_EnterDeepSleepMode
                0x1000137c      0x118 C:/MaximSDK/Libraries/PeriphDrivers/bin/MAX32665/softfp/libPeriphDriver_softfp.a(lp_me14.o)
                0x1000137c                MXC_LP_EnterDeepSleepMode
 .text.MXC_SIMO_SetVregO_B
                0x10001494       0x10 C:/MaximSDK/Libraries/PeriphDrivers/bin/MAX32665/softfp/libPeriphDriver_softfp.a(simo_me14.o)
                0x10001494                MXC_SIMO_SetVregO_B
 .text.MXC_SIMO_RevA_SetVregO_B
                0x100014a4       0x30 C:/MaximSDK/Libraries/PeriphDrivers/bin/MAX32665/softfp/libPeriphDriver_softfp.a(simo_reva.o)
                0x100014a4                MXC_SIMO_RevA_SetVregO_B
 .text.MXC_UART_Shutdown
                0x100014d4       0x50 C:/MaximSDK/Libraries/PeriphDrivers/bin/MAX32665/softfp/libPeriphDriver_softfp.a(uart_me14.o)
                0x100014d4                MXC_UART_Shutdown
 .text.MXC_UART_Init
                0x10001524       0x98 C:/MaximSDK/Libraries/PeriphDrivers/bin/MAX32665/softfp/libPeriphDriver_softfp.a(uart_me14.o)
                0x10001524                MXC_UART_Init
 .text.MXC_UART_ReadyForSleep
                0x100015bc        0x8 C:/MaximSDK/Libraries/PeriphDrivers/bin/MAX32665/softfp/libPeriphDriver_softfp.a(uart_me14.o)
                0x100015bc                MXC_UART_ReadyForSleep
 .text.MXC_UART_SetFrequency
                0x100015c4        0x8 C:/MaximSDK/Libraries/PeriphDrivers/bin/MAX32665/softfp/libPeriphDriver_softfp.a(uart_me14.o)
                0x100015c4                MXC_UART_SetFrequency
 .text.MXC_UART_GetFrequency
                0x100015cc        0x8 C:/MaximSDK/Libraries/PeriphDrivers/bin/MAX32665/softfp/libPeriphDriver_softfp.a(uart_me14.o)
                0x100015cc                MXC_UART_GetFrequency
 .text.MXC_UART_SetDataSize
                0x100015d4        0x8 C:/MaximSDK/Libraries/PeriphDrivers/bin/MAX32665/softfp/libPeriphDriver_softfp.a(uart_me14.o)
                0x100015d4                MXC_UART_SetDataSize
 .text.MXC_UART_SetStopBits
                0x100015dc        0x8 C:/MaximSDK/Libraries/PeriphDrivers/bin/MAX32665/softfp/libPeriphDriver_softfp.a(uart_me14.o)
                0x100015dc                MXC_UART_SetStopBits
 .text.MXC_UART_SetParity
                0x100015e4        0x8 C:/MaximSDK/Libraries/PeriphDrivers/bin/MAX32665/softfp/libPeriphDriver_softfp.a(uart_me14.o)
                0x100015e4                MXC_UART_SetParity
 .text.MXC_UART_GetActive
                0x100015ec        0x8 C:/MaximSDK/Libraries/PeriphDrivers/bin/MAX32665/softfp/libPeriphDriver_softfp.a(uart_me14.o)
                0x100015ec                MXC_UART_GetActive
 .text.MXC_UART_ReadCharacterRaw
                0x100015f4        0x8 C:/MaximSDK/Libraries/PeriphDrivers/bin/MAX32665/softfp/libPeriphDriver_softfp.a(uart_me14.o)
                0x100015f4                MXC_UART_ReadCharacterRaw
 .text.MXC_UART_WriteCharacterRaw
                0x100015fc        0x8 C:/MaximSDK/Libraries/PeriphDrivers/bin/MAX32665/softfp/libPeriphDriver_softfp.a(uart_me14.o)
                0x100015fc                MXC_UART_WriteCharacterRaw
 .text.MXC_UART_ReadCharacter
                0x10001604        0x8 C:/MaximSDK/Libraries/PeriphDrivers/bin/MAX32665/softfp/libPeriphDriver_softfp.a(uart_me14.o)
                0x10001604                MXC_UART_ReadCharacter
 .text.MXC_UART_WriteCharacter
                0x1000160c        0x8 C:/MaximSDK/Libraries/PeriphDrivers/bin/MAX32665/softfp/libPeriphDriver_softfp.a(uart_me14.o)
                0x1000160c                MXC_UART_WriteCharacter
 .text.MXC_UART_GetRXFIFOAvailable
                0x10001614        0x8 C:/MaximSDK/Libraries/PeriphDrivers/bin/MAX32665/softfp/libPeriphDriver_softfp.a(uart_me14.o)
                0x10001614                MXC_UART_GetRXFIFOAvailable
 .text.MXC_UART_GetTXFIFOAvailable
                0x1000161c        0x8 C:/MaximSDK/Libraries/PeriphDrivers/bin/MAX32665/softfp/libPeriphDriver_softfp.a(uart_me14.o)
                0x1000161c                MXC_UART_GetTXFIFOAvailable
 .text.MXC_UART_SetRXThreshold
                0x10001624        0x8 C:/MaximSDK/Libraries/PeriphDrivers/bin/MAX32665/softfp/libPeriphDriver_softfp.a(uart_me14.o)
                0x10001624                MXC_UART_SetRXThreshold
 .text.MXC_UART_SetTXThreshold
                0x1000162c        0x8 C:/MaximSDK/Libraries/PeriphDrivers/bin/MAX32665/softfp/libPeriphDriver_softfp.a(uart_me14.o)
                0x1000162c                MXC_UART_SetTXThreshold
 .text.MXC_UART_RevA_Init
                0x10001634       0xd4 C:/MaximSDK/Libraries/PeriphDrivers/bin/MAX32665/softfp/libPeriphDriver_softfp.a(uart_reva.o)
                0x10001634                MXC_UART_RevA_Init
 .text.MXC_UART_RevA_ReadyForSleep
                0x10001708       0x44 C:/MaximSDK/Libraries/PeriphDrivers/bin/MAX32665/softfp/libPeriphDriver_softfp.a(uart_reva.o)
                0x10001708                MXC_UART_RevA_ReadyForSleep
 .text.MXC_UART_RevA_SetFrequency
                0x1000174c      0x108 C:/MaximSDK/Libraries/PeriphDrivers/bin/MAX32665/softfp/libPeriphDriver_softfp.a(uart_reva.o)
                0x1000174c                MXC_UART_RevA_SetFrequency
 .text.MXC_UART_RevA_GetFrequency
                0x10001854       0xb4 C:/MaximSDK/Libraries/PeriphDrivers/bin/MAX32665/softfp/libPeriphDriver_softfp.a(uart_reva.o)
                0x10001854                MXC_UART_RevA_GetFrequency
 .text.MXC_UART_RevA_SetDataSize
                0x10001908       0x20 C:/MaximSDK/Libraries/PeriphDrivers/bin/MAX32665/softfp/libPeriphDriver_softfp.a(uart_reva.o)
                0x10001908                MXC_UART_RevA_SetDataSize
 .text.MXC_UART_RevA_SetStopBits
                0x10001928       0x24 C:/MaximSDK/Libraries/PeriphDrivers/bin/MAX32665/softfp/libPeriphDriver_softfp.a(uart_reva.o)
                0x10001928                MXC_UART_RevA_SetStopBits
 .text.MXC_UART_RevA_SetParity
                0x1000194c      0x11a C:/MaximSDK/Libraries/PeriphDrivers/bin/MAX32665/softfp/libPeriphDriver_softfp.a(uart_reva.o)
                0x1000194c                MXC_UART_RevA_SetParity
 .text.MXC_UART_RevA_GetActive
                0x10001a66       0x12 C:/MaximSDK/Libraries/PeriphDrivers/bin/MAX32665/softfp/libPeriphDriver_softfp.a(uart_reva.o)
                0x10001a66                MXC_UART_RevA_GetActive
 .text.MXC_UART_RevA_ReadCharacterRaw
                0x10001a78       0x12 C:/MaximSDK/Libraries/PeriphDrivers/bin/MAX32665/softfp/libPeriphDriver_softfp.a(uart_reva.o)
                0x10001a78                MXC_UART_RevA_ReadCharacterRaw
 .text.MXC_UART_RevA_WriteCharacterRaw
                0x10001a8a       0x14 C:/MaximSDK/Libraries/PeriphDrivers/bin/MAX32665/softfp/libPeriphDriver_softfp.a(uart_reva.o)
                0x10001a8a                MXC_UART_RevA_WriteCharacterRaw
 .text.MXC_UART_RevA_GetRXFIFOAvailable
                0x10001a9e        0x8 C:/MaximSDK/Libraries/PeriphDrivers/bin/MAX32665/softfp/libPeriphDriver_softfp.a(uart_reva.o)
                0x10001a9e                MXC_UART_RevA_GetRXFIFOAvailable
 .text.MXC_UART_RevA_GetTXFIFOAvailable
                0x10001aa6        0xc C:/MaximSDK/Libraries/PeriphDrivers/bin/MAX32665/softfp/libPeriphDriver_softfp.a(uart_reva.o)
                0x10001aa6                MXC_UART_RevA_GetTXFIFOAvailable
 .text.MXC_UART_RevA_SetRXThreshold
                0x10001ab2       0x1e C:/MaximSDK/Libraries/PeriphDrivers/bin/MAX32665/softfp/libPeriphDriver_softfp.a(uart_reva.o)
                0x10001ab2                MXC_UART_RevA_SetRXThreshold
 .text.MXC_UART_RevA_SetTXThreshold
                0x10001ad0       0x20 C:/MaximSDK/Libraries/PeriphDrivers/bin/MAX32665/softfp/libPeriphDriver_softfp.a(uart_reva.o)
                0x10001ad0                MXC_UART_RevA_SetTXThreshold
 .text.MXC_GPIO_Common_RegisterCallback
                0x10001af0       0x8c C:/MaximSDK/Libraries/PeriphDrivers/bin/MAX32665/softfp/libPeriphDriver_softfp.a(gpio_common.o)
                0x10001af0                MXC_GPIO_Common_RegisterCallback
 .text.MXC_GPIO_Common_Handler
                0x10001b7c       0x78 C:/MaximSDK/Libraries/PeriphDrivers/bin/MAX32665/softfp/libPeriphDriver_softfp.a(gpio_common.o)
                0x10001b7c                MXC_GPIO_Common_Handler
 .text.MXC_ICC_Disable
                0x10001bf4       0x18 C:/MaximSDK/Libraries/PeriphDrivers/bin/MAX32665/softfp/libPeriphDriver_softfp.a(icc_me14.o)
                0x10001bf4                MXC_ICC_Disable
 .text.MXC_ICC_Ready
                0x10001c0c        0xa C:/MaximSDK/Libraries/PeriphDrivers/bin/MAX32665/softfp/libPeriphDriver_softfp.a(icc_reva.o)
 .text.MXC_ICC_RevA_Enable
                0x10001c16       0x38 C:/MaximSDK/Libraries/PeriphDrivers/bin/MAX32665/softfp/libPeriphDriver_softfp.a(icc_reva.o)
                0x10001c16                MXC_ICC_RevA_Enable
 .text.MXC_ICC_RevA_Disable
                0x10001c4e        0xe C:/MaximSDK/Libraries/PeriphDrivers/bin/MAX32665/softfp/libPeriphDriver_softfp.a(icc_reva.o)
                0x10001c4e                MXC_ICC_RevA_Disable
 .text.MXC_UART_Common_ReadCharacter
                0x10001c5c       0x16 C:/MaximSDK/Libraries/PeriphDrivers/bin/MAX32665/softfp/libPeriphDriver_softfp.a(uart_common.o)
                0x10001c5c                MXC_UART_Common_ReadCharacter
 .text.MXC_UART_Common_WriteCharacter
                0x10001c72       0x1a C:/MaximSDK/Libraries/PeriphDrivers/bin/MAX32665/softfp/libPeriphDriver_softfp.a(uart_common.o)
                0x10001c72                MXC_UART_Common_WriteCharacter
 .text.__errno  0x10001c8c        0xc c:/maximsdk/tools/gnutools/10.3/bin/../lib/gcc/arm-none-eabi/10.3.1/../../../../arm-none-eabi/lib/thumb/v7e-m+fp/softfp\libc.a(lib_a-errno.o)
                0x10001c8c                __errno
 .text._fwrite_r
                0x10001c98       0xa8 c:/maximsdk/tools/gnutools/10.3/bin/../lib/gcc/arm-none-eabi/10.3.1/../../../../arm-none-eabi/lib/thumb/v7e-m+fp/softfp\libc.a(lib_a-fwrite.o)
                0x10001c98                _fwrite_r
 .text.fwrite   0x10001d40       0x20 c:/maximsdk/tools/gnutools/10.3/bin/../lib/gcc/arm-none-eabi/10.3.1/../../../../arm-none-eabi/lib/thumb/v7e-m+fp/softfp\libc.a(lib_a-fwrite.o)
                0x10001d40                fwrite
 .text.__libc_init_array
                0x10001d60       0x48 c:/maximsdk/tools/gnutools/10.3/bin/../lib/gcc/arm-none-eabi/10.3.1/../../../../arm-none-eabi/lib/thumb/v7e-m+fp/softfp\libc.a(lib_a-init.o)
                0x10001d60                __libc_init_array
 .text.__retarget_lock_init_recursive
                0x10001da8        0x4 c:/maximsdk/tools/gnutools/10.3/bin/../lib/gcc/arm-none-eabi/10.3.1/../../../../arm-none-eabi/lib/thumb/v7e-m+fp/softfp\libc.a(lib_a-lock.o)
                0x10001da8                __retarget_lock_init_recursive
 .text.__retarget_lock_close_recursive
                0x10001dac        0x4 c:/maximsdk/tools/gnutools/10.3/bin/../lib/gcc/arm-none-eabi/10.3.1/../../../../arm-none-eabi/lib/thumb/v7e-m+fp/softfp\libc.a(lib_a-lock.o)
                0x10001dac                __retarget_lock_close_recursive
 .text.__retarget_lock_acquire_recursive
                0x10001db0        0x4 c:/maximsdk/tools/gnutools/10.3/bin/../lib/gcc/arm-none-eabi/10.3.1/../../../../arm-none-eabi/lib/thumb/v7e-m+fp/softfp\libc.a(lib_a-lock.o)
                0x10001db0                __retarget_lock_acquire_recursive
 .text.__retarget_lock_release_recursive
                0x10001db4        0x4 c:/maximsdk/tools/gnutools/10.3/bin/../lib/gcc/arm-none-eabi/10.3.1/../../../../arm-none-eabi/lib/thumb/v7e-m+fp/softfp\libc.a(lib_a-lock.o)
                0x10001db4                __retarget_lock_release_recursive
 .text          0x10001db8      0x134 c:/maximsdk/tools/gnutools/10.3/bin/../lib/gcc/arm-none-eabi/10.3.1/../../../../arm-none-eabi/lib/thumb/v7e-m+fp/softfp\libc.a(lib_a-memcpy.o)
                0x10001db8                memcpy
 .text.memset   0x10001eec       0xa4 c:/maximsdk/tools/gnutools/10.3/bin/../lib/gcc/arm-none-eabi/10.3.1/../../../../arm-none-eabi/lib/thumb/v7e-m+fp/softfp\libc.a(lib_a-memset.o)
                0x10001eec                memset
 .text.printf   0x10001f90       0x28 c:/maximsdk/tools/gnutools/10.3/bin/../lib/gcc/arm-none-eabi/10.3.1/../../../../arm-none-eabi/lib/thumb/v7e-m+fp/softfp\libc.a(lib_a-printf.o)
                0x10001f90                printf
 .text._puts_r  0x10001fb8       0x9c c:/maximsdk/tools/gnutools/10.3/bin/../lib/gcc/arm-none-eabi/10.3.1/../../../../arm-none-eabi/lib/thumb/v7e-m+fp/softfp\libc.a(lib_a-puts.o)
                0x10001fb8                _puts_r
 .text.puts     0x10002054       0x10 c:/maximsdk/tools/gnutools/10.3/bin/../lib/gcc/arm-none-eabi/10.3.1/../../../../arm-none-eabi/lib/thumb/v7e-m+fp/softfp\libc.a(lib_a-puts.o)
                0x10002054                puts
 *fill*         0x10002064       0x1c 
 .text          0x10002080       0xdc c:/maximsdk/tools/gnutools/10.3/bin/../lib/gcc/arm-none-eabi/10.3.1/../../../../arm-none-eabi/lib/thumb/v7e-m+fp/softfp\libc.a(lib_a-strlen.o)
                0x10002080                strlen
 *fill*         0x1000215c        0x4 
 .text._vfprintf_r
                0x10002160     0x1b8c c:/maximsdk/tools/gnutools/10.3/bin/../lib/gcc/arm-none-eabi/10.3.1/../../../../arm-none-eabi/lib/thumb/v7e-m+fp/softfp\libc.a(lib_a-vfprintf.o)
                0x10002160                _vfprintf_r
 .text.__sbprintf
                0x10003cec       0x80 c:/maximsdk/tools/gnutools/10.3/bin/../lib/gcc/arm-none-eabi/10.3.1/../../../../arm-none-eabi/lib/thumb/v7e-m+fp/softfp\libc.a(lib_a-vfprintf.o)
 .text.__swsetup_r
                0x10003d6c       0xd4 c:/maximsdk/tools/gnutools/10.3/bin/../lib/gcc/arm-none-eabi/10.3.1/../../../../arm-none-eabi/lib/thumb/v7e-m+fp/softfp\libc.a(lib_a-wsetup.o)
                0x10003d6c                __swsetup_r
 .text.startup.register_fini
                0x10003e40       0x14 c:/maximsdk/tools/gnutools/10.3/bin/../lib/gcc/arm-none-eabi/10.3.1/../../../../arm-none-eabi/lib/thumb/v7e-m+fp/softfp\libc.a(lib_a-__call_atexit.o)
 .text.atexit   0x10003e54        0xc c:/maximsdk/tools/gnutools/10.3/bin/../lib/gcc/arm-none-eabi/10.3.1/../../../../arm-none-eabi/lib/thumb/v7e-m+fp/softfp\libc.a(lib_a-atexit.o)
                0x10003e54                atexit
 .text.quorem   0x10003e60      0x128 c:/maximsdk/tools/gnutools/10.3/bin/../lib/gcc/arm-none-eabi/10.3.1/../../../../arm-none-eabi/lib/thumb/v7e-m+fp/softfp\libc.a(lib_a-dtoa.o)
 .text._dtoa_r  0x10003f88      0xf34 c:/maximsdk/tools/gnutools/10.3/bin/../lib/gcc/arm-none-eabi/10.3.1/../../../../arm-none-eabi/lib/thumb/v7e-m+fp/softfp\libc.a(lib_a-dtoa.o)
                0x10003f88                _dtoa_r
 .text.__sflush_r
                0x10004ebc      0x130 c:/maximsdk/tools/gnutools/10.3/bin/../lib/gcc/arm-none-eabi/10.3.1/../../../../arm-none-eabi/lib/thumb/v7e-m+fp/softfp\libc.a(lib_a-fflush.o)
                0x10004ebc                __sflush_r
 .text._fflush_r
                0x10004fec       0x5c c:/maximsdk/tools/gnutools/10.3/bin/../lib/gcc/arm-none-eabi/10.3.1/../../../../arm-none-eabi/lib/thumb/v7e-m+fp/softfp\libc.a(lib_a-fflush.o)
                0x10004fec                _fflush_r
 .text._cleanup_r
                0x10005048        0xc c:/maximsdk/tools/gnutools/10.3/bin/../lib/gcc/arm-none-eabi/10.3.1/../../../../arm-none-eabi/lib/thumb/v7e-m+fp/softfp\libc.a(lib_a-findfp.o)
                0x10005048                _cleanup_r
 .text.__sinit  0x10005054      0x10c c:/maximsdk/tools/gnutools/10.3/bin/../lib/gcc/arm-none-eabi/10.3.1/../../../../arm-none-eabi/lib/thumb/v7e-m+fp/softfp\libc.a(lib_a-findfp.o)
                0x10005054                __sinit
 .text.__sfp_lock_acquire
                0x10005160        0xc c:/maximsdk/tools/gnutools/10.3/bin/../lib/gcc/arm-none-eabi/10.3.1/../../../../arm-none-eabi/lib/thumb/v7e-m+fp/softfp\libc.a(lib_a-findfp.o)
                0x10005160                __sfp_lock_acquire
 .text.__sfp_lock_release
                0x1000516c        0xc c:/maximsdk/tools/gnutools/10.3/bin/../lib/gcc/arm-none-eabi/10.3.1/../../../../arm-none-eabi/lib/thumb/v7e-m+fp/softfp\libc.a(lib_a-findfp.o)
                0x1000516c                __sfp_lock_release
 .text.__libc_fini_array
                0x10005178       0x2c c:/maximsdk/tools/gnutools/10.3/bin/../lib/gcc/arm-none-eabi/10.3.1/../../../../arm-none-eabi/lib/thumb/v7e-m+fp/softfp\libc.a(lib_a-fini.o)
                0x10005178                __libc_fini_array
 .text._malloc_trim_r
                0x100051a4       0xa0 c:/maximsdk/tools/gnutools/10.3/bin/../lib/gcc/arm-none-eabi/10.3.1/../../../../arm-none-eabi/lib/thumb/v7e-m+fp/softfp\libc.a(lib_a-freer.o)
                0x100051a4                _malloc_trim_r
 .text._free_r  0x10005244      0x20c c:/maximsdk/tools/gnutools/10.3/bin/../lib/gcc/arm-none-eabi/10.3.1/../../../../arm-none-eabi/lib/thumb/v7e-m+fp/softfp\libc.a(lib_a-freer.o)
                0x10005244                _free_r
 .text.__sfvwrite_r
                0x10005450      0x2f0 c:/maximsdk/tools/gnutools/10.3/bin/../lib/gcc/arm-none-eabi/10.3.1/../../../../arm-none-eabi/lib/thumb/v7e-m+fp/softfp\libc.a(lib_a-fvwrite.o)
                0x10005450                __sfvwrite_r
 .text._fwalk_reent
                0x10005740       0x48 c:/maximsdk/tools/gnutools/10.3/bin/../lib/gcc/arm-none-eabi/10.3.1/../../../../arm-none-eabi/lib/thumb/v7e-m+fp/softfp\libc.a(lib_a-fwalk.o)
                0x10005740                _fwalk_reent
 .text._localeconv_r
                0x10005788        0x8 c:/maximsdk/tools/gnutools/10.3/bin/../lib/gcc/arm-none-eabi/10.3.1/../../../../arm-none-eabi/lib/thumb/v7e-m+fp/softfp\libc.a(lib_a-localeconv.o)
                0x10005788                _localeconv_r
 .text.__smakebuf_r
                0x10005790       0xe0 c:/maximsdk/tools/gnutools/10.3/bin/../lib/gcc/arm-none-eabi/10.3.1/../../../../arm-none-eabi/lib/thumb/v7e-m+fp/softfp\libc.a(lib_a-makebuf.o)
                0x10005790                __smakebuf_r
 .text._malloc_r
                0x10005870      0x560 c:/maximsdk/tools/gnutools/10.3/bin/../lib/gcc/arm-none-eabi/10.3.1/../../../../arm-none-eabi/lib/thumb/v7e-m+fp/softfp\libc.a(lib_a-mallocr.o)
                0x10005870                _malloc_r
 .text          0x10005dd0       0xa0 c:/maximsdk/tools/gnutools/10.3/bin/../lib/gcc/arm-none-eabi/10.3.1/../../../../arm-none-eabi/lib/thumb/v7e-m+fp/softfp\libc.a(lib_a-memchr.o)
                0x10005dd0                memchr
 .text.memmove  0x10005e70       0xf8 c:/maximsdk/tools/gnutools/10.3/bin/../lib/gcc/arm-none-eabi/10.3.1/../../../../arm-none-eabi/lib/thumb/v7e-m+fp/softfp\libc.a(lib_a-memmove.o)
                0x10005e70                memmove
 .text.__malloc_lock
                0x10005f68        0xc c:/maximsdk/tools/gnutools/10.3/bin/../lib/gcc/arm-none-eabi/10.3.1/../../../../arm-none-eabi/lib/thumb/v7e-m+fp/softfp\libc.a(lib_a-mlock.o)
                0x10005f68                __malloc_lock
 .text.__malloc_unlock
                0x10005f74        0xc c:/maximsdk/tools/gnutools/10.3/bin/../lib/gcc/arm-none-eabi/10.3.1/../../../../arm-none-eabi/lib/thumb/v7e-m+fp/softfp\libc.a(lib_a-mlock.o)
                0x10005f74                __malloc_unlock
 .text._Balloc  0x10005f80       0x4c c:/maximsdk/tools/gnutools/10.3/bin/../lib/gcc/arm-none-eabi/10.3.1/../../../../arm-none-eabi/lib/thumb/v7e-m+fp/softfp\libc.a(lib_a-mprec.o)
                0x10005f80                _Balloc
 .text._Bfree   0x10005fcc       0x14 c:/maximsdk/tools/gnutools/10.3/bin/../lib/gcc/arm-none-eabi/10.3.1/../../../../arm-none-eabi/lib/thumb/v7e-m+fp/softfp\libc.a(lib_a-mprec.o)
                0x10005fcc                _Bfree
 .text.__multadd
                0x10005fe0       0xa8 c:/maximsdk/tools/gnutools/10.3/bin/../lib/gcc/arm-none-eabi/10.3.1/../../../../arm-none-eabi/lib/thumb/v7e-m+fp/softfp\libc.a(lib_a-mprec.o)
                0x10005fe0                __multadd
 .text.__hi0bits
                0x10006088       0x40 c:/maximsdk/tools/gnutools/10.3/bin/../lib/gcc/arm-none-eabi/10.3.1/../../../../arm-none-eabi/lib/thumb/v7e-m+fp/softfp\libc.a(lib_a-mprec.o)
                0x10006088                __hi0bits
 .text.__lo0bits
                0x100060c8       0x60 c:/maximsdk/tools/gnutools/10.3/bin/../lib/gcc/arm-none-eabi/10.3.1/../../../../arm-none-eabi/lib/thumb/v7e-m+fp/softfp\libc.a(lib_a-mprec.o)
                0x100060c8                __lo0bits
 .text.__i2b    0x10006128       0x5c c:/maximsdk/tools/gnutools/10.3/bin/../lib/gcc/arm-none-eabi/10.3.1/../../../../arm-none-eabi/lib/thumb/v7e-m+fp/softfp\libc.a(lib_a-mprec.o)
                0x10006128                __i2b
 .text.__multiply
                0x10006184      0x15c c:/maximsdk/tools/gnutools/10.3/bin/../lib/gcc/arm-none-eabi/10.3.1/../../../../arm-none-eabi/lib/thumb/v7e-m+fp/softfp\libc.a(lib_a-mprec.o)
                0x10006184                __multiply
 .text.__pow5mult
                0x100062e0       0xc0 c:/maximsdk/tools/gnutools/10.3/bin/../lib/gcc/arm-none-eabi/10.3.1/../../../../arm-none-eabi/lib/thumb/v7e-m+fp/softfp\libc.a(lib_a-mprec.o)
                0x100062e0                __pow5mult
 .text.__lshift
                0x100063a0       0xf0 c:/maximsdk/tools/gnutools/10.3/bin/../lib/gcc/arm-none-eabi/10.3.1/../../../../arm-none-eabi/lib/thumb/v7e-m+fp/softfp\libc.a(lib_a-mprec.o)
                0x100063a0                __lshift
 .text.__mcmp   0x10006490       0x44 c:/maximsdk/tools/gnutools/10.3/bin/../lib/gcc/arm-none-eabi/10.3.1/../../../../arm-none-eabi/lib/thumb/v7e-m+fp/softfp\libc.a(lib_a-mprec.o)
                0x10006490                __mcmp
 .text.__mdiff  0x100064d4      0x14c c:/maximsdk/tools/gnutools/10.3/bin/../lib/gcc/arm-none-eabi/10.3.1/../../../../arm-none-eabi/lib/thumb/v7e-m+fp/softfp\libc.a(lib_a-mprec.o)
                0x100064d4                __mdiff
 .text.__d2b    0x10006620       0xc4 c:/maximsdk/tools/gnutools/10.3/bin/../lib/gcc/arm-none-eabi/10.3.1/../../../../arm-none-eabi/lib/thumb/v7e-m+fp/softfp\libc.a(lib_a-mprec.o)
                0x10006620                __d2b
 .text._realloc_r
                0x100066e4      0x3d8 c:/maximsdk/tools/gnutools/10.3/bin/../lib/gcc/arm-none-eabi/10.3.1/../../../../arm-none-eabi/lib/thumb/v7e-m+fp/softfp\libc.a(lib_a-reallocr.o)
                0x100066e4                _realloc_r
 .text.frexp    0x10006abc       0x70 c:/maximsdk/tools/gnutools/10.3/bin/../lib/gcc/arm-none-eabi/10.3.1/../../../../arm-none-eabi/lib/thumb/v7e-m+fp/softfp\libc.a(lib_a-s_frexp.o)
                0x10006abc                frexp
 .text._sbrk_r  0x10006b2c       0x24 c:/maximsdk/tools/gnutools/10.3/bin/../lib/gcc/arm-none-eabi/10.3.1/../../../../arm-none-eabi/lib/thumb/v7e-m+fp/softfp\libc.a(lib_a-sbrkr.o)
                0x10006b2c                _sbrk_r
 .text.__sread  0x10006b50       0x24 c:/maximsdk/tools/gnutools/10.3/bin/../lib/gcc/arm-none-eabi/10.3.1/../../../../arm-none-eabi/lib/thumb/v7e-m+fp/softfp\libc.a(lib_a-stdio.o)
                0x10006b50                __sread
 .text.__swrite
                0x10006b74       0x40 c:/maximsdk/tools/gnutools/10.3/bin/../lib/gcc/arm-none-eabi/10.3.1/../../../../arm-none-eabi/lib/thumb/v7e-m+fp/softfp\libc.a(lib_a-stdio.o)
                0x10006b74                __swrite
 .text.__sseek  0x10006bb4       0x20 c:/maximsdk/tools/gnutools/10.3/bin/../lib/gcc/arm-none-eabi/10.3.1/../../../../arm-none-eabi/lib/thumb/v7e-m+fp/softfp\libc.a(lib_a-stdio.o)
                0x10006bb4                __sseek
 .text.__sclose
                0x10006bd4        0x8 c:/maximsdk/tools/gnutools/10.3/bin/../lib/gcc/arm-none-eabi/10.3.1/../../../../arm-none-eabi/lib/thumb/v7e-m+fp/softfp\libc.a(lib_a-stdio.o)
                0x10006bd4                __sclose
 .text.strncpy  0x10006bdc       0x64 c:/maximsdk/tools/gnutools/10.3/bin/../lib/gcc/arm-none-eabi/10.3.1/../../../../arm-none-eabi/lib/thumb/v7e-m+fp/softfp\libc.a(lib_a-strncpy.o)
                0x10006bdc                strncpy
 .text.__sprint_r.part.0
                0x10006c40       0x78 c:/maximsdk/tools/gnutools/10.3/bin/../lib/gcc/arm-none-eabi/10.3.1/../../../../arm-none-eabi/lib/thumb/v7e-m+fp/softfp\libc.a(lib_a-vfiprintf.o)
 .text.__sprint_r
                0x10006cb8       0x18 c:/maximsdk/tools/gnutools/10.3/bin/../lib/gcc/arm-none-eabi/10.3.1/../../../../arm-none-eabi/lib/thumb/v7e-m+fp/softfp\libc.a(lib_a-vfiprintf.o)
                0x10006cb8                __sprint_r
 .text._vfiprintf_r
                0x10006cd0      0xdfc c:/maximsdk/tools/gnutools/10.3/bin/../lib/gcc/arm-none-eabi/10.3.1/../../../../arm-none-eabi/lib/thumb/v7e-m+fp/softfp\libc.a(lib_a-vfiprintf.o)
                0x10006cd0                _vfiprintf_r
 .text.__sbprintf
                0x10007acc       0x80 c:/maximsdk/tools/gnutools/10.3/bin/../lib/gcc/arm-none-eabi/10.3.1/../../../../arm-none-eabi/lib/thumb/v7e-m+fp/softfp\libc.a(lib_a-vfiprintf.o)
 .text._write_r
                0x10007b4c       0x2c c:/maximsdk/tools/gnutools/10.3/bin/../lib/gcc/arm-none-eabi/10.3.1/../../../../arm-none-eabi/lib/thumb/v7e-m+fp/softfp\libc.a(lib_a-writer.o)
                0x10007b4c                _write_r
 .text.__register_exitproc
                0x10007b78       0x8c c:/maximsdk/tools/gnutools/10.3/bin/../lib/gcc/arm-none-eabi/10.3.1/../../../../arm-none-eabi/lib/thumb/v7e-m+fp/softfp\libc.a(lib_a-__atexit.o)
                0x10007b78                __register_exitproc
 .text.__assert_func
                0x10007c04       0x40 c:/maximsdk/tools/gnutools/10.3/bin/../lib/gcc/arm-none-eabi/10.3.1/../../../../arm-none-eabi/lib/thumb/v7e-m+fp/softfp\libc.a(lib_a-assert.o)
                0x10007c04                __assert_func
 .text._calloc_r
                0x10007c44       0x78 c:/maximsdk/tools/gnutools/10.3/bin/../lib/gcc/arm-none-eabi/10.3.1/../../../../arm-none-eabi/lib/thumb/v7e-m+fp/softfp\libc.a(lib_a-callocr.o)
                0x10007c44                _calloc_r
 .text._close_r
                0x10007cbc       0x24 c:/maximsdk/tools/gnutools/10.3/bin/../lib/gcc/arm-none-eabi/10.3.1/../../../../arm-none-eabi/lib/thumb/v7e-m+fp/softfp\libc.a(lib_a-closer.o)
                0x10007cbc                _close_r
 .text._fclose_r
                0x10007ce0       0xcc c:/maximsdk/tools/gnutools/10.3/bin/../lib/gcc/arm-none-eabi/10.3.1/../../../../arm-none-eabi/lib/thumb/v7e-m+fp/softfp\libc.a(lib_a-fclose.o)
                0x10007ce0                _fclose_r
 .text.fiprintf
                0x10007dac       0x28 c:/maximsdk/tools/gnutools/10.3/bin/../lib/gcc/arm-none-eabi/10.3.1/../../../../arm-none-eabi/lib/thumb/v7e-m+fp/softfp\libc.a(lib_a-fiprintf.o)
                0x10007dac                fiprintf
 .text.__fputwc
                0x10007dd4       0xa8 c:/maximsdk/tools/gnutools/10.3/bin/../lib/gcc/arm-none-eabi/10.3.1/../../../../arm-none-eabi/lib/thumb/v7e-m+fp/softfp\libc.a(lib_a-fputwc.o)
                0x10007dd4                __fputwc
 .text._fputwc_r
                0x10007e7c       0x68 c:/maximsdk/tools/gnutools/10.3/bin/../lib/gcc/arm-none-eabi/10.3.1/../../../../arm-none-eabi/lib/thumb/v7e-m+fp/softfp\libc.a(lib_a-fputwc.o)
                0x10007e7c                _fputwc_r
 .text._fstat_r
                0x10007ee4       0x2c c:/maximsdk/tools/gnutools/10.3/bin/../lib/gcc/arm-none-eabi/10.3.1/../../../../arm-none-eabi/lib/thumb/v7e-m+fp/softfp\libc.a(lib_a-fstatr.o)
                0x10007ee4                _fstat_r
 .text._isatty_r
                0x10007f10       0x24 c:/maximsdk/tools/gnutools/10.3/bin/../lib/gcc/arm-none-eabi/10.3.1/../../../../arm-none-eabi/lib/thumb/v7e-m+fp/softfp\libc.a(lib_a-isattyr.o)
                0x10007f10                _isatty_r
 .text.__locale_mb_cur_max
                0x10007f34        0xc c:/maximsdk/tools/gnutools/10.3/bin/../lib/gcc/arm-none-eabi/10.3.1/../../../../arm-none-eabi/lib/thumb/v7e-m+fp/softfp\libc.a(lib_a-locale.o)
                0x10007f34                __locale_mb_cur_max
 .text._lseek_r
                0x10007f40       0x2c c:/maximsdk/tools/gnutools/10.3/bin/../lib/gcc/arm-none-eabi/10.3.1/../../../../arm-none-eabi/lib/thumb/v7e-m+fp/softfp\libc.a(lib_a-lseekr.o)
                0x10007f40                _lseek_r
 .text.__ascii_mbtowc
                0x10007f6c       0x2c c:/maximsdk/tools/gnutools/10.3/bin/../lib/gcc/arm-none-eabi/10.3.1/../../../../arm-none-eabi/lib/thumb/v7e-m+fp/softfp\libc.a(lib_a-mbtowc_r.o)
                0x10007f6c                __ascii_mbtowc
 .text._read_r  0x10007f98       0x2c c:/maximsdk/tools/gnutools/10.3/bin/../lib/gcc/arm-none-eabi/10.3.1/../../../../arm-none-eabi/lib/thumb/v7e-m+fp/softfp\libc.a(lib_a-readr.o)
                0x10007f98                _read_r
 .text.__swbuf_r
                0x10007fc4       0xb0 c:/maximsdk/tools/gnutools/10.3/bin/../lib/gcc/arm-none-eabi/10.3.1/../../../../arm-none-eabi/lib/thumb/v7e-m+fp/softfp\libc.a(lib_a-wbuf.o)
                0x10007fc4                __swbuf_r
 .text._wcrtomb_r
                0x10008074       0x3c c:/maximsdk/tools/gnutools/10.3/bin/../lib/gcc/arm-none-eabi/10.3.1/../../../../arm-none-eabi/lib/thumb/v7e-m+fp/softfp\libc.a(lib_a-wcrtomb.o)
                0x10008074                _wcrtomb_r
 .text.__ascii_wctomb
                0x100080b0       0x1c c:/maximsdk/tools/gnutools/10.3/bin/../lib/gcc/arm-none-eabi/10.3.1/../../../../arm-none-eabi/lib/thumb/v7e-m+fp/softfp\libc.a(lib_a-wctomb_r.o)
                0x100080b0                __ascii_wctomb
 .text.abort    0x100080cc       0x10 c:/maximsdk/tools/gnutools/10.3/bin/../lib/gcc/arm-none-eabi/10.3.1/../../../../arm-none-eabi/lib/thumb/v7e-m+fp/softfp\libc.a(lib_a-abort.o)
                0x100080cc                abort
 .text.raise    0x100080dc       0x5c c:/maximsdk/tools/gnutools/10.3/bin/../lib/gcc/arm-none-eabi/10.3.1/../../../../arm-none-eabi/lib/thumb/v7e-m+fp/softfp\libc.a(lib_a-signal.o)
                0x100080dc                raise
 .text._kill_r  0x10008138       0x2c c:/maximsdk/tools/gnutools/10.3/bin/../lib/gcc/arm-none-eabi/10.3.1/../../../../arm-none-eabi/lib/thumb/v7e-m+fp/softfp\libc.a(lib_a-signalr.o)
                0x10008138                _kill_r
 .text._getpid_r
                0x10008164        0x4 c:/maximsdk/tools/gnutools/10.3/bin/../lib/gcc/arm-none-eabi/10.3.1/../../../../arm-none-eabi/lib/thumb/v7e-m+fp/softfp\libc.a(lib_a-signalr.o)
                0x10008164                _getpid_r
 .text._exit    0x10008168        0x4 c:/maximsdk/tools/gnutools/10.3/bin/../lib/gcc/arm-none-eabi/10.3.1/../../../../arm-none-eabi/lib/thumb/v7e-m+fp/softfp\libnosys.a(_exit.o)
                0x10008168                _exit
 .text          0x1000816c      0x378 c:/maximsdk/tools/gnutools/10.3/bin/../lib/gcc/arm-none-eabi/10.3.1/thumb/v7e-m+fp/softfp\libgcc.a(_arm_addsubdf3.o)
                0x1000816c                __aeabi_drsub
                0x10008174                __aeabi_dsub
                0x10008174                __subdf3
                0x10008178                __aeabi_dadd
                0x10008178                __adddf3
                0x100083f0                __floatunsidf
                0x100083f0                __aeabi_ui2d
                0x10008410                __floatsidf
                0x10008410                __aeabi_i2d
                0x10008434                __aeabi_f2d
                0x10008434                __extendsfdf2
                0x10008478                __floatundidf
                0x10008478                __aeabi_ul2d
                0x10008488                __floatdidf
                0x10008488                __aeabi_l2d
 .text          0x100084e4      0x424 c:/maximsdk/tools/gnutools/10.3/bin/../lib/gcc/arm-none-eabi/10.3.1/thumb/v7e-m+fp/softfp\libgcc.a(_arm_muldivdf3.o)
                0x100084e4                __aeabi_dmul
                0x100084e4                __muldf3
                0x10008738                __divdf3
                0x10008738                __aeabi_ddiv
 .text          0x10008908      0x110 c:/maximsdk/tools/gnutools/10.3/bin/../lib/gcc/arm-none-eabi/10.3.1/thumb/v7e-m+fp/softfp\libgcc.a(_arm_cmpdf2.o)
                0x10008908                __gtdf2
                0x10008908                __gedf2
                0x10008910                __ltdf2
                0x10008910                __ledf2
                0x10008918                __nedf2
                0x10008918                __eqdf2
                0x10008918                __cmpdf2
                0x10008994                __aeabi_cdrcmple
                0x100089a4                __aeabi_cdcmpeq
                0x100089a4                __aeabi_cdcmple
                0x100089b4                __aeabi_dcmpeq
                0x100089c8                __aeabi_dcmplt
                0x100089dc                __aeabi_dcmple
                0x100089f0                __aeabi_dcmpge
                0x10008a04                __aeabi_dcmpgt
 .text          0x10008a18       0x2c c:/maximsdk/tools/gnutools/10.3/bin/../lib/gcc/arm-none-eabi/10.3.1/thumb/v7e-m+fp/softfp\libgcc.a(_arm_unorddf2.o)
                0x10008a18                __unorddf2
                0x10008a18                __aeabi_dcmpun
 .text          0x10008a44       0x50 c:/maximsdk/tools/gnutools/10.3/bin/../lib/gcc/arm-none-eabi/10.3.1/thumb/v7e-m+fp/softfp\libgcc.a(_arm_fixdfsi.o)
                0x10008a44                __aeabi_d2iz
                0x10008a44                __fixdfsi
 .text          0x10008a94       0x30 c:/maximsdk/tools/gnutools/10.3/bin/../lib/gcc/arm-none-eabi/10.3.1/thumb/v7e-m+fp/softfp\libgcc.a(_aeabi_uldivmod.o)
                0x10008a94                __aeabi_uldivmod
 .text          0x10008ac4      0x2d0 c:/maximsdk/tools/gnutools/10.3/bin/../lib/gcc/arm-none-eabi/10.3.1/thumb/v7e-m+fp/softfp\libgcc.a(_udivmoddi4.o)
                0x10008ac4                __udivmoddi4
 .text          0x10008d94        0x4 c:/maximsdk/tools/gnutools/10.3/bin/../lib/gcc/arm-none-eabi/10.3.1/thumb/v7e-m+fp/softfp\libgcc.a(_dvmd_tls.o)
                0x10008d94                __aeabi_idiv0
                0x10008d94                __aeabi_ldiv0
 *(.rodata*)
 .rodata.main.str1.4
                0x10008d98      0x16c c:/Users/Vkarra/Documents/GitHub/MAX32666_UART_WakeUp/MAX32666_UART_Wakeup/UART_DeepSleep_WakeUp/build/main.o
 .rodata.gpio_cfg_uart0a_wakeup
                0x10008f04        0xc c:/Users/Vkarra/Documents/GitHub/MAX32666_UART_WakeUp/MAX32666_UART_Wakeup/UART_DeepSleep_WakeUp/build/main.o
                0x10008f04                gpio_cfg_uart0a_wakeup
 .rodata.mxc_assert.str1.4
                0x10008f10       0x19 c:/Users/Vkarra/Documents/GitHub/MAX32666_UART_WakeUp/MAX32666_UART_Wakeup/UART_DeepSleep_WakeUp/build/board.o
 *fill*         0x10008f29        0x3 
 .rodata.Board_Init.str1.4
                0x10008f2c       0x41 c:/Users/Vkarra/Documents/GitHub/MAX32666_UART_WakeUp/MAX32666_UART_Wakeup/UART_DeepSleep_WakeUp/build/board.o
 *fill*         0x10008f6d        0x3 
 .rodata.led_pin
                0x10008f70       0x24 c:/Users/Vkarra/Documents/GitHub/MAX32666_UART_WakeUp/MAX32666_UART_Wakeup/UART_DeepSleep_WakeUp/build/board.o
                0x10008f70                led_pin
 .rodata.num_leds
                0x10008f94        0x4 c:/Users/Vkarra/Documents/GitHub/MAX32666_UART_WakeUp/MAX32666_UART_Wakeup/UART_DeepSleep_WakeUp/build/board.o
                0x10008f94                num_leds
 .rodata.num_pbs
                0x10008f98        0x4 c:/Users/Vkarra/Documents/GitHub/MAX32666_UART_WakeUp/MAX32666_UART_Wakeup/UART_DeepSleep_WakeUp/build/board.o
                0x10008f98                num_pbs
 .rodata.pb_pin
                0x10008f9c        0xc c:/Users/Vkarra/Documents/GitHub/MAX32666_UART_WakeUp/MAX32666_UART_Wakeup/UART_DeepSleep_WakeUp/build/board.o
                0x10008f9c                pb_pin
 .rodata.LED_On.str1.4
                0x10008fa8       0x3b c:/Users/Vkarra/Documents/GitHub/MAX32666_UART_WakeUp/MAX32666_UART_Wakeup/UART_DeepSleep_WakeUp/build/led.o
 *fill*         0x10008fe3        0x1 
 .rodata.MXC_UART_RevA_Init.str1.4
                0x10008fe4       0x77 C:/MaximSDK/Libraries/PeriphDrivers/bin/MAX32665/softfp/libPeriphDriver_softfp.a(uart_reva.o)
 *fill*         0x1000905b        0x1 
 .rodata.gpio_cfg_uart0a
                0x1000905c        0xc C:/MaximSDK/Libraries/PeriphDrivers/bin/MAX32665/softfp/libPeriphDriver_softfp.a(pins_me14.o)
                0x1000905c                gpio_cfg_uart0a
 .rodata.gpio_cfg_uart0b
                0x10009068        0xc C:/MaximSDK/Libraries/PeriphDrivers/bin/MAX32665/softfp/libPeriphDriver_softfp.a(pins_me14.o)
                0x10009068                gpio_cfg_uart0b
 .rodata.gpio_cfg_uart1a
                0x10009074        0xc C:/MaximSDK/Libraries/PeriphDrivers/bin/MAX32665/softfp/libPeriphDriver_softfp.a(pins_me14.o)
                0x10009074                gpio_cfg_uart1a
 .rodata.gpio_cfg_uart1b
                0x10009080        0xc C:/MaximSDK/Libraries/PeriphDrivers/bin/MAX32665/softfp/libPeriphDriver_softfp.a(pins_me14.o)
                0x10009080                gpio_cfg_uart1b
 .rodata.gpio_cfg_uart2a
                0x1000908c        0xc C:/MaximSDK/Libraries/PeriphDrivers/bin/MAX32665/softfp/libPeriphDriver_softfp.a(pins_me14.o)
                0x1000908c                gpio_cfg_uart2a
 .rodata.gpio_cfg_uart2b
                0x10009098        0xc C:/MaximSDK/Libraries/PeriphDrivers/bin/MAX32665/softfp/libPeriphDriver_softfp.a(pins_me14.o)
                0x10009098                gpio_cfg_uart2b
 .rodata.MXC_GPIO_Common_Handler.str1.4
                0x100090a4       0x66 C:/MaximSDK/Libraries/PeriphDrivers/bin/MAX32665/softfp/libPeriphDriver_softfp.a(gpio_common.o)
 *fill*         0x1000910a        0x2 
 .rodata._global_impure_ptr
                0x1000910c        0x4 c:/maximsdk/tools/gnutools/10.3/bin/../lib/gcc/arm-none-eabi/10.3.1/../../../../arm-none-eabi/lib/thumb/v7e-m+fp/softfp\libc.a(lib_a-impure.o)
                0x1000910c                _global_impure_ptr
 .rodata._puts_r.str1.4
                0x10009110       0x66 c:/maximsdk/tools/gnutools/10.3/bin/../lib/gcc/arm-none-eabi/10.3.1/../../../../arm-none-eabi/lib/thumb/v7e-m+fp/softfp\libc.a(lib_a-puts.o)
                                  0x2 (size before relaxing)
 .rodata._vfprintf_r.str1.4
                0x10009110       0x42 c:/maximsdk/tools/gnutools/10.3/bin/../lib/gcc/arm-none-eabi/10.3.1/../../../../arm-none-eabi/lib/thumb/v7e-m+fp/softfp\libc.a(lib_a-vfprintf.o)
 *fill*         0x10009152        0x2 
 .rodata.blanks.1
                0x10009154       0x10 c:/maximsdk/tools/gnutools/10.3/bin/../lib/gcc/arm-none-eabi/10.3.1/../../../../arm-none-eabi/lib/thumb/v7e-m+fp/softfp\libc.a(lib_a-vfprintf.o)
 .rodata.zeroes.0
                0x10009164       0x10 c:/maximsdk/tools/gnutools/10.3/bin/../lib/gcc/arm-none-eabi/10.3.1/../../../../arm-none-eabi/lib/thumb/v7e-m+fp/softfp\libc.a(lib_a-vfprintf.o)
 .rodata._dtoa_r.str1.4
                0x10009174       0xa2 c:/maximsdk/tools/gnutools/10.3/bin/../lib/gcc/arm-none-eabi/10.3.1/../../../../arm-none-eabi/lib/thumb/v7e-m+fp/softfp\libc.a(lib_a-dtoa.o)
                                 0xa6 (size before relaxing)
 *fill*         0x10009216        0x2 
 .rodata.__multadd.str1.4
                0x10009218       0x7f c:/maximsdk/tools/gnutools/10.3/bin/../lib/gcc/arm-none-eabi/10.3.1/../../../../arm-none-eabi/lib/thumb/v7e-m+fp/softfp\libc.a(lib_a-mprec.o)
                                 0x93 (size before relaxing)
 *fill*         0x10009297        0x1 
 .rodata.__mprec_bigtens
                0x10009298       0x28 c:/maximsdk/tools/gnutools/10.3/bin/../lib/gcc/arm-none-eabi/10.3.1/../../../../arm-none-eabi/lib/thumb/v7e-m+fp/softfp\libc.a(lib_a-mprec.o)
                0x10009298                __mprec_bigtens
 .rodata.__mprec_tens
                0x100092c0       0xc8 c:/maximsdk/tools/gnutools/10.3/bin/../lib/gcc/arm-none-eabi/10.3.1/../../../../arm-none-eabi/lib/thumb/v7e-m+fp/softfp\libc.a(lib_a-mprec.o)
                0x100092c0                __mprec_tens
 .rodata.p05.0  0x10009388        0xc c:/maximsdk/tools/gnutools/10.3/bin/../lib/gcc/arm-none-eabi/10.3.1/../../../../arm-none-eabi/lib/thumb/v7e-m+fp/softfp\libc.a(lib_a-mprec.o)
 .rodata._vfiprintf_r.str1.4
                0x10009394       0x2f c:/maximsdk/tools/gnutools/10.3/bin/../lib/gcc/arm-none-eabi/10.3.1/../../../../arm-none-eabi/lib/thumb/v7e-m+fp/softfp\libc.a(lib_a-vfiprintf.o)
 .rodata.blanks.1
                0x10009394       0x10 c:/maximsdk/tools/gnutools/10.3/bin/../lib/gcc/arm-none-eabi/10.3.1/../../../../arm-none-eabi/lib/thumb/v7e-m+fp/softfp\libc.a(lib_a-vfiprintf.o)
 .rodata.zeroes.0
                0x100093a4       0x10 c:/maximsdk/tools/gnutools/10.3/bin/../lib/gcc/arm-none-eabi/10.3.1/../../../../arm-none-eabi/lib/thumb/v7e-m+fp/softfp\libc.a(lib_a-vfiprintf.o)
 .rodata.__assert_func.str1.4
                0x100093b4       0x3f c:/maximsdk/tools/gnutools/10.3/bin/../lib/gcc/arm-none-eabi/10.3.1/../../../../arm-none-eabi/lib/thumb/v7e-m+fp/softfp\libc.a(lib_a-assert.o)
                                 0x43 (size before relaxing)
 *fill*         0x100093f3        0x1 
 .rodata._setlocale_r.str1.4
                0x100093f4        0xa c:/maximsdk/tools/gnutools/10.3/bin/../lib/gcc/arm-none-eabi/10.3.1/../../../../arm-none-eabi/lib/thumb/v7e-m+fp/softfp\libc.a(lib_a-locale.o)
                                  0xd (size before relaxing)
 *fill*         0x100093fe        0x2 
 .rodata.str1.4
                0x10009400        0x2 c:/maximsdk/tools/gnutools/10.3/bin/../lib/gcc/arm-none-eabi/10.3.1/../../../../arm-none-eabi/lib/thumb/v7e-m+fp/softfp\libc.a(lib_a-locale.o)
 *fill*         0x10009402        0x2 
 .rodata._ctype_
                0x10009404      0x101 c:/maximsdk/tools/gnutools/10.3/bin/../lib/gcc/arm-none-eabi/10.3.1/../../../../arm-none-eabi/lib/thumb/v7e-m+fp/softfp\libc.a(lib_a-ctype_.o)
                0x10009404                _ctype_
 *(.init)
 *fill*         0x10009505        0x3 
 .init          0x10009508        0x4 c:/maximsdk/tools/gnutools/10.3/bin/../lib/gcc/arm-none-eabi/10.3.1/thumb/v7e-m+fp/softfp/crti.o
                0x10009508                _init
 .init          0x1000950c        0x8 c:/maximsdk/tools/gnutools/10.3/bin/../lib/gcc/arm-none-eabi/10.3.1/thumb/v7e-m+fp/softfp/crtn.o
 *(.fini)
 .fini          0x10009514        0x4 c:/maximsdk/tools/gnutools/10.3/bin/../lib/gcc/arm-none-eabi/10.3.1/thumb/v7e-m+fp/softfp/crti.o
                0x10009514                _fini
 .fini          0x10009518        0x8 c:/maximsdk/tools/gnutools/10.3/bin/../lib/gcc/arm-none-eabi/10.3.1/thumb/v7e-m+fp/softfp/crtn.o
 *crtbegin.o(.ctors)
 *crtbegin?.o(.ctors)
 *(EXCLUDE_FILE(*crtend.o *crtend?.o) .ctors)
 *(SORT_BY_NAME(.ctors.*))
 *(.ctors)
 *crtbegin.o(.dtors)
 *crtbegin?.o(.dtors)
 *(EXCLUDE_FILE(*crtend.o *crtend?.o) .dtors)
 *(SORT_BY_NAME(.dtors.*))
 *(.dtors)
 *(.eh_frame*)
 .eh_frame      0x10009520        0x0 c:/maximsdk/tools/gnutools/10.3/bin/../lib/gcc/arm-none-eabi/10.3.1/thumb/v7e-m+fp/softfp/crtbegin.o
 .eh_frame      0x10009520        0x4 c:/maximsdk/tools/gnutools/10.3/bin/../lib/gcc/arm-none-eabi/10.3.1/thumb/v7e-m+fp/softfp/crtend.o
                0x10009524                _etext = .

.glue_7         0x10009524        0x0
 .glue_7        0x10009524        0x0 linker stubs

.glue_7t        0x10009524        0x0
 .glue_7t       0x10009524        0x0 linker stubs

.vfp11_veneer   0x10009524        0x0
 .vfp11_veneer  0x10009524        0x0 linker stubs

.v4_bx          0x10009524        0x0
 .v4_bx         0x10009524        0x0 linker stubs

.iplt           0x10009524        0x0
 .iplt          0x10009524        0x0 c:/maximsdk/tools/gnutools/10.3/bin/../lib/gcc/arm-none-eabi/10.3.1/thumb/v7e-m+fp/softfp/crtbegin.o

.ARM.extab
 *(.ARM.extab* .gnu.linkonce.armextab.*)

.xip_section    0x08000000        0x0 load address 0x10009524
 *(.xip_section*)
                0x10009524                __load_start_xip = LOADADDR (.xip_section)
                0x00000000                __load_length_xip = SIZEOF (.xip_section)

.ARM.exidx      0x10009524        0x8
                0x10009524                __exidx_start = .
 *(.ARM.exidx* .gnu.linkonce.armexidx.*)
 .ARM.exidx     0x10009524        0x8 c:/maximsdk/tools/gnutools/10.3/bin/../lib/gcc/arm-none-eabi/10.3.1/thumb/v7e-m+fp/softfp\libgcc.a(_udivmoddi4.o)
                0x1000952c                __exidx_end = .

.rel.dyn        0x1000952c        0x0
 .rel.iplt      0x1000952c        0x0 c:/maximsdk/tools/gnutools/10.3/bin/../lib/gcc/arm-none-eabi/10.3.1/thumb/v7e-m+fp/softfp/crtbegin.o

.data           0x20000000      0x9c4 load address 0x1000952c
                0x20000000                _data = ALIGN (., 0x4)
 *(vtable)
 *(.data*)
 .data.ConsoleUart
                0x20000000        0x4 c:/Users/Vkarra/Documents/GitHub/MAX32666_UART_WakeUp/MAX32666_UART_Wakeup/UART_DeepSleep_WakeUp/build/board.o
                0x20000000                ConsoleUart
 .data.SystemCoreClock
                0x20000004        0x4 c:/Users/Vkarra/Documents/GitHub/MAX32666_UART_WakeUp/MAX32666_UART_Wakeup/UART_DeepSleep_WakeUp/build/system_max32665.o
                0x20000004                SystemCoreClock
 .data.overflows
                0x20000008        0x4 C:/MaximSDK/Libraries/PeriphDrivers/bin/MAX32665/softfp/libPeriphDriver_softfp.a(mxc_delay.o)
 .data._impure_ptr
                0x2000000c        0x4 c:/maximsdk/tools/gnutools/10.3/bin/../lib/gcc/arm-none-eabi/10.3.1/../../../../arm-none-eabi/lib/thumb/v7e-m+fp/softfp\libc.a(lib_a-impure.o)
                0x2000000c                _impure_ptr
 .data.impure_data
                0x20000010      0x428 c:/maximsdk/tools/gnutools/10.3/bin/../lib/gcc/arm-none-eabi/10.3.1/../../../../arm-none-eabi/lib/thumb/v7e-m+fp/softfp\libc.a(lib_a-impure.o)
 .data.__atexit_recursive_mutex
                0x20000438        0x4 c:/maximsdk/tools/gnutools/10.3/bin/../lib/gcc/arm-none-eabi/10.3.1/../../../../arm-none-eabi/lib/thumb/v7e-m+fp/softfp\libc.a(lib_a-__call_atexit.o)
                0x20000438                __atexit_recursive_mutex
 .data.__malloc_av_
                0x2000043c      0x408 c:/maximsdk/tools/gnutools/10.3/bin/../lib/gcc/arm-none-eabi/10.3.1/../../../../arm-none-eabi/lib/thumb/v7e-m+fp/softfp\libc.a(lib_a-mallocr.o)
                0x2000043c                __malloc_av_
 .data.__malloc_sbrk_base
                0x20000844        0x4 c:/maximsdk/tools/gnutools/10.3/bin/../lib/gcc/arm-none-eabi/10.3.1/../../../../arm-none-eabi/lib/thumb/v7e-m+fp/softfp\libc.a(lib_a-mallocr.o)
                0x20000844                __malloc_sbrk_base
 .data.__malloc_trim_threshold
                0x20000848        0x4 c:/maximsdk/tools/gnutools/10.3/bin/../lib/gcc/arm-none-eabi/10.3.1/../../../../arm-none-eabi/lib/thumb/v7e-m+fp/softfp\libc.a(lib_a-mallocr.o)
                0x20000848                __malloc_trim_threshold
 .data.__global_locale
                0x2000084c      0x16c c:/maximsdk/tools/gnutools/10.3/bin/../lib/gcc/arm-none-eabi/10.3.1/../../../../arm-none-eabi/lib/thumb/v7e-m+fp/softfp\libc.a(lib_a-locale.o)
                0x2000084c                __global_locale
 *(.spix_config*)
 *(.flashprog*)
                0x200009b8                . = ALIGN (0x4)
                0x200009b8                PROVIDE (__preinit_array_start = .)
 *(.preinit_array)
                0x200009b8                PROVIDE (__preinit_array_end = .)
                0x200009b8                . = ALIGN (0x4)
                0x200009b8                PROVIDE (__init_array_start = .)
 *(SORT_BY_NAME(.init_array.*))
 .init_array.00000
                0x200009b8        0x4 c:/maximsdk/tools/gnutools/10.3/bin/../lib/gcc/arm-none-eabi/10.3.1/../../../../arm-none-eabi/lib/thumb/v7e-m+fp/softfp\libc.a(lib_a-__call_atexit.o)
 *(.init_array)
 .init_array    0x200009bc        0x4 c:/maximsdk/tools/gnutools/10.3/bin/../lib/gcc/arm-none-eabi/10.3.1/thumb/v7e-m+fp/softfp/crtbegin.o
                0x200009c0                PROVIDE (__init_array_end = .)
                0x200009c0                . = ALIGN (0x4)
                0x200009c0                PROVIDE (__fini_array_start = .)
 *(SORT_BY_NAME(.fini_array.*))
 *(.fini_array)
 .fini_array    0x200009c0        0x4 c:/maximsdk/tools/gnutools/10.3/bin/../lib/gcc/arm-none-eabi/10.3.1/thumb/v7e-m+fp/softfp/crtbegin.o
                0x200009c4                PROVIDE (__fini_array_end = .)
                0x200009c4                _edata = ALIGN (., 0x4)
                0x1000952c                __load_data = LOADADDR (.data)

.igot.plt       0x200009c4        0x0 load address 0x10009ef0
 .igot.plt      0x200009c4        0x0 c:/maximsdk/tools/gnutools/10.3/bin/../lib/gcc/arm-none-eabi/10.3.1/thumb/v7e-m+fp/softfp/crtbegin.o

.pal_nvm_db     0x10100000        0x0
                0x10100000                . = ALIGN (0x2000)
                0x10100000                __pal_nvm_db_start__ = .
                0x10100000                . = (. + _PAL_NVM_SIZE)
                0x10100000                __pal_nvm_db_end__ = .

.otp            0x20000000        0x0
                0x20000000                _otp = ALIGN (., 0x4)
 *(.otp*)
                0x20000000                _eotp = ALIGN (., 0x4)

.arm_shared     0x20000000        0x0
                0x20000000                _arm_shared = ALIGN (., 0x4)
 *(.arm_shared*)
                0x20000000                _earm_shared = ALIGN (., 0x4)

.sdma_shared    0x20000000        0x0
                0x20000000                _sdma_shared = ALIGN (., 0x4)
 *(.sdma_shared*)
                0x20000000                _esdma_shared = ALIGN (., 0x4)

.sdma_code      0x20000000        0x0 load address 0x10009ef0
                0x20000000                _sdma_code = ALIGN (., 0x4)
 *(.sdma_code*)
                0x20000000                _esdma_code = ALIGN (., 0x4)
                0x10009ef0                __load_sdma_code = LOADADDR (.sdma_code)

.sdma_data      0x20000000        0x0 load address 0x10009ef0
                0x20000000                _sdma_data = ALIGN (., 0x4)
 *(.sdma_data*)
                0x20000000                _esdma_data = ALIGN (., 0x4)
                0x10009ef0                __load_sdma_data = LOADADDR (.sdma_data)

.bss            0x200009c4      0x2cc
                0x200009c4                . = ALIGN (0x4)
                0x200009c4                _bss = .
 *(.bss*)
 .bss           0x200009c4       0x1c c:/maximsdk/tools/gnutools/10.3/bin/../lib/gcc/arm-none-eabi/10.3.1/thumb/v7e-m+fp/softfp/crtbegin.o
 .bss.buttonPressed
                0x200009e0        0x4 c:/Users/Vkarra/Documents/GitHub/MAX32666_UART_WakeUp/MAX32666_UART_Wakeup/UART_DeepSleep_WakeUp/build/main.o
                0x200009e0                buttonPressed
 .bss.heap_end  0x200009e4        0x4 c:/Users/Vkarra/Documents/GitHub/MAX32666_UART_WakeUp/MAX32666_UART_Wakeup/UART_DeepSleep_WakeUp/build/heap.o
 .bss.cbFunc    0x200009e8        0x4 C:/MaximSDK/Libraries/PeriphDrivers/bin/MAX32665/softfp/libPeriphDriver_softfp.a(mxc_delay.o)
 .bss.ctrl_save
                0x200009ec        0x4 C:/MaximSDK/Libraries/PeriphDrivers/bin/MAX32665/softfp/libPeriphDriver_softfp.a(mxc_delay.o)
 .bss.endtick   0x200009f0        0x4 C:/MaximSDK/Libraries/PeriphDrivers/bin/MAX32665/softfp/libPeriphDriver_softfp.a(mxc_delay.o)
 .bss.clkcn_state
                0x200009f4        0x4 C:/MaximSDK/Libraries/PeriphDrivers/bin/MAX32665/softfp/libPeriphDriver_softfp.a(lp_me14.o)
                0x200009f4                clkcn_state
 .bss.icc0_state
                0x200009f8        0x4 C:/MaximSDK/Libraries/PeriphDrivers/bin/MAX32665/softfp/libPeriphDriver_softfp.a(lp_me14.o)
                0x200009f8                icc0_state
 .bss.icc1_state
                0x200009fc        0x4 C:/MaximSDK/Libraries/PeriphDrivers/bin/MAX32665/softfp/libPeriphDriver_softfp.a(lp_me14.o)
                0x200009fc                icc1_state
 .bss.TxAsyncRequests
                0x20000a00        0xc C:/MaximSDK/Libraries/PeriphDrivers/bin/MAX32665/softfp/libPeriphDriver_softfp.a(uart_reva.o)
 .bss.states    0x20000a0c       0x3c C:/MaximSDK/Libraries/PeriphDrivers/bin/MAX32665/softfp/libPeriphDriver_softfp.a(uart_reva.o)
                0x20000a0c                states
 .bss.callback  0x20000a48      0x100 C:/MaximSDK/Libraries/PeriphDrivers/bin/MAX32665/softfp/libPeriphDriver_softfp.a(gpio_common.o)
 .bss.cbparam   0x20000b48      0x100 C:/MaximSDK/Libraries/PeriphDrivers/bin/MAX32665/softfp/libPeriphDriver_softfp.a(gpio_common.o)
 .bss.__lock___atexit_recursive_mutex
                0x20000c48        0x1 c:/maximsdk/tools/gnutools/10.3/bin/../lib/gcc/arm-none-eabi/10.3.1/../../../../arm-none-eabi/lib/thumb/v7e-m+fp/softfp\libc.a(lib_a-lock.o)
                0x20000c48                __lock___atexit_recursive_mutex
 *fill*         0x20000c49        0x3 
 .bss.__lock___malloc_recursive_mutex
                0x20000c4c        0x1 c:/maximsdk/tools/gnutools/10.3/bin/../lib/gcc/arm-none-eabi/10.3.1/../../../../arm-none-eabi/lib/thumb/v7e-m+fp/softfp\libc.a(lib_a-lock.o)
                0x20000c4c                __lock___malloc_recursive_mutex
 *fill*         0x20000c4d        0x3 
 .bss.__lock___sfp_recursive_mutex
                0x20000c50        0x1 c:/maximsdk/tools/gnutools/10.3/bin/../lib/gcc/arm-none-eabi/10.3.1/../../../../arm-none-eabi/lib/thumb/v7e-m+fp/softfp\libc.a(lib_a-lock.o)
                0x20000c50                __lock___sfp_recursive_mutex
 *fill*         0x20000c51        0x3 
 .bss.__lock___sinit_recursive_mutex
                0x20000c54        0x1 c:/maximsdk/tools/gnutools/10.3/bin/../lib/gcc/arm-none-eabi/10.3.1/../../../../arm-none-eabi/lib/thumb/v7e-m+fp/softfp\libc.a(lib_a-lock.o)
                0x20000c54                __lock___sinit_recursive_mutex
 *fill*         0x20000c55        0x3 
 .bss.__malloc_current_mallinfo
                0x20000c58       0x28 c:/maximsdk/tools/gnutools/10.3/bin/../lib/gcc/arm-none-eabi/10.3.1/../../../../arm-none-eabi/lib/thumb/v7e-m+fp/softfp\libc.a(lib_a-mallocr.o)
                0x20000c58                __malloc_current_mallinfo
 .bss.__malloc_max_sbrked_mem
                0x20000c80        0x4 c:/maximsdk/tools/gnutools/10.3/bin/../lib/gcc/arm-none-eabi/10.3.1/../../../../arm-none-eabi/lib/thumb/v7e-m+fp/softfp\libc.a(lib_a-mallocr.o)
                0x20000c80                __malloc_max_sbrked_mem
 .bss.__malloc_max_total_mem
                0x20000c84        0x4 c:/maximsdk/tools/gnutools/10.3/bin/../lib/gcc/arm-none-eabi/10.3.1/../../../../arm-none-eabi/lib/thumb/v7e-m+fp/softfp\libc.a(lib_a-mallocr.o)
                0x20000c84                __malloc_max_total_mem
 .bss.__malloc_top_pad
                0x20000c88        0x4 c:/maximsdk/tools/gnutools/10.3/bin/../lib/gcc/arm-none-eabi/10.3.1/../../../../arm-none-eabi/lib/thumb/v7e-m+fp/softfp\libc.a(lib_a-mallocr.o)
                0x20000c88                __malloc_top_pad
 .bss.errno     0x20000c8c        0x4 c:/maximsdk/tools/gnutools/10.3/bin/../lib/gcc/arm-none-eabi/10.3.1/../../../../arm-none-eabi/lib/thumb/v7e-m+fp/softfp\libc.a(lib_a-reent.o)
                0x20000c8c                errno
 *(COMMON)
                0x20000c90                _ebss = ALIGN (., 0x4)
                0x2008c000                __StackTop_Core1 = (ORIGIN (SRAM) + LENGTH (SRAM))
                0x2008c000                __StackLimit_Core1 = DEFINED (Stack_Size_Core1)?(__StackTop_Core1 - Stack_Size_Core1):__StackTop_Core1
                0x2008c000                __StackTop = DEFINED (Stack_Size_Core1)?__StackLimit_Core1:(ORIGIN (SRAM) + LENGTH (SRAM))
                0x2008b000                __StackLimit = (__StackTop - Stack_Size)

.heap           0x20000c90      0xc00
                0x20000c90                . = ALIGN (0x4)
 *(.heap*)
 .heap          0x20000c90      0xc00 c:/Users/Vkarra/Documents/GitHub/MAX32666_UART_WakeUp/MAX32666_UART_Wakeup/UART_DeepSleep_WakeUp/build/startup_max32665.o
                0x20000c90                __HeapBase
                0x2008b000                __HeapLimit = ABSOLUTE (__StackLimit)
                0x2008c000                PROVIDE (__stack = __StackTop)
                0x00000001                ASSERT ((__StackLimit >= _ebss), region RAM overflowed with stack)
OUTPUT(c:/Users/Vkarra/Documents/GitHub/MAX32666_UART_WakeUp/MAX32666_UART_Wakeup/UART_DeepSleep_WakeUp/build/UART_DeepSleep_WakeUp.elf elf32-littlearm)
LOAD linker stubs

.ARM.attributes
                0x00000000       0x2e
 .ARM.attributes
                0x00000000       0x1e c:/maximsdk/tools/gnutools/10.3/bin/../lib/gcc/arm-none-eabi/10.3.1/thumb/v7e-m+fp/softfp/crti.o
 .ARM.attributes
                0x0000001e       0x32 c:/maximsdk/tools/gnutools/10.3/bin/../lib/gcc/arm-none-eabi/10.3.1/thumb/v7e-m+fp/softfp/crtbegin.o
 .ARM.attributes
                0x00000050       0x32 c:/Users/Vkarra/Documents/GitHub/MAX32666_UART_WakeUp/MAX32666_UART_Wakeup/UART_DeepSleep_WakeUp/build/main.o
 .ARM.attributes
                0x00000082       0x32 c:/Users/Vkarra/Documents/GitHub/MAX32666_UART_WakeUp/MAX32666_UART_Wakeup/UART_DeepSleep_WakeUp/build/board.o
 .ARM.attributes
                0x000000b4       0x32 c:/Users/Vkarra/Documents/GitHub/MAX32666_UART_WakeUp/MAX32666_UART_Wakeup/UART_DeepSleep_WakeUp/build/stdio.o
 .ARM.attributes
                0x000000e6       0x32 c:/Users/Vkarra/Documents/GitHub/MAX32666_UART_WakeUp/MAX32666_UART_Wakeup/UART_DeepSleep_WakeUp/build/led.o
 .ARM.attributes
                0x00000118       0x32 c:/Users/Vkarra/Documents/GitHub/MAX32666_UART_WakeUp/MAX32666_UART_Wakeup/UART_DeepSleep_WakeUp/build/pb.o
 .ARM.attributes
                0x0000014a       0x1b c:/Users/Vkarra/Documents/GitHub/MAX32666_UART_WakeUp/MAX32666_UART_Wakeup/UART_DeepSleep_WakeUp/build/startup_max32665.o
 .ARM.attributes
                0x00000165       0x32 c:/Users/Vkarra/Documents/GitHub/MAX32666_UART_WakeUp/MAX32666_UART_Wakeup/UART_DeepSleep_WakeUp/build/heap.o
 .ARM.attributes
                0x00000197       0x32 c:/Users/Vkarra/Documents/GitHub/MAX32666_UART_WakeUp/MAX32666_UART_Wakeup/UART_DeepSleep_WakeUp/build/system_max32665.o
 .ARM.attributes
                0x000001c9       0x30 C:/MaximSDK/Libraries/PeriphDrivers/bin/MAX32665/softfp/libPeriphDriver_softfp.a(mxc_delay.o)
 .ARM.attributes
                0x000001f9       0x30 C:/MaximSDK/Libraries/PeriphDrivers/bin/MAX32665/softfp/libPeriphDriver_softfp.a(sys_me14.o)
 .ARM.attributes
                0x00000229       0x30 C:/MaximSDK/Libraries/PeriphDrivers/bin/MAX32665/softfp/libPeriphDriver_softfp.a(gpio_me14.o)
 .ARM.attributes
                0x00000259       0x30 C:/MaximSDK/Libraries/PeriphDrivers/bin/MAX32665/softfp/libPeriphDriver_softfp.a(gpio_reva.o)
 .ARM.attributes
                0x00000289       0x30 C:/MaximSDK/Libraries/PeriphDrivers/bin/MAX32665/softfp/libPeriphDriver_softfp.a(lp_me14.o)
 .ARM.attributes
                0x000002b9       0x30 C:/MaximSDK/Libraries/PeriphDrivers/bin/MAX32665/softfp/libPeriphDriver_softfp.a(simo_me14.o)
 .ARM.attributes
                0x000002e9       0x30 C:/MaximSDK/Libraries/PeriphDrivers/bin/MAX32665/softfp/libPeriphDriver_softfp.a(simo_reva.o)
 .ARM.attributes
                0x00000319       0x30 C:/MaximSDK/Libraries/PeriphDrivers/bin/MAX32665/softfp/libPeriphDriver_softfp.a(uart_me14.o)
 .ARM.attributes
                0x00000349       0x30 C:/MaximSDK/Libraries/PeriphDrivers/bin/MAX32665/softfp/libPeriphDriver_softfp.a(uart_reva.o)
 .ARM.attributes
                0x00000379       0x30 C:/MaximSDK/Libraries/PeriphDrivers/bin/MAX32665/softfp/libPeriphDriver_softfp.a(pins_me14.o)
 .ARM.attributes
                0x000003a9       0x30 C:/MaximSDK/Libraries/PeriphDrivers/bin/MAX32665/softfp/libPeriphDriver_softfp.a(gpio_common.o)
 .ARM.attributes
                0x000003d9       0x30 C:/MaximSDK/Libraries/PeriphDrivers/bin/MAX32665/softfp/libPeriphDriver_softfp.a(icc_me14.o)
 .ARM.attributes
                0x00000409       0x30 C:/MaximSDK/Libraries/PeriphDrivers/bin/MAX32665/softfp/libPeriphDriver_softfp.a(icc_reva.o)
 .ARM.attributes
                0x00000439       0x30 C:/MaximSDK/Libraries/PeriphDrivers/bin/MAX32665/softfp/libPeriphDriver_softfp.a(uart_common.o)
 .ARM.attributes
                0x00000469       0x32 c:/maximsdk/tools/gnutools/10.3/bin/../lib/gcc/arm-none-eabi/10.3.1/../../../../arm-none-eabi/lib/thumb/v7e-m+fp/softfp\libc.a(lib_a-errno.o)
 .ARM.attributes
                0x0000049b       0x32 c:/maximsdk/tools/gnutools/10.3/bin/../lib/gcc/arm-none-eabi/10.3.1/../../../../arm-none-eabi/lib/thumb/v7e-m+fp/softfp\libc.a(lib_a-fwrite.o)
 .ARM.attributes
                0x000004cd       0x32 c:/maximsdk/tools/gnutools/10.3/bin/../lib/gcc/arm-none-eabi/10.3.1/../../../../arm-none-eabi/lib/thumb/v7e-m+fp/softfp\libc.a(lib_a-impure.o)
 .ARM.attributes
                0x000004ff       0x32 c:/maximsdk/tools/gnutools/10.3/bin/../lib/gcc/arm-none-eabi/10.3.1/../../../../arm-none-eabi/lib/thumb/v7e-m+fp/softfp\libc.a(lib_a-init.o)
 .ARM.attributes
                0x00000531       0x32 c:/maximsdk/tools/gnutools/10.3/bin/../lib/gcc/arm-none-eabi/10.3.1/../../../../arm-none-eabi/lib/thumb/v7e-m+fp/softfp\libc.a(lib_a-lock.o)
 .ARM.attributes
                0x00000563       0x1c c:/maximsdk/tools/gnutools/10.3/bin/../lib/gcc/arm-none-eabi/10.3.1/../../../../arm-none-eabi/lib/thumb/v7e-m+fp/softfp\libc.a(lib_a-memcpy.o)
 .ARM.attributes
                0x0000057f       0x32 c:/maximsdk/tools/gnutools/10.3/bin/../lib/gcc/arm-none-eabi/10.3.1/../../../../arm-none-eabi/lib/thumb/v7e-m+fp/softfp\libc.a(lib_a-memset.o)
 .ARM.attributes
                0x000005b1       0x32 c:/maximsdk/tools/gnutools/10.3/bin/../lib/gcc/arm-none-eabi/10.3.1/../../../../arm-none-eabi/lib/thumb/v7e-m+fp/softfp\libc.a(lib_a-printf.o)
 .ARM.attributes
                0x000005e3       0x32 c:/maximsdk/tools/gnutools/10.3/bin/../lib/gcc/arm-none-eabi/10.3.1/../../../../arm-none-eabi/lib/thumb/v7e-m+fp/softfp\libc.a(lib_a-puts.o)
 .ARM.attributes
                0x00000615       0x1c c:/maximsdk/tools/gnutools/10.3/bin/../lib/gcc/arm-none-eabi/10.3.1/../../../../arm-none-eabi/lib/thumb/v7e-m+fp/softfp\libc.a(lib_a-strlen.o)
 .ARM.attributes
                0x00000631       0x32 c:/maximsdk/tools/gnutools/10.3/bin/../lib/gcc/arm-none-eabi/10.3.1/../../../../arm-none-eabi/lib/thumb/v7e-m+fp/softfp\libc.a(lib_a-vfprintf.o)
 .ARM.attributes
                0x00000663       0x32 c:/maximsdk/tools/gnutools/10.3/bin/../lib/gcc/arm-none-eabi/10.3.1/../../../../arm-none-eabi/lib/thumb/v7e-m+fp/softfp\libc.a(lib_a-wsetup.o)
 .ARM.attributes
                0x00000695       0x32 c:/maximsdk/tools/gnutools/10.3/bin/../lib/gcc/arm-none-eabi/10.3.1/../../../../arm-none-eabi/lib/thumb/v7e-m+fp/softfp\libc.a(lib_a-__call_atexit.o)
 .ARM.attributes
                0x000006c7       0x32 c:/maximsdk/tools/gnutools/10.3/bin/../lib/gcc/arm-none-eabi/10.3.1/../../../../arm-none-eabi/lib/thumb/v7e-m+fp/softfp\libc.a(lib_a-atexit.o)
 .ARM.attributes
                0x000006f9       0x32 c:/maximsdk/tools/gnutools/10.3/bin/../lib/gcc/arm-none-eabi/10.3.1/../../../../arm-none-eabi/lib/thumb/v7e-m+fp/softfp\libc.a(lib_a-dtoa.o)
 .ARM.attributes
                0x0000072b       0x32 c:/maximsdk/tools/gnutools/10.3/bin/../lib/gcc/arm-none-eabi/10.3.1/../../../../arm-none-eabi/lib/thumb/v7e-m+fp/softfp\libc.a(lib_a-fflush.o)
 .ARM.attributes
                0x0000075d       0x32 c:/maximsdk/tools/gnutools/10.3/bin/../lib/gcc/arm-none-eabi/10.3.1/../../../../arm-none-eabi/lib/thumb/v7e-m+fp/softfp\libc.a(lib_a-findfp.o)
 .ARM.attributes
                0x0000078f       0x32 c:/maximsdk/tools/gnutools/10.3/bin/../lib/gcc/arm-none-eabi/10.3.1/../../../../arm-none-eabi/lib/thumb/v7e-m+fp/softfp\libc.a(lib_a-fini.o)
 .ARM.attributes
                0x000007c1       0x32 c:/maximsdk/tools/gnutools/10.3/bin/../lib/gcc/arm-none-eabi/10.3.1/../../../../arm-none-eabi/lib/thumb/v7e-m+fp/softfp\libc.a(lib_a-freer.o)
 .ARM.attributes
                0x000007f3       0x32 c:/maximsdk/tools/gnutools/10.3/bin/../lib/gcc/arm-none-eabi/10.3.1/../../../../arm-none-eabi/lib/thumb/v7e-m+fp/softfp\libc.a(lib_a-fvwrite.o)
 .ARM.attributes
                0x00000825       0x32 c:/maximsdk/tools/gnutools/10.3/bin/../lib/gcc/arm-none-eabi/10.3.1/../../../../arm-none-eabi/lib/thumb/v7e-m+fp/softfp\libc.a(lib_a-fwalk.o)
 .ARM.attributes
                0x00000857       0x32 c:/maximsdk/tools/gnutools/10.3/bin/../lib/gcc/arm-none-eabi/10.3.1/../../../../arm-none-eabi/lib/thumb/v7e-m+fp/softfp\libc.a(lib_a-localeconv.o)